******************************************************************************
                  TI ARM Linker PC v5.1.6                      
******************************************************************************
>> Linked Mon Dec 22 21:48:52 2014

OUTPUT FILE NAME:   <Buddy_MotorEncoder_R4.out>
ENTRY POINT SYMBOL: "_c_int00"  address: 00007c3c


MEMORY CONFIGURATION

         name            origin    length      used     unused   attr    fill
----------------------  --------  ---------  --------  --------  ----  --------
  VECTORS               00000000   00000020  00000020  00000000     X
  FLASH0                00000020   0005ffe0  00009608  000569d8  R  X
  STACKS                08000000   00001500  00000000  00001500  RW  
  RAM                   08001500   00006b00  0000012d  000069d3  RW  


SEGMENT ALLOCATION MAP

run origin  load origin   length   init length attrs members
----------  ----------- ---------- ----------- ----- -------
00000000    00000000    00009628   00009628    r-x
  00000000    00000000    00000020   00000020    r-x .intvecs
  00000020    00000020    00009314   00009314    r-x .text
  00009334    00009334    00000294   00000294    r-- .const
  000095c8    000095c8    00000060   00000060    r-- .cinit
08001500    08001500    00000130   00000000    rw-
  08001500    08001500    000000dd   00000000    rw- .bss
  080015e0    080015e0    00000050   00000000    rw- .data


SECTION ALLOCATION MAP

 output                                  attributes/
section   page    origin      length       input sections
--------  ----  ----------  ----------   ----------------
.intvecs   0    00000000    00000020     
                  00000000    00000020     sys_intvecs.obj (.intvecs)

.text      0    00000020    00009314     
                  00000020    000024ec     sys_selftest.obj (.text)
                  0000250c    00001714     rtsv7R4_A_le_eabi.lib : _printfi.obj (.text)
                  00003c20    00000c30     eqep.obj (.text)
                  00004850    00000a64     system.obj (.text)
                  000052b4    00000894     sys_vim.obj (.text)
                  00005b48    00000678     sci.obj (.text)
                  000061c0    00000634     esm.obj (.text)
                  000067f4    00000384     sci.obj (.text:retain)
                  00006b78    0000036c     gio.obj (.text)
                  00006ee4    00000340     sys_core.obj (.text)
                  00007224    000002e0     notification.obj (.text)
                  00007504    000002b8     rtsv7R4_A_le_eabi.lib : ull_div32.obj (.text)
                  000077bc    0000026c     sys_vim.obj (.text:retain)
                  00007a28    00000214     rtsv7R4_A_le_eabi.lib : fd_add32.obj (.text)
                  00007c3c    000001fc     sys_startup.obj (.text:retain)
                  00007e38    00000194     MotorStateMachine.obj (.text)
                  00007fcc    00000190     rtsv7R4_A_le_eabi.lib : fd_div32.obj (.text)
                  0000815c    00000180                           : memcpy32.obj (.text)
                  000082dc    00000154     pinmux.obj (.text)
                  00008430    00000130     esm.obj (.text:retain)
                  00008560    00000128     rtsv7R4_A_le_eabi.lib : fd_mul32.obj (.text)
                  00008688    00000114     sys_pmu.obj (.text)
                  0000879c    000000e8     dabort.obj (.text)
                  00008884    000000e0     rtsv7R4_A_le_eabi.lib : fd_cmp32.obj (.text:__aeabi_cdcmple)
                  00008964    000000e0                           : fd_cmp32.obj (.text:__aeabi_cdrcmple)
                  00008a44    000000d4                           : auto_init.obj (.text)
                  00008b18    000000b0                           : memset32.obj (.text)
                  00008bc8    000000a8                           : sprintf.obj (.text)
                  00008c70    00000098                           : copy_decompress_rle.obj (.text)
                  00008d08    00000084                           : atoi.obj (.text)
                  00008d8c    00000084                           : xdtest.obj (.text)
                  00008e10    00000080                           : cpy_tbl.obj (.text)
                  00008e90    00000080                           : ltoa.obj (.text)
                  00008f10    00000078                           : exit.obj (.text)
                  00008f88    00000070     sys_main.obj (.text)
                  00008ff8    0000005c     rtsv7R4_A_le_eabi.lib : fd_toi32.obj (.text)
                  00009054    0000005c                           : fd_tou32.obj (.text)
                  000090b0    00000058     eqep.obj (.text:retain)
                  00009108    00000058     rtsv7R4_A_le_eabi.lib : i_div32.obj (.text)
                  00009160    00000054                           : u_div32.obj (.text)
                  000091b4    0000004c     gio.obj (.text:retain)
                  00009200    0000003c     rtsv7R4_A_le_eabi.lib : i_tofd32.obj (.text)
                  0000923c    00000034                           : u_tofd32.obj (.text)
                  00009270    0000002c                           : memccpy.obj (.text)
                  0000929c    00000024                           : _lock.obj (.text)
                  000092c0    00000020                           : copy_zero_init.obj (.text:decompress:ZI)
                  000092e0    00000020                           : strlen.obj (.text)
                  00009300    00000014                           : copy_decompress_none.obj (.text:decompress:none)
                  00009314    00000014                           : xdclass.obj (.text)
                  00009328    00000008                           : copy_decompress_rle.obj (.text:decompress:rle24)
                  00009330    00000004     sys_phantom.obj (.text:retain)

.const     0    00009334    00000294     
                  00009334    00000180     sys_vim.obj (.const:s_vim_init)
                  000094b4    00000104     rtsv7R4_A_le_eabi.lib : ctype.obj (.const:.string:_ctypes_)
                  000095b8    00000010     MotorStateMachine.obj (.const:.string)

.cinit     0    000095c8    00000060     
                  000095c8    00000039     (.cinit..data.load) [load image, compression = rle]
                  00009601    00000003     --HOLE-- [fill = 0]
                  00009604    0000000c     (__TI_handler_table)
                  00009610    00000008     (.cinit..bss.load) [load image, compression = zero_init]
                  00009618    00000010     (__TI_cinit_table)

.bss       0    08001500    000000dd     UNINITIALIZED
                  08001500    00000064     notification.obj (.bss:command)
                  08001564    00000064     sys_main.obj (.bss:command)
                  080015c8    00000014     (.common:g_sciTransfer_t)
                  080015dc    00000001     (.common:a$1)

.data      0    080015e0    00000050     UNINITIALIZED
                  080015e0    00000040     MotorStateMachine.obj (.data)
                  08001620    00000008     rtsv7R4_A_le_eabi.lib : _lock.obj (.data)
                  08001628    00000008                           : exit.obj (.data)


LINKER GENERATED COPY TABLES

__TI_cinit_table @ 00009618 records: 2, size/record: 8, table size: 16
	.data: load addr=000095c8, load size=00000039 bytes, run addr=080015e0, run size=00000050 bytes, compression=rle
	.bss: load addr=00009610, load size=00000008 bytes, run addr=08001500, run size=000000dd bytes, compression=zero_init


LINKER GENERATED HANDLER TABLE

__TI_handler_table @ 00009604 records: 3, size/record: 4, table size: 12
	index: 0, handler: __TI_zero_init
	index: 1, handler: __TI_decompress_rle24
	index: 2, handler: __TI_decompress_none


GLOBAL SYMBOLS: SORTED ALPHABETICALLY BY Name 

address    name
--------   ----
00008f10   C$$EXIT
080015e0   LeftMotor
00003c20   QEPInit
08001600   RightMotor
UNDEFED    SHT$$INIT_ARRAY$$Base
UNDEFED    SHT$$INIT_ARRAY$$Limit
00009314   _Dclass
00008d8c   _Dtest
00009618   __TI_CINIT_Base
00009628   __TI_CINIT_Limit
00009604   __TI_Handler_Table_Base
00009610   __TI_Handler_Table_Limit
0000721c   __TI_PINIT_Base
00007220   __TI_PINIT_Limit
00008a44   __TI_auto_init
08001628   __TI_cleanup_ptr
00009300   __TI_decompress_none
00009328   __TI_decompress_rle24
0800162c   __TI_dtors_ptr
00003718   __TI_printfi
00000000   __TI_static_base__
000092c0   __TI_zero_init
00008884   __aeabi_cdcmpeq
00008884   __aeabi_cdcmple
00008964   __aeabi_cdrcmple
00008ff8   __aeabi_d2iz
00009054   __aeabi_d2uiz
00007a34   __aeabi_dadd
00007fcc   __aeabi_ddiv
00008560   __aeabi_dmul
00007a28   __aeabi_dsub
00009200   __aeabi_i2d
00009108   __aeabi_idivmod
00008b18   __aeabi_memclr
00008b18   __aeabi_memclr4
00008b18   __aeabi_memclr8
0000815c   __aeabi_memcpy
0000815c   __aeabi_memcpy4
0000815c   __aeabi_memcpy8
00008b1c   __aeabi_memset
00008b1c   __aeabi_memset4
00008b1c   __aeabi_memset8
0000923c   __aeabi_ui2d
00009160   __aeabi_uidivmod
00007504   __aeabi_uldivmod
ffffffff   __binit__
ffffffff   __c_args__
00007c3c   _c_int00
0000712c   _coreClearAuxiliaryDataFault_
00007148   _coreClearAuxiliaryInstructionFault_
000070f4   _coreClearDataFaultAddress_
000070bc   _coreClearDataFault_
00007110   _coreClearInstructionFaultAddress_
000070d8   _coreClearInstructionFault_
00007020   _coreDisableEventBusExport_
00007084   _coreDisableFlashEcc_
00007050   _coreDisableRamEcc_
00007008   _coreEnableEventBusExport_
00007068   _coreEnableFlashEcc_
0000709c   _coreEnableIrqVicOffset_
00007038   _coreEnableRamEcc_
00007124   _coreGetAuxiliaryDataFault_
00007140   _coreGetAuxiliaryInstructionFault_
000070ec   _coreGetDataFaultAddress_
000070b4   _coreGetDataFault_
00007108   _coreGetInstructionFaultAddress_
000070d0   _coreGetInstructionFault_
00006ee4   _coreInitRegisters_
00006f9c   _coreInitStackPointer_
000094b4   _ctypes_
0000879c   _dabort
00007164   _disable_FIQ_interrupt_
0000716c   _disable_IRQ_interrupt_
0000715c   _disable_interrupt_
00007174   _enable_interrupt_
00007204   _errata_CORTEXR4_66_
0000717c   _esmCcmErrorsClear_
00006fe8   _getCPSRValue_
00006ff0   _gotoCPUIdle_
08001620   _lock
000092b4   _nop
000086f0   _pmuDisableCountersGlobal_
000086d8   _pmuEnableCountersGlobal_
00008770   _pmuGetCycleCount_
00008778   _pmuGetEventCount_
00008788   _pmuGetOverflow_
00008688   _pmuInit_
00008738   _pmuResetCounters_
00008708   _pmuResetCycleCounter_
00008720   _pmuResetEventCounters_
00008760   _pmuSetCountEvent_
00008750   _pmuStartCounters_
00008758   _pmuStopCounters_
000092a8   _register_lock
0000929c   _register_unlock
08001624   _unlock
00008f18   abort
00000fe4   adc1ParityCheck
00008d08   atoi
ffffffff   binit
0000109c   can1ParityCheck
00001178   can2ParityCheck
00000030   ccmSelfCheck
00002024   ccmr4GetConfigValue
00000918   checkB0RAMECC
00000b08   checkB1RAMECC
000015e4   checkClockMonitor
00000cf8   checkFlashECC
000016b8   checkFlashEEPROMECC
00001860   checkPLL1Slip
0000197c   checkRAMAddrParity
0000139c   checkRAMECC
00001a94   checkRAMUERRTest
0000079c   checkefcSelfTest
00008e10   copy_in
00000234   cpuSelfTest
00000ddc   cpuSelfTestFail
00000dd4   custom_dabort
0000241c   disableParity
00000640   efcCheck
00001f8c   efcGetConfigValue
00000774   efcSelfTest
000006c8   efcStuckZeroTest
000023d0   enableParity
000046d0   eqep1GetConfigValue
00003cf0   eqepClearAllInterruptFlags
00003d0c   eqepClearInterruptFlag
00003d34   eqepClearPosnCounter
00003d50   eqepDisableAllInterrupts
00003d6c   eqepDisableCapture
00003d8c   eqepDisableGateIndex
00003db0   eqepDisableInterrupt
00003de0   eqepDisablePosnCompare
00003e04   eqepDisablePosnCompareShadow
00003e24   eqepDisableSyncOut
00003e48   eqepDisableUnitTimer
00003e6c   eqepDisableWatchdog
00003e90   eqepEnableCapture
00003eb0   eqepEnableCounter
00003ed0   eqepEnableGateIndex
00003ef0   eqepEnableInterrupt
00003f18   eqepEnablePosnCompare
00003f38   eqepEnablePosnCompareShadow
00003f58   eqepEnableSyncOut
00003f78   eqepEnableUnitTimer
00003f98   eqepEnableWatchdog
00003fb8   eqepForceInterrupt
000090b0   eqepInterrupt
00007498   eqepNotification
00003fe0   eqepReadCapturePeriodLatch
00003ff8   eqepReadCaptureTimerLatch
00004010   eqepReadInterruptFlag
00004034   eqepReadPosnCompare
0000404c   eqepReadPosnCount
00004064   eqepReadPosnIndexLatch
0000407c   eqepReadPosnLatch
00004094   eqepReadPosnStrobeLatch
000040ac   eqepReadStatus
000040c4   eqepResetCounter
00004600   eqepSetAPolarity
0000463c   eqepSetBPolarity
000040e8   eqepSetCaptureLatchMode
00004124   eqepSetCapturePeriod
00004144   eqepSetCapturePrescale
00004180   eqepSetEmuControl
000041b8   eqepSetExtClockRate
000041f4   eqepSetIndexEventInit
00004230   eqepSetIndexEventLatch
0000426c   eqepSetIndexPolarity
000042a8   eqepSetMaxPosnCount
000042c8   eqepSetPosnComparePulseWidth
0000430c   eqepSetPosnCompareShadowLoad
00004348   eqepSetPosnCountResetMode
00004384   eqepSetPosnInitCount
00004678   eqepSetQEPSource
000043a4   eqepSetSelectSyncPin
000043e0   eqepSetSoftInit
0000441c   eqepSetStrobeEventInit
00004458   eqepSetStrobeEventLatch
00004494   eqepSetStrobePolarity
000044d0   eqepSetSwapQuadInputs
0000450c   eqepSetSynchOutputComparePolarity
00004548   eqepSetUnitPeriod
00004568   eqepSetUnitPosnPrescale
000045a4   eqepSetWatchdogPeriod
000045c4   eqepSetupStrobeEventLatch
000046b0   eqepWritePosnCompare
000020a0   errata_PBIST_4
00006370   esmActivateNormalOperation
0000645c   esmClearStatus
0000649c   esmClearStatusBuffer
00006334   esmDisableError
000063ac   esmDisableInterrupt
00006308   esmEnableError
00006380   esmEnableInterrupt
000065bc   esmEnterSelfTest
000062ec   esmError
00006694   esmGetConfigValue
000064e8   esmGetStatus
0000655c   esmGetStatusBuffer
00007224   esmGroup1Notification
00007234   esmGroup2Notification
00008430   esmHighInterrupt
000061c0   esmInit
00006644   esmSelfTestStatus
000064c8   esmSetCounterPreloadValue
000063d8   esmSetInterruptLevel
00006360   esmTriggerErrorPinReset
00008f24   exit
00001bf0   fmcBus1ParityCheck
0000083c   fmcBus2Check
00000878   fmcECCcheck
00007f2c   getDirection
00007f68   getTicks
00006d70   gioDisableNotification
00006d34   gioEnableNotification
00006c9c   gioGetBit
00006dac   gioGetConfigValue
00006cc4   gioGetPort
000091b4   gioHighLevelInterrupt
00006b78   gioInit
0000727c   gioNotification
00006c2c   gioSetBit
00006c0c   gioSetDirection
00006c7c   gioSetPort
00006cdc   gioToggleBit
00000e8c   het1ParityCheck
00000f2c   htu1ParityCheck
00007e38   initMotor
0000699c   linHighLevelInterrupt
000067f4   linLowLevelInterrupt
00008e90   ltoa
00008f88   main
0000497c   mapClocks
00009270   memccpy
0000815c   memcpy
00000174   memoryInit
00007244   memoryPort0TestFailNotification
00007260   memoryPort1TestFailNotification
00008b28   memset
00001240   mibspi1ParityCheck
000082dc   muxInit
00007e9c   nextState
00001d1c   pbistFail
00001da4   pbistGetConfigValue
000005a8   pbistIsTestCompleted
000005c4   pbistIsTestPassed
000005f8   pbistPortTestStatus
000004ac   pbistRun
000002cc   pbistSelfCheck
00000578   pbistStop
00004928   periphInit
00009330   phantomInterrupt
00008364   pinmuxGetConfigValue
00000000   resetEntry
00005f74   sciDisableLoopback
00005fcc   sciDisableNotification
00005f40   sciEnableLoopback
00005f90   sciEnableNotification
00005b48   sciInit
00005e28   sciIsIdleDetected
00005e0c   sciIsRxReady
00005cec   sciIsTxReady
00007340   sciNotification
00005ea0   sciReceive
00005e74   sciReceiveByte
00005e44   sciRxError
00005d38   sciSend
00005d08   sciSendByte
00005c54   sciSetBaudrate
00005c34   sciSetFunctional
00006010   scilinGetConfigValue
00000020   selftestFailNotification
00007f88   sendTicks
000048e8   setupFlash
00004850   setupPLL
00008bc8   sprintf
000050c8   sramGetConfigValue
00001eec   stcGetConfigValue
000001b8   stcSelfCheck
00000dd8   stcSelfCheckFail
000092e0   strlen
00004b5c   systemGetConfigValue
00004a60   systemInit
00004b2c   systemPowerDown
00004f1c   tcmflashGetConfigValue
000048a0   trimLPO
00005388   vimChannelMap
0000557c   vimDisableInterrupt
00005424   vimEnableInterrupt
00005600   vimGetConfigValue
000052b4   vimInit
00000de0   vimParityCheck
000077bc   vimParityErrorHandler


GLOBAL SYMBOLS: SORTED BY Symbol Address 

address    name
--------   ----
00000000   __TI_static_base__
00000000   resetEntry
00000020   selftestFailNotification
00000030   ccmSelfCheck
00000174   memoryInit
000001b8   stcSelfCheck
00000234   cpuSelfTest
000002cc   pbistSelfCheck
000004ac   pbistRun
00000578   pbistStop
000005a8   pbistIsTestCompleted
000005c4   pbistIsTestPassed
000005f8   pbistPortTestStatus
00000640   efcCheck
000006c8   efcStuckZeroTest
00000774   efcSelfTest
0000079c   checkefcSelfTest
0000083c   fmcBus2Check
00000878   fmcECCcheck
00000918   checkB0RAMECC
00000b08   checkB1RAMECC
00000cf8   checkFlashECC
00000dd4   custom_dabort
00000dd8   stcSelfCheckFail
00000ddc   cpuSelfTestFail
00000de0   vimParityCheck
00000e8c   het1ParityCheck
00000f2c   htu1ParityCheck
00000fe4   adc1ParityCheck
0000109c   can1ParityCheck
00001178   can2ParityCheck
00001240   mibspi1ParityCheck
0000139c   checkRAMECC
000015e4   checkClockMonitor
000016b8   checkFlashEEPROMECC
00001860   checkPLL1Slip
0000197c   checkRAMAddrParity
00001a94   checkRAMUERRTest
00001bf0   fmcBus1ParityCheck
00001d1c   pbistFail
00001da4   pbistGetConfigValue
00001eec   stcGetConfigValue
00001f8c   efcGetConfigValue
00002024   ccmr4GetConfigValue
000020a0   errata_PBIST_4
000023d0   enableParity
0000241c   disableParity
00003718   __TI_printfi
00003c20   QEPInit
00003cf0   eqepClearAllInterruptFlags
00003d0c   eqepClearInterruptFlag
00003d34   eqepClearPosnCounter
00003d50   eqepDisableAllInterrupts
00003d6c   eqepDisableCapture
00003d8c   eqepDisableGateIndex
00003db0   eqepDisableInterrupt
00003de0   eqepDisablePosnCompare
00003e04   eqepDisablePosnCompareShadow
00003e24   eqepDisableSyncOut
00003e48   eqepDisableUnitTimer
00003e6c   eqepDisableWatchdog
00003e90   eqepEnableCapture
00003eb0   eqepEnableCounter
00003ed0   eqepEnableGateIndex
00003ef0   eqepEnableInterrupt
00003f18   eqepEnablePosnCompare
00003f38   eqepEnablePosnCompareShadow
00003f58   eqepEnableSyncOut
00003f78   eqepEnableUnitTimer
00003f98   eqepEnableWatchdog
00003fb8   eqepForceInterrupt
00003fe0   eqepReadCapturePeriodLatch
00003ff8   eqepReadCaptureTimerLatch
00004010   eqepReadInterruptFlag
00004034   eqepReadPosnCompare
0000404c   eqepReadPosnCount
00004064   eqepReadPosnIndexLatch
0000407c   eqepReadPosnLatch
00004094   eqepReadPosnStrobeLatch
000040ac   eqepReadStatus
000040c4   eqepResetCounter
000040e8   eqepSetCaptureLatchMode
00004124   eqepSetCapturePeriod
00004144   eqepSetCapturePrescale
00004180   eqepSetEmuControl
000041b8   eqepSetExtClockRate
000041f4   eqepSetIndexEventInit
00004230   eqepSetIndexEventLatch
0000426c   eqepSetIndexPolarity
000042a8   eqepSetMaxPosnCount
000042c8   eqepSetPosnComparePulseWidth
0000430c   eqepSetPosnCompareShadowLoad
00004348   eqepSetPosnCountResetMode
00004384   eqepSetPosnInitCount
000043a4   eqepSetSelectSyncPin
000043e0   eqepSetSoftInit
0000441c   eqepSetStrobeEventInit
00004458   eqepSetStrobeEventLatch
00004494   eqepSetStrobePolarity
000044d0   eqepSetSwapQuadInputs
0000450c   eqepSetSynchOutputComparePolarity
00004548   eqepSetUnitPeriod
00004568   eqepSetUnitPosnPrescale
000045a4   eqepSetWatchdogPeriod
000045c4   eqepSetupStrobeEventLatch
00004600   eqepSetAPolarity
0000463c   eqepSetBPolarity
00004678   eqepSetQEPSource
000046b0   eqepWritePosnCompare
000046d0   eqep1GetConfigValue
00004850   setupPLL
000048a0   trimLPO
000048e8   setupFlash
00004928   periphInit
0000497c   mapClocks
00004a60   systemInit
00004b2c   systemPowerDown
00004b5c   systemGetConfigValue
00004f1c   tcmflashGetConfigValue
000050c8   sramGetConfigValue
000052b4   vimInit
00005388   vimChannelMap
00005424   vimEnableInterrupt
0000557c   vimDisableInterrupt
00005600   vimGetConfigValue
00005b48   sciInit
00005c34   sciSetFunctional
00005c54   sciSetBaudrate
00005cec   sciIsTxReady
00005d08   sciSendByte
00005d38   sciSend
00005e0c   sciIsRxReady
00005e28   sciIsIdleDetected
00005e44   sciRxError
00005e74   sciReceiveByte
00005ea0   sciReceive
00005f40   sciEnableLoopback
00005f74   sciDisableLoopback
00005f90   sciEnableNotification
00005fcc   sciDisableNotification
00006010   scilinGetConfigValue
000061c0   esmInit
000062ec   esmError
00006308   esmEnableError
00006334   esmDisableError
00006360   esmTriggerErrorPinReset
00006370   esmActivateNormalOperation
00006380   esmEnableInterrupt
000063ac   esmDisableInterrupt
000063d8   esmSetInterruptLevel
0000645c   esmClearStatus
0000649c   esmClearStatusBuffer
000064c8   esmSetCounterPreloadValue
000064e8   esmGetStatus
0000655c   esmGetStatusBuffer
000065bc   esmEnterSelfTest
00006644   esmSelfTestStatus
00006694   esmGetConfigValue
000067f4   linLowLevelInterrupt
0000699c   linHighLevelInterrupt
00006b78   gioInit
00006c0c   gioSetDirection
00006c2c   gioSetBit
00006c7c   gioSetPort
00006c9c   gioGetBit
00006cc4   gioGetPort
00006cdc   gioToggleBit
00006d34   gioEnableNotification
00006d70   gioDisableNotification
00006dac   gioGetConfigValue
00006ee4   _coreInitRegisters_
00006f9c   _coreInitStackPointer_
00006fe8   _getCPSRValue_
00006ff0   _gotoCPUIdle_
00007008   _coreEnableEventBusExport_
00007020   _coreDisableEventBusExport_
00007038   _coreEnableRamEcc_
00007050   _coreDisableRamEcc_
00007068   _coreEnableFlashEcc_
00007084   _coreDisableFlashEcc_
0000709c   _coreEnableIrqVicOffset_
000070b4   _coreGetDataFault_
000070bc   _coreClearDataFault_
000070d0   _coreGetInstructionFault_
000070d8   _coreClearInstructionFault_
000070ec   _coreGetDataFaultAddress_
000070f4   _coreClearDataFaultAddress_
00007108   _coreGetInstructionFaultAddress_
00007110   _coreClearInstructionFaultAddress_
00007124   _coreGetAuxiliaryDataFault_
0000712c   _coreClearAuxiliaryDataFault_
00007140   _coreGetAuxiliaryInstructionFault_
00007148   _coreClearAuxiliaryInstructionFault_
0000715c   _disable_interrupt_
00007164   _disable_FIQ_interrupt_
0000716c   _disable_IRQ_interrupt_
00007174   _enable_interrupt_
0000717c   _esmCcmErrorsClear_
00007204   _errata_CORTEXR4_66_
0000721c   __TI_PINIT_Base
00007220   __TI_PINIT_Limit
00007224   esmGroup1Notification
00007234   esmGroup2Notification
00007244   memoryPort0TestFailNotification
00007260   memoryPort1TestFailNotification
0000727c   gioNotification
00007340   sciNotification
00007498   eqepNotification
00007504   __aeabi_uldivmod
000077bc   vimParityErrorHandler
00007a28   __aeabi_dsub
00007a34   __aeabi_dadd
00007c3c   _c_int00
00007e38   initMotor
00007e9c   nextState
00007f2c   getDirection
00007f68   getTicks
00007f88   sendTicks
00007fcc   __aeabi_ddiv
0000815c   __aeabi_memcpy
0000815c   __aeabi_memcpy4
0000815c   __aeabi_memcpy8
0000815c   memcpy
000082dc   muxInit
00008364   pinmuxGetConfigValue
00008430   esmHighInterrupt
00008560   __aeabi_dmul
00008688   _pmuInit_
000086d8   _pmuEnableCountersGlobal_
000086f0   _pmuDisableCountersGlobal_
00008708   _pmuResetCycleCounter_
00008720   _pmuResetEventCounters_
00008738   _pmuResetCounters_
00008750   _pmuStartCounters_
00008758   _pmuStopCounters_
00008760   _pmuSetCountEvent_
00008770   _pmuGetCycleCount_
00008778   _pmuGetEventCount_
00008788   _pmuGetOverflow_
0000879c   _dabort
00008884   __aeabi_cdcmpeq
00008884   __aeabi_cdcmple
00008964   __aeabi_cdrcmple
00008a44   __TI_auto_init
00008b18   __aeabi_memclr
00008b18   __aeabi_memclr4
00008b18   __aeabi_memclr8
00008b1c   __aeabi_memset
00008b1c   __aeabi_memset4
00008b1c   __aeabi_memset8
00008b28   memset
00008bc8   sprintf
00008d08   atoi
00008d8c   _Dtest
00008e10   copy_in
00008e90   ltoa
00008f10   C$$EXIT
00008f18   abort
00008f24   exit
00008f88   main
00008ff8   __aeabi_d2iz
00009054   __aeabi_d2uiz
000090b0   eqepInterrupt
00009108   __aeabi_idivmod
00009160   __aeabi_uidivmod
000091b4   gioHighLevelInterrupt
00009200   __aeabi_i2d
0000923c   __aeabi_ui2d
00009270   memccpy
0000929c   _register_unlock
000092a8   _register_lock
000092b4   _nop
000092c0   __TI_zero_init
000092e0   strlen
00009300   __TI_decompress_none
00009314   _Dclass
00009328   __TI_decompress_rle24
00009330   phantomInterrupt
000094b4   _ctypes_
00009604   __TI_Handler_Table_Base
00009610   __TI_Handler_Table_Limit
00009618   __TI_CINIT_Base
00009628   __TI_CINIT_Limit
080015e0   LeftMotor
08001600   RightMotor
08001620   _lock
08001624   _unlock
08001628   __TI_cleanup_ptr
0800162c   __TI_dtors_ptr
ffffffff   __binit__
ffffffff   __c_args__
ffffffff   binit
UNDEFED    SHT$$INIT_ARRAY$$Base
UNDEFED    SHT$$INIT_ARRAY$$Limit

[294 symbols]
