******************************************************************************
                  TI ARM Linker PC v5.1.6                      
******************************************************************************
>> Linked Sat Sep 19 17:18:11 2015

OUTPUT FILE NAME:   <Buddy_MotorEncoder_R4.out>
ENTRY POINT SYMBOL: "_c_int00"  address: 0000a4a0


MEMORY CONFIGURATION

         name            origin    length      used     unused   attr    fill
----------------------  --------  ---------  --------  --------  ----  --------
  VECTORS               00000000   00000020  00000020  00000000     X
  FLASH0                00000020   0005ffe0  0000c30c  00053cd4  R  X
  STACKS                08000000   00001500  00000000  00001500  RW  
  RAM                   08001500   00006b00  000008b8  00006248  RW  


SEGMENT ALLOCATION MAP

run origin  load origin   length   init length attrs members
----------  ----------- ---------- ----------- ----- -------
00000000    00000000    0000c330   0000c330    r-x
  00000000    00000000    00000020   00000020    r-x .intvecs
  00000020    00000020    0000bc44   0000bc44    r-x .text
  0000bc64    0000bc64    00000678   00000678    r-- .const
  0000c2e0    0000c2e0    00000050   00000050    r-- .cinit
08001500    08001500    000008b8   00000000    rw-
  08001500    08001500    00000800   00000000    rw- .sysmem
  08001d00    08001d00    0000007c   00000000    rw- .bss
  08001d7c    08001d7c    0000003c   00000000    rw- .data


SECTION ALLOCATION MAP

 output                                  attributes/
section   page    origin      length       input sections
--------  ----  ----------  ----------   ----------------
.intvecs   0    00000000    00000020     
                  00000000    00000020     sys_intvecs.obj (.intvecs)

.text      0    00000020    0000bc44     
                  00000020    000024ec     sys_selftest.obj (.text)
                  0000250c    00001714     rtsv7R4_A_le_eabi.lib : _printfi.obj (.text)
                  00003c20    00000c30     eqep.obj (.text)
                  00004850    00000a84     adc.obj (.text)
                  000052d4    00000a64     system.obj (.text)
                  00005d38    00000920     het.obj (.text)
                  00006658    00000894     sys_vim.obj (.text)
                  00006eec    00000678     sci.obj (.text)
                  00007564    00000634     esm.obj (.text)
                  00007b98    00000620     rtsv7R4_A_le_eabi.lib : memory.obj (.text)
                  000081b8    000005f4     sys_main.obj (.text)
                  000087ac    0000040c     sonar.obj (.text)
                  00008bb8    00000384     sci.obj (.text:retain)
                  00008f3c    0000036c     gio.obj (.text)
                  000092a8    00000340     sys_core.obj (.text)
                  000095e8    000002cc     print_debug.obj (.text)
                  000098b4    000002b8     rtsv7R4_A_le_eabi.lib : ull_div32.obj (.text)
                  00009b6c    00000270     dac_buddy.obj (.text)
                  00009ddc    0000026c     sys_vim.obj (.text:retain)
                  0000a048    00000244     notification.obj (.text)
                  0000a28c    00000214     rtsv7R4_A_le_eabi.lib : fd_add32.obj (.text)
                  0000a4a0    000001fc     sys_startup.obj (.text:retain)
                  0000a69c    00000190     rtsv7R4_A_le_eabi.lib : fd_div32.obj (.text)
                  0000a82c    00000180                           : memcpy32.obj (.text)
                  0000a9ac    00000154     pinmux.obj (.text)
                  0000ab00    00000130     esm.obj (.text:retain)
                  0000ac30    00000128     rtsv7R4_A_le_eabi.lib : fd_mul32.obj (.text)
                  0000ad58    00000114     sys_pmu.obj (.text)
                  0000ae6c    000000e8     dabort.obj (.text)
                  0000af54    000000e0     rtsv7R4_A_le_eabi.lib : fd_cmp32.obj (.text:__aeabi_cdcmple)
                  0000b034    000000e0                           : fd_cmp32.obj (.text:__aeabi_cdrcmple)
                  0000b114    000000d4                           : auto_init.obj (.text)
                  0000b1e8    000000d4                           : fs_div32.obj (.text)
                  0000b2bc    000000b0                           : memset32.obj (.text)
                  0000b36c    00000098                           : copy_decompress_rle.obj (.text)
                  0000b404    00000088     het.obj (.text:retain)
                  0000b48c    00000084     rtsv7R4_A_le_eabi.lib : atoi.obj (.text)
                  0000b510    00000084                           : vsprintf.obj (.text)
                  0000b594    00000084                           : xdtest.obj (.text)
                  0000b618    00000080                           : cpy_tbl.obj (.text)
                  0000b698    00000080                           : ltoa.obj (.text)
                  0000b718    00000078                           : exit.obj (.text)
                  0000b790    00000060                           : fs_tod32.obj (.text)
                  0000b7f0    0000005c                           : fd_toi32.obj (.text)
                  0000b84c    0000005c                           : fd_tou32.obj (.text)
                  0000b8a8    00000058     eqep.obj (.text:retain)
                  0000b900    00000058     rtsv7R4_A_le_eabi.lib : fd_tos32.obj (.text)
                  0000b958    00000058                           : i_div32.obj (.text)
                  0000b9b0    00000054     adc.obj (.text:retain)
                  0000ba04    00000054     rtsv7R4_A_le_eabi.lib : u_div32.obj (.text)
                  0000ba58    0000004c     gio.obj (.text:retain)
                  0000baa4    0000003c     rtsv7R4_A_le_eabi.lib : i_tofd32.obj (.text)
                  0000bae0    00000038                           : u_tofs32.obj (.text)
                  0000bb18    00000034                           : u_tofd32.obj (.text)
                  0000bb4c    0000002c                           : memccpy.obj (.text)
                  0000bb78    0000002c                           : strcat.obj (.text)
                  0000bba4    00000028                           : strcmp.obj (.text)
                  0000bbcc    00000024                           : _lock.obj (.text)
                  0000bbf0    00000020                           : copy_zero_init.obj (.text:decompress:ZI)
                  0000bc10    00000020                           : strlen.obj (.text)
                  0000bc30    00000014                           : copy_decompress_none.obj (.text:decompress:none)
                  0000bc44    00000014                           : xdclass.obj (.text)
                  0000bc58    00000008                           : copy_decompress_rle.obj (.text:decompress:rle24)
                  0000bc60    00000004     sys_phantom.obj (.text:retain)

.const     0    0000bc64    00000678     
                  0000bc64    000003a0     het.obj (.const:het1PROGRAM)
                  0000c004    00000180     sys_vim.obj (.const:s_vim_init)
                  0000c184    00000104     rtsv7R4_A_le_eabi.lib : ctype.obj (.const:.string:_ctypes_)
                  0000c288    00000020     het.obj (.const)
                  0000c2a8    0000001c     sys_main.obj (.const)
                  0000c2c4    00000018     adc.obj (.const)

.cinit     0    0000c2e0    00000050     
                  0000c2e0    0000002a     (.cinit..data.load) [load image, compression = rle]
                  0000c30a    00000002     --HOLE-- [fill = 0]
                  0000c30c    0000000c     (__TI_handler_table)
                  0000c318    00000008     (.cinit..bss.load) [load image, compression = zero_init]
                  0000c320    00000010     (__TI_cinit_table)

.sysmem    0    08001500    00000800     UNINITIALIZED
                  08001500    00000008     rtsv7R4_A_le_eabi.lib : memory.obj (.sysmem)
                  08001508    000007f8     --HOLE--

.bss       0    08001d00    0000007c     UNINITIALIZED
                  08001d00    00000064     defines.obj (.bss:command)
                  08001d64    00000014     (.common:g_sciTransfer_t)
                  08001d78    00000004     (.common:adc_data)

.data      0    08001d7c    0000003c     UNINITIALIZED
                  08001d7c    00000010     defines.obj (.data)
                  08001d8c    0000000c     rtsv7R4_A_le_eabi.lib : memory.obj (.data)
                  08001d98    00000008                           : _lock.obj (.data)
                  08001da0    00000008                           : exit.obj (.data)
                  08001da8    00000008     sonar.obj (.data)
                  08001db0    00000008     sys_main.obj (.data)


LINKER GENERATED COPY TABLES

__TI_cinit_table @ 0000c320 records: 2, size/record: 8, table size: 16
	.data: load addr=0000c2e0, load size=0000002a bytes, run addr=08001d7c, run size=0000003c bytes, compression=rle
	.bss: load addr=0000c318, load size=00000008 bytes, run addr=08001d00, run size=0000007c bytes, compression=zero_init


LINKER GENERATED HANDLER TABLE

__TI_handler_table @ 0000c30c records: 3, size/record: 4, table size: 12
	index: 0, handler: __TI_zero_init
	index: 1, handler: __TI_decompress_rle24
	index: 2, handler: __TI_decompress_none


GLOBAL SYMBOLS: SORTED ALPHABETICALLY BY Name 

address    name
--------   ----
0000b718   C$$EXIT
00003c20   QEPInit
UNDEFED    SHT$$INIT_ARRAY$$Base
UNDEFED    SHT$$INIT_ARRAY$$Limit
08001da8   Sonar_Array
0000bc44   _Dclass
0000b594   _Dtest
00000800   __SYSMEM_SIZE
0000c320   __TI_CINIT_Base
0000c330   __TI_CINIT_Limit
0000c30c   __TI_Handler_Table_Base
0000c318   __TI_Handler_Table_Limit
000095e0   __TI_PINIT_Base
000095e4   __TI_PINIT_Limit
0000b114   __TI_auto_init
08001da0   __TI_cleanup_ptr
0000bc30   __TI_decompress_none
0000bc58   __TI_decompress_rle24
08001da4   __TI_dtors_ptr
00003718   __TI_printfi
00000000   __TI_static_base__
0000bbf0   __TI_zero_init
0000af54   __aeabi_cdcmpeq
0000af54   __aeabi_cdcmple
0000b034   __aeabi_cdrcmple
0000b900   __aeabi_d2f
0000b7f0   __aeabi_d2iz
0000b84c   __aeabi_d2uiz
0000a298   __aeabi_dadd
0000a69c   __aeabi_ddiv
0000ac30   __aeabi_dmul
0000a28c   __aeabi_dsub
0000b790   __aeabi_f2d
0000b1e8   __aeabi_fdiv
0000baa4   __aeabi_i2d
0000b958   __aeabi_idivmod
0000b2bc   __aeabi_memclr
0000b2bc   __aeabi_memclr4
0000b2bc   __aeabi_memclr8
0000a82c   __aeabi_memcpy
0000a82c   __aeabi_memcpy4
0000a82c   __aeabi_memcpy8
0000b2c0   __aeabi_memset
0000b2c0   __aeabi_memset4
0000b2c0   __aeabi_memset8
0000bb18   __aeabi_ui2d
0000bae0   __aeabi_ui2f
0000ba04   __aeabi_uidivmod
000098b4   __aeabi_uldivmod
ffffffff   __binit__
ffffffff   __c_args__
0000a4a0   _c_int00
000094f0   _coreClearAuxiliaryDataFault_
0000950c   _coreClearAuxiliaryInstructionFault_
000094b8   _coreClearDataFaultAddress_
00009480   _coreClearDataFault_
000094d4   _coreClearInstructionFaultAddress_
0000949c   _coreClearInstructionFault_
000093e4   _coreDisableEventBusExport_
00009448   _coreDisableFlashEcc_
00009414   _coreDisableRamEcc_
000093cc   _coreEnableEventBusExport_
0000942c   _coreEnableFlashEcc_
00009460   _coreEnableIrqVicOffset_
000093fc   _coreEnableRamEcc_
000094e8   _coreGetAuxiliaryDataFault_
00009504   _coreGetAuxiliaryInstructionFault_
000094b0   _coreGetDataFaultAddress_
00009478   _coreGetDataFault_
000094cc   _coreGetInstructionFaultAddress_
00009494   _coreGetInstructionFault_
000092a8   _coreInitRegisters_
00009360   _coreInitStackPointer_
0000c184   _ctypes_
0000ae6c   _dabort
000087ac   _delay
00009528   _disable_FIQ_interrupt_
00009530   _disable_IRQ_interrupt_
00009520   _disable_interrupt_
00009538   _enable_interrupt_
000095c8   _errata_CORTEXR4_66_
00009540   _esmCcmErrorsClear_
000093ac   _getCPSRValue_
000093b4   _gotoCPUIdle_
08001d98   _lock
0000bbe4   _nop
0000adc0   _pmuDisableCountersGlobal_
0000ada8   _pmuEnableCountersGlobal_
0000ae40   _pmuGetCycleCount_
0000ae48   _pmuGetEventCount_
0000ae58   _pmuGetOverflow_
0000ad58   _pmuInit_
0000ae08   _pmuResetCounters_
0000add8   _pmuResetCycleCounter_
0000adf0   _pmuResetEventCounters_
0000ae30   _pmuSetCountEvent_
0000ae20   _pmuStartCounters_
0000ae28   _pmuStopCounters_
0000bbd8   _register_lock
0000bbcc   _register_unlock
08001500   _sys_memory
08001d9c   _unlock
0000b720   abort
00005064   adc1GetConfigValue
0000b9b0   adc1Group0Interrupt
0000b9d4   adc1Group1Interrupt
00000fe4   adc1ParityCheck
00004c38   adcCalibration
00005004   adcDisableNotification
00004fb4   adcEnableNotification
00004a48   adcGetData
0000504c   adcGetEVTPin
00004850   adcInit
00004c08   adcIsConversionComplete
00004bd8   adcIsFifoFull
00004e14   adcMidPointCalibration
0000a0a0   adcNotification
00004a20   adcResetFiFo
0000502c   adcSetEVTPin
000049ac   adcStartConversion
000049f8   adcStopConversion
08001d78   adc_data
08001d82   adc_data_is_ready
00008a90   addSonarSensor
0000b48c   atoi
ffffffff   binit
00008154   calloc
0000109c   can1ParityCheck
00001178   can2ParityCheck
00006358   capGetSignal
00000030   ccmSelfCheck
00002024   ccmr4GetConfigValue
00000918   checkB0RAMECC
00000b08   checkB1RAMECC
000015e4   checkClockMonitor
00000cf8   checkFlashECC
000016b8   checkFlashEEPROMECC
00001860   checkPLL1Slip
0000197c   checkRAMAddrParity
0000139c   checkRAMECC
00001a94   checkRAMUERRTest
0000079c   checkefcSelfTest
08001d00   command
0000b618   copy_in
00000234   cpuSelfTest
00000ddc   cpuSelfTestFail
08001d88   current_speed
00000dd4   custom_dabort
000081b8   delay
08001d86   deltaT
0000241c   disableParity
00006318   edgeDisableNotification
000062dc   edgeEnableNotification
000062b0   edgeGetCounter
0000a210   edgeNotification
00006284   edgeResetCounter
00000640   efcCheck
00001f8c   efcGetConfigValue
00000774   efcSelfTest
000006c8   efcStuckZeroTest
000023d0   enableParity
000046d0   eqep1GetConfigValue
00003cf0   eqepClearAllInterruptFlags
00003d0c   eqepClearInterruptFlag
00003d34   eqepClearPosnCounter
00003d50   eqepDisableAllInterrupts
00003d6c   eqepDisableCapture
00003d8c   eqepDisableGateIndex
00003db0   eqepDisableInterrupt
00003de0   eqepDisablePosnCompare
00003e04   eqepDisablePosnCompareShadow
00003e24   eqepDisableSyncOut
00003e48   eqepDisableUnitTimer
00003e6c   eqepDisableWatchdog
00003e90   eqepEnableCapture
00003eb0   eqepEnableCounter
00003ed0   eqepEnableGateIndex
00003ef0   eqepEnableInterrupt
00003f18   eqepEnablePosnCompare
00003f38   eqepEnablePosnCompareShadow
00003f58   eqepEnableSyncOut
00003f78   eqepEnableUnitTimer
00003f98   eqepEnableWatchdog
00003fb8   eqepForceInterrupt
0000b8a8   eqepInterrupt
0000a23c   eqepNotification
00003fe0   eqepReadCapturePeriodLatch
00003ff8   eqepReadCaptureTimerLatch
00004010   eqepReadInterruptFlag
00004034   eqepReadPosnCompare
0000404c   eqepReadPosnCount
00004064   eqepReadPosnIndexLatch
0000407c   eqepReadPosnLatch
00004094   eqepReadPosnStrobeLatch
000040ac   eqepReadStatus
000040c4   eqepResetCounter
00004600   eqepSetAPolarity
0000463c   eqepSetBPolarity
000040e8   eqepSetCaptureLatchMode
00004124   eqepSetCapturePeriod
00004144   eqepSetCapturePrescale
00004180   eqepSetEmuControl
000041b8   eqepSetExtClockRate
000041f4   eqepSetIndexEventInit
00004230   eqepSetIndexEventLatch
0000426c   eqepSetIndexPolarity
000042a8   eqepSetMaxPosnCount
000042c8   eqepSetPosnComparePulseWidth
0000430c   eqepSetPosnCompareShadowLoad
00004348   eqepSetPosnCountResetMode
00004384   eqepSetPosnInitCount
00004678   eqepSetQEPSource
000043a4   eqepSetSelectSyncPin
000043e0   eqepSetSoftInit
0000441c   eqepSetStrobeEventInit
00004458   eqepSetStrobeEventLatch
00004494   eqepSetStrobePolarity
000044d0   eqepSetSwapQuadInputs
0000450c   eqepSetSynchOutputComparePolarity
00004548   eqepSetUnitPeriod
00004568   eqepSetUnitPosnPrescale
000045a4   eqepSetWatchdogPeriod
000045c4   eqepSetupStrobeEventLatch
000046b0   eqepWritePosnCompare
000020a0   errata_PBIST_4
00007714   esmActivateNormalOperation
00007800   esmClearStatus
00007840   esmClearStatusBuffer
000076d8   esmDisableError
00007750   esmDisableInterrupt
000076ac   esmEnableError
00007724   esmEnableInterrupt
00007960   esmEnterSelfTest
00007690   esmError
00007a38   esmGetConfigValue
0000788c   esmGetStatus
00007900   esmGetStatusBuffer
0000a048   esmGroup1Notification
0000a058   esmGroup2Notification
0000ab00   esmHighInterrupt
00007564   esmInit
000079e8   esmSelfTestStatus
0000786c   esmSetCounterPreloadValue
0000777c   esmSetInterruptLevel
00007704   esmTriggerErrorPinReset
0000b72c   exit
00001bf0   fmcBus1ParityCheck
0000083c   fmcBus2Check
00000878   fmcECCcheck
00007d44   free
00008a78   getDistance
00009134   gioDisableNotification
000090f8   gioEnableNotification
00009060   gioGetBit
00009170   gioGetConfigValue
00009088   gioGetPort
0000ba58   gioHighLevelInterrupt
00008f3c   gioInit
0000a0c0   gioNotification
00008ff0   gioSetBit
00008fd0   gioSetDirection
00009040   gioSetPort
000090a0   gioToggleBit
00006474   het1GetConfigValue
0000b404   het1LowLevelInterrupt
00000e8c   het1ParityCheck
00006454   hetGetTimestamp
00005d38   hetInit
0000a22c   hetNotification
00006438   hetResetTimestamp
00000f2c   htu1ParityCheck
00009b6c   initDAC
08001d83   left_motor_speed
00008d60   linHighLevelInterrupt
00008bb8   linLowLevelInterrupt
0000b698   ltoa
00008228   main
00007c90   malloc
00005400   mapClocks
0000801c   memalign
0000bb4c   memccpy
0000a82c   memcpy
00000174   memoryInit
0000a068   memoryPort0TestFailNotification
0000a084   memoryPort1TestFailNotification
0000b2cc   memset
00001240   mibspi1ParityCheck
00007b98   minit
0000a9ac   muxInit
00001d1c   pbistFail
00001da4   pbistGetConfigValue
000005a8   pbistIsTestCompleted
000005c4   pbistIsTestPassed
000005f8   pbistPortTestStatus
000004ac   pbistRun
000002cc   pbistSelfCheck
00000578   pbistStop
000053ac   periphInit
0000bc60   phantomInterrupt
0000aa34   pinmuxGetConfigValue
08001d80   print_command_error_flag
00009738   print_debug
08001d81   print_debug_ADC
000097e0   print_error
000095e8   print_info
08001d7c   print_status_flag
00009690   print_warn
00006254   pwmDisableNotification
0000620c   pwmEnableNotification
00006124   pwmGetSignal
0000a1ec   pwmNotification
00005e60   pwmSetDuty
00005f9c   pwmSetSignal
00005df8   pwmStart
00005e2c   pwmStop
00007e98   realloc
00000000   resetEntry
08001d84   right_motor_speed
00007318   sciDisableLoopback
00007370   sciDisableNotification
000072e4   sciEnableLoopback
00007334   sciEnableNotification
00006eec   sciInit
000071cc   sciIsIdleDetected
000071b0   sciIsRxReady
00007090   sciIsTxReady
0000a0d4   sciNotification
00007244   sciReceive
00007218   sciReceiveByte
000071e8   sciRxError
000070dc   sciSend
000070ac   sciSendByte
00006ff8   sciSetBaudrate
00006fd8   sciSetFunctional
000073b4   scilinGetConfigValue
00000020   selftestFailNotification
00009c30   sendDAC
08001d7f   set_encoder_switch_flag
08001d7d   set_left_motor_speed_flag
08001d7e   set_right_motor_speed_flag
0000536c   setupFlash
000052d4   setupPLL
00008968   sonarEdgeNotification
00008864   sonarPwmNotification
00005b4c   sramGetConfigValue
0000881c   startPWM_reg
00001eec   stcGetConfigValue
000001b8   stcSelfCheck
00000dd8   stcSelfCheckFail
00008844   stopPWM_reg
0000bb78   strcat
0000bba4   strcmp
0000bc10   strlen
08001d85   switch_position
000055e0   systemGetConfigValue
000054e4   systemInit
000055b0   systemPowerDown
000059a0   tcmflashGetConfigValue
00005324   trimLPO
0000672c   vimChannelMap
00006920   vimDisableInterrupt
000067c8   vimEnableInterrupt
000069a4   vimGetConfigValue
00006658   vimInit
00000de0   vimParityCheck
00009ddc   vimParityErrorHandler
0000b510   vsprintf


GLOBAL SYMBOLS: SORTED BY Symbol Address 

address    name
--------   ----
00000000   __TI_static_base__
00000000   resetEntry
00000020   selftestFailNotification
00000030   ccmSelfCheck
00000174   memoryInit
000001b8   stcSelfCheck
00000234   cpuSelfTest
000002cc   pbistSelfCheck
000004ac   pbistRun
00000578   pbistStop
000005a8   pbistIsTestCompleted
000005c4   pbistIsTestPassed
000005f8   pbistPortTestStatus
00000640   efcCheck
000006c8   efcStuckZeroTest
00000774   efcSelfTest
0000079c   checkefcSelfTest
00000800   __SYSMEM_SIZE
0000083c   fmcBus2Check
00000878   fmcECCcheck
00000918   checkB0RAMECC
00000b08   checkB1RAMECC
00000cf8   checkFlashECC
00000dd4   custom_dabort
00000dd8   stcSelfCheckFail
00000ddc   cpuSelfTestFail
00000de0   vimParityCheck
00000e8c   het1ParityCheck
00000f2c   htu1ParityCheck
00000fe4   adc1ParityCheck
0000109c   can1ParityCheck
00001178   can2ParityCheck
00001240   mibspi1ParityCheck
0000139c   checkRAMECC
000015e4   checkClockMonitor
000016b8   checkFlashEEPROMECC
00001860   checkPLL1Slip
0000197c   checkRAMAddrParity
00001a94   checkRAMUERRTest
00001bf0   fmcBus1ParityCheck
00001d1c   pbistFail
00001da4   pbistGetConfigValue
00001eec   stcGetConfigValue
00001f8c   efcGetConfigValue
00002024   ccmr4GetConfigValue
000020a0   errata_PBIST_4
000023d0   enableParity
0000241c   disableParity
00003718   __TI_printfi
00003c20   QEPInit
00003cf0   eqepClearAllInterruptFlags
00003d0c   eqepClearInterruptFlag
00003d34   eqepClearPosnCounter
00003d50   eqepDisableAllInterrupts
00003d6c   eqepDisableCapture
00003d8c   eqepDisableGateIndex
00003db0   eqepDisableInterrupt
00003de0   eqepDisablePosnCompare
00003e04   eqepDisablePosnCompareShadow
00003e24   eqepDisableSyncOut
00003e48   eqepDisableUnitTimer
00003e6c   eqepDisableWatchdog
00003e90   eqepEnableCapture
00003eb0   eqepEnableCounter
00003ed0   eqepEnableGateIndex
00003ef0   eqepEnableInterrupt
00003f18   eqepEnablePosnCompare
00003f38   eqepEnablePosnCompareShadow
00003f58   eqepEnableSyncOut
00003f78   eqepEnableUnitTimer
00003f98   eqepEnableWatchdog
00003fb8   eqepForceInterrupt
00003fe0   eqepReadCapturePeriodLatch
00003ff8   eqepReadCaptureTimerLatch
00004010   eqepReadInterruptFlag
00004034   eqepReadPosnCompare
0000404c   eqepReadPosnCount
00004064   eqepReadPosnIndexLatch
0000407c   eqepReadPosnLatch
00004094   eqepReadPosnStrobeLatch
000040ac   eqepReadStatus
000040c4   eqepResetCounter
000040e8   eqepSetCaptureLatchMode
00004124   eqepSetCapturePeriod
00004144   eqepSetCapturePrescale
00004180   eqepSetEmuControl
000041b8   eqepSetExtClockRate
000041f4   eqepSetIndexEventInit
00004230   eqepSetIndexEventLatch
0000426c   eqepSetIndexPolarity
000042a8   eqepSetMaxPosnCount
000042c8   eqepSetPosnComparePulseWidth
0000430c   eqepSetPosnCompareShadowLoad
00004348   eqepSetPosnCountResetMode
00004384   eqepSetPosnInitCount
000043a4   eqepSetSelectSyncPin
000043e0   eqepSetSoftInit
0000441c   eqepSetStrobeEventInit
00004458   eqepSetStrobeEventLatch
00004494   eqepSetStrobePolarity
000044d0   eqepSetSwapQuadInputs
0000450c   eqepSetSynchOutputComparePolarity
00004548   eqepSetUnitPeriod
00004568   eqepSetUnitPosnPrescale
000045a4   eqepSetWatchdogPeriod
000045c4   eqepSetupStrobeEventLatch
00004600   eqepSetAPolarity
0000463c   eqepSetBPolarity
00004678   eqepSetQEPSource
000046b0   eqepWritePosnCompare
000046d0   eqep1GetConfigValue
00004850   adcInit
000049ac   adcStartConversion
000049f8   adcStopConversion
00004a20   adcResetFiFo
00004a48   adcGetData
00004bd8   adcIsFifoFull
00004c08   adcIsConversionComplete
00004c38   adcCalibration
00004e14   adcMidPointCalibration
00004fb4   adcEnableNotification
00005004   adcDisableNotification
0000502c   adcSetEVTPin
0000504c   adcGetEVTPin
00005064   adc1GetConfigValue
000052d4   setupPLL
00005324   trimLPO
0000536c   setupFlash
000053ac   periphInit
00005400   mapClocks
000054e4   systemInit
000055b0   systemPowerDown
000055e0   systemGetConfigValue
000059a0   tcmflashGetConfigValue
00005b4c   sramGetConfigValue
00005d38   hetInit
00005df8   pwmStart
00005e2c   pwmStop
00005e60   pwmSetDuty
00005f9c   pwmSetSignal
00006124   pwmGetSignal
0000620c   pwmEnableNotification
00006254   pwmDisableNotification
00006284   edgeResetCounter
000062b0   edgeGetCounter
000062dc   edgeEnableNotification
00006318   edgeDisableNotification
00006358   capGetSignal
00006438   hetResetTimestamp
00006454   hetGetTimestamp
00006474   het1GetConfigValue
00006658   vimInit
0000672c   vimChannelMap
000067c8   vimEnableInterrupt
00006920   vimDisableInterrupt
000069a4   vimGetConfigValue
00006eec   sciInit
00006fd8   sciSetFunctional
00006ff8   sciSetBaudrate
00007090   sciIsTxReady
000070ac   sciSendByte
000070dc   sciSend
000071b0   sciIsRxReady
000071cc   sciIsIdleDetected
000071e8   sciRxError
00007218   sciReceiveByte
00007244   sciReceive
000072e4   sciEnableLoopback
00007318   sciDisableLoopback
00007334   sciEnableNotification
00007370   sciDisableNotification
000073b4   scilinGetConfigValue
00007564   esmInit
00007690   esmError
000076ac   esmEnableError
000076d8   esmDisableError
00007704   esmTriggerErrorPinReset
00007714   esmActivateNormalOperation
00007724   esmEnableInterrupt
00007750   esmDisableInterrupt
0000777c   esmSetInterruptLevel
00007800   esmClearStatus
00007840   esmClearStatusBuffer
0000786c   esmSetCounterPreloadValue
0000788c   esmGetStatus
00007900   esmGetStatusBuffer
00007960   esmEnterSelfTest
000079e8   esmSelfTestStatus
00007a38   esmGetConfigValue
00007b98   minit
00007c90   malloc
00007d44   free
00007e98   realloc
0000801c   memalign
00008154   calloc
000081b8   delay
00008228   main
000087ac   _delay
0000881c   startPWM_reg
00008844   stopPWM_reg
00008864   sonarPwmNotification
00008968   sonarEdgeNotification
00008a78   getDistance
00008a90   addSonarSensor
00008bb8   linLowLevelInterrupt
00008d60   linHighLevelInterrupt
00008f3c   gioInit
00008fd0   gioSetDirection
00008ff0   gioSetBit
00009040   gioSetPort
00009060   gioGetBit
00009088   gioGetPort
000090a0   gioToggleBit
000090f8   gioEnableNotification
00009134   gioDisableNotification
00009170   gioGetConfigValue
000092a8   _coreInitRegisters_
00009360   _coreInitStackPointer_
000093ac   _getCPSRValue_
000093b4   _gotoCPUIdle_
000093cc   _coreEnableEventBusExport_
000093e4   _coreDisableEventBusExport_
000093fc   _coreEnableRamEcc_
00009414   _coreDisableRamEcc_
0000942c   _coreEnableFlashEcc_
00009448   _coreDisableFlashEcc_
00009460   _coreEnableIrqVicOffset_
00009478   _coreGetDataFault_
00009480   _coreClearDataFault_
00009494   _coreGetInstructionFault_
0000949c   _coreClearInstructionFault_
000094b0   _coreGetDataFaultAddress_
000094b8   _coreClearDataFaultAddress_
000094cc   _coreGetInstructionFaultAddress_
000094d4   _coreClearInstructionFaultAddress_
000094e8   _coreGetAuxiliaryDataFault_
000094f0   _coreClearAuxiliaryDataFault_
00009504   _coreGetAuxiliaryInstructionFault_
0000950c   _coreClearAuxiliaryInstructionFault_
00009520   _disable_interrupt_
00009528   _disable_FIQ_interrupt_
00009530   _disable_IRQ_interrupt_
00009538   _enable_interrupt_
00009540   _esmCcmErrorsClear_
000095c8   _errata_CORTEXR4_66_
000095e0   __TI_PINIT_Base
000095e4   __TI_PINIT_Limit
000095e8   print_info
00009690   print_warn
00009738   print_debug
000097e0   print_error
000098b4   __aeabi_uldivmod
00009b6c   initDAC
00009c30   sendDAC
00009ddc   vimParityErrorHandler
0000a048   esmGroup1Notification
0000a058   esmGroup2Notification
0000a068   memoryPort0TestFailNotification
0000a084   memoryPort1TestFailNotification
0000a0a0   adcNotification
0000a0c0   gioNotification
0000a0d4   sciNotification
0000a1ec   pwmNotification
0000a210   edgeNotification
0000a22c   hetNotification
0000a23c   eqepNotification
0000a28c   __aeabi_dsub
0000a298   __aeabi_dadd
0000a4a0   _c_int00
0000a69c   __aeabi_ddiv
0000a82c   __aeabi_memcpy
0000a82c   __aeabi_memcpy4
0000a82c   __aeabi_memcpy8
0000a82c   memcpy
0000a9ac   muxInit
0000aa34   pinmuxGetConfigValue
0000ab00   esmHighInterrupt
0000ac30   __aeabi_dmul
0000ad58   _pmuInit_
0000ada8   _pmuEnableCountersGlobal_
0000adc0   _pmuDisableCountersGlobal_
0000add8   _pmuResetCycleCounter_
0000adf0   _pmuResetEventCounters_
0000ae08   _pmuResetCounters_
0000ae20   _pmuStartCounters_
0000ae28   _pmuStopCounters_
0000ae30   _pmuSetCountEvent_
0000ae40   _pmuGetCycleCount_
0000ae48   _pmuGetEventCount_
0000ae58   _pmuGetOverflow_
0000ae6c   _dabort
0000af54   __aeabi_cdcmpeq
0000af54   __aeabi_cdcmple
0000b034   __aeabi_cdrcmple
0000b114   __TI_auto_init
0000b1e8   __aeabi_fdiv
0000b2bc   __aeabi_memclr
0000b2bc   __aeabi_memclr4
0000b2bc   __aeabi_memclr8
0000b2c0   __aeabi_memset
0000b2c0   __aeabi_memset4
0000b2c0   __aeabi_memset8
0000b2cc   memset
0000b404   het1LowLevelInterrupt
0000b48c   atoi
0000b510   vsprintf
0000b594   _Dtest
0000b618   copy_in
0000b698   ltoa
0000b718   C$$EXIT
0000b720   abort
0000b72c   exit
0000b790   __aeabi_f2d
0000b7f0   __aeabi_d2iz
0000b84c   __aeabi_d2uiz
0000b8a8   eqepInterrupt
0000b900   __aeabi_d2f
0000b958   __aeabi_idivmod
0000b9b0   adc1Group0Interrupt
0000b9d4   adc1Group1Interrupt
0000ba04   __aeabi_uidivmod
0000ba58   gioHighLevelInterrupt
0000baa4   __aeabi_i2d
0000bae0   __aeabi_ui2f
0000bb18   __aeabi_ui2d
0000bb4c   memccpy
0000bb78   strcat
0000bba4   strcmp
0000bbcc   _register_unlock
0000bbd8   _register_lock
0000bbe4   _nop
0000bbf0   __TI_zero_init
0000bc10   strlen
0000bc30   __TI_decompress_none
0000bc44   _Dclass
0000bc58   __TI_decompress_rle24
0000bc60   phantomInterrupt
0000c184   _ctypes_
0000c30c   __TI_Handler_Table_Base
0000c318   __TI_Handler_Table_Limit
0000c320   __TI_CINIT_Base
0000c330   __TI_CINIT_Limit
08001500   _sys_memory
08001d00   command
08001d78   adc_data
08001d7c   print_status_flag
08001d7d   set_left_motor_speed_flag
08001d7e   set_right_motor_speed_flag
08001d7f   set_encoder_switch_flag
08001d80   print_command_error_flag
08001d81   print_debug_ADC
08001d82   adc_data_is_ready
08001d83   left_motor_speed
08001d84   right_motor_speed
08001d85   switch_position
08001d86   deltaT
08001d88   current_speed
08001d98   _lock
08001d9c   _unlock
08001da0   __TI_cleanup_ptr
08001da4   __TI_dtors_ptr
08001da8   Sonar_Array
ffffffff   __binit__
ffffffff   __c_args__
ffffffff   binit
UNDEFED    SHT$$INIT_ARRAY$$Base
UNDEFED    SHT$$INIT_ARRAY$$Limit

[367 symbols]
