******************************************************************************
                  TI ARM Linker PC v5.1.6                      
******************************************************************************
>> Linked Wed Apr 05 20:11:58 2017

OUTPUT FILE NAME:   <Buddy_Firmware_Hercules.out>
ENTRY POINT SYMBOL: "_c_int00"  address: 00007088


MEMORY CONFIGURATION

         name            origin    length      used     unused   attr    fill
----------------------  --------  ---------  --------  --------  ----  --------
  VECTORS               00000000   00000020  00000020  00000000     X
  FLASH0                00000020   0005ffe0  00009384  00056c5c  R  X
  STACKS                08000000   00001500  00000000  00001500  RW  
  RAM                   08001500   00006b00  00000a28  000060d8  RW  


SEGMENT ALLOCATION MAP

run origin  load origin   length   init length attrs members
----------  ----------- ---------- ----------- ----- -------
00000000    00000000    000093a8   000093a8    r-x
  00000000    00000000    00000020   00000020    r-x .intvecs
  00000020    00000020    00008c78   00008c78    r-x .text
  00008c98    00008c98    000006ac   000006ac    r-- .const
  00009348    00009348    00000060   00000060    r-- .cinit
08001500    08001500    00000a28   00000000    rw-
  08001500    08001500    00000800   00000000    rw- .sysmem
  08001d00    08001d00    00000164   00000000    rw- .data
  08001e64    08001e64    000000c4   00000000    rw- .bss


SECTION ALLOCATION MAP

 output                                  attributes/
section   page    origin      length       input sections
--------  ----  ----------  ----------   ----------------
.intvecs   0    00000000    00000020     
                  00000000    00000020     sys_intvecs.obj (.intvecs)

.text      0    00000020    00008c78     
                  00000020    00001714     rtsv7R4_A_le_eabi.lib : _printfi.obj (.text)
                  00001734    00001570     sys_selftest.obj (.text)
                  00002ca4    00000620     rtsv7R4_A_le_eabi.lib : memory.obj (.text)
                  000032c4    0000058c     sys_main.obj (.text)
                  00003850    0000058c     system.obj (.text)
                  00003ddc    0000057c     eqep.obj (.text)
                  00004358    0000051c     sys_vim.obj (.text)
                  00004874    00000514     adc.obj (.text)
                  00004d88    000004a8     het.obj (.text)
                  00005230    00000370     sonar.obj (.text)
                  000055a0    00000340     sys_core.obj (.text)
                  000058e0    0000033c     rti.obj (.text)
                  00005c1c    00000334     sci.obj (.text)
                  00005f50    00000328     esm.obj (.text)
                  00006278    000002b8     rtsv7R4_A_le_eabi.lib : ull_div32.obj (.text)
                  00006530    0000029c     print_debug.obj (.text)
                  000067cc    00000254     notification.obj (.text)
                  00006a20    00000230     sci.obj (.text:retain)
                  00006c50    00000224     defines.obj (.text)
                  00006e74    00000214     rtsv7R4_A_le_eabi.lib : fd_add32.obj (.text)
                  00007088    000001a8     sys_startup.obj (.text:retain)
                  00007230    00000194     dac_buddy.obj (.text)
                  000073c4    00000190     rtsv7R4_A_le_eabi.lib : fd_div32.obj (.text)
                  00007554    0000018c     gio.obj (.text)
                  000076e0    00000180     rtsv7R4_A_le_eabi.lib : memcpy32.obj (.text)
                  00007860    00000134                           : fs_add32.obj (.text)
                  00007994    00000128                           : fd_mul32.obj (.text)
                  00007abc    00000114     sys_pmu.obj (.text)
                  00007bd0    000000fc     sys_vim.obj (.text:retain)
                  00007ccc    000000e8     dabort.obj (.text)
                  00007db4    000000e0     rtsv7R4_A_le_eabi.lib : fd_cmp32.obj (.text:__aeabi_cdcmple)
                  00007e94    000000e0                           : fd_cmp32.obj (.text:__aeabi_cdrcmple)
                  00007f74    000000d4                           : auto_init.obj (.text)
                  00008048    000000d4                           : fs_div32.obj (.text)
                  0000811c    000000bc     pinmux.obj (.text)
                  000081d8    000000b4     esm.obj (.text:retain)
                  0000828c    000000b0     rtsv7R4_A_le_eabi.lib : memset32.obj (.text)
                  0000833c    000000a8                           : fs_mul32.obj (.text)
                  000083e4    00000098                           : copy_decompress_rle.obj (.text)
                  0000847c    00000084                           : atoi.obj (.text)
                  00008500    00000084                           : vsprintf.obj (.text)
                  00008584    00000084                           : xdtest.obj (.text)
                  00008608    00000080                           : cpy_tbl.obj (.text)
                  00008688    00000080                           : ltoa.obj (.text)
                  00008708    00000078                           : exit.obj (.text)
                  00008780    00000060                           : fs_tod32.obj (.text)
                  000087e0    0000005c                           : fd_toi32.obj (.text)
                  0000883c    0000005c                           : fd_tou32.obj (.text)
                  00008898    00000058                           : fd_tos32.obj (.text)
                  000088f0    00000058                           : i_div32.obj (.text)
                  00008948    00000054     adc.obj (.text:retain)
                  0000899c    00000054     rtsv7R4_A_le_eabi.lib : u_div32.obj (.text)
                  000089f0    0000004c     het.obj (.text:retain)
                  00008a3c    0000003c     rti.obj (.text:retain)
                  00008a78    0000003c     rtsv7R4_A_le_eabi.lib : i_tofd32.obj (.text)
                  00008ab4    00000038                           : u_tofs32.obj (.text)
                  00008aec    00000034                           : u_tofd32.obj (.text)
                  00008b20    00000030     eqep.obj (.text:retain)
                  00008b50    00000030     gio.obj (.text:retain)
                  00008b80    0000002c     rtsv7R4_A_le_eabi.lib : memccpy.obj (.text)
                  00008bac    0000002c                           : strcat.obj (.text)
                  00008bd8    00000028                           : strcmp.obj (.text)
                  00008c00    00000024                           : _lock.obj (.text)
                  00008c24    00000020                           : copy_zero_init.obj (.text:decompress:ZI)
                  00008c44    00000020                           : strlen.obj (.text)
                  00008c64    00000014                           : copy_decompress_none.obj (.text:decompress:none)
                  00008c78    00000014                           : xdclass.obj (.text)
                  00008c8c    00000008                           : copy_decompress_rle.obj (.text:decompress:rle24)
                  00008c94    00000004     sys_phantom.obj (.text:retain)

.const     0    00008c98    000006ac     
                  00008c98    000003a0     het.obj (.const:het1PROGRAM)
                  00009038    00000180     sys_vim.obj (.const:s_vim_init)
                  000091b8    00000104     rtsv7R4_A_le_eabi.lib : ctype.obj (.const:.string:_ctypes_)
                  000092bc    00000024     sys_main.obj (.const:$P$T0$1)
                  000092e0    00000024     sys_main.obj (.const:$P$T1$2)
                  00009304    00000020     het.obj (.const)
                  00009324    00000018     adc.obj (.const)
                  0000933c    00000008     sys_main.obj (.const)

.cinit     0    00009348    00000060     
                  00009348    00000036     (.cinit..data.load) [load image, compression = rle]
                  0000937e    00000002     --HOLE-- [fill = 0]
                  00009380    0000000c     (__TI_handler_table)
                  0000938c    00000004     --HOLE-- [fill = 0]
                  00009390    00000008     (.cinit..bss.load) [load image, compression = zero_init]
                  00009398    00000010     (__TI_cinit_table)

.sysmem    0    08001500    00000800     UNINITIALIZED
                  08001500    00000008     rtsv7R4_A_le_eabi.lib : memory.obj (.sysmem)
                  08001508    000007f8     --HOLE--

.data      0    08001d00    00000164     UNINITIALIZED
                  08001d00    00000080     sonar.obj (.data:_skip_first_call$2)
                  08001d80    00000064     defines.obj (.data:Sonar_Array)
                  08001de4    00000048     defines.obj (.data)
                  08001e2c    0000001c     sys_main.obj (.data)
                  08001e48    0000000c     rtsv7R4_A_le_eabi.lib : memory.obj (.data)
                  08001e54    00000008                           : _lock.obj (.data)
                  08001e5c    00000008                           : exit.obj (.data)

.bss       0    08001e64    000000c4     UNINITIALIZED
                  08001e64    00000064     defines.obj (.bss:command)
                  08001ec8    00000043     defines.obj (.bss:irArray)
                  08001f0b    00000001     --HOLE--
                  08001f0c    00000014     (.common:g_sciTransfer_t)
                  08001f20    00000004     (.common:adc_data)
                  08001f24    00000004     (.common:sonar$1)


LINKER GENERATED COPY TABLES

__TI_cinit_table @ 00009398 records: 2, size/record: 8, table size: 16
	.data: load addr=00009348, load size=00000036 bytes, run addr=08001d00, run size=00000164 bytes, compression=rle
	.bss: load addr=00009390, load size=00000008 bytes, run addr=08001e64, run size=000000c4 bytes, compression=zero_init


LINKER GENERATED HANDLER TABLE

__TI_handler_table @ 00009380 records: 3, size/record: 4, table size: 12
	index: 0, handler: __TI_zero_init
	index: 1, handler: __TI_decompress_rle24
	index: 2, handler: __TI_decompress_none


GLOBAL SYMBOLS: SORTED ALPHABETICALLY BY Name 

address    name
--------   ----
00008708   C$$EXIT
00005bc4   IsdwdKeySequenceCorrect
000042e0   QEPInit
UNDEFED    SHT$$INIT_ARRAY$$Base
UNDEFED    SHT$$INIT_ARRAY$$Limit
08001d80   Sonar_Array
00008c78   _Dclass
00008584   _Dtest
00000800   __SYSMEM_SIZE
00009398   __TI_CINIT_Base
000093a8   __TI_CINIT_Limit
00009380   __TI_Handler_Table_Base
0000938c   __TI_Handler_Table_Limit
000058d8   __TI_PINIT_Base
000058dc   __TI_PINIT_Limit
00007f74   __TI_auto_init
08001e5c   __TI_cleanup_ptr
00008c64   __TI_decompress_none
00008c8c   __TI_decompress_rle24
08001e60   __TI_dtors_ptr
0000122c   __TI_printfi
00000000   __TI_static_base__
00008c24   __TI_zero_init
00007db4   __aeabi_cdcmpeq
00007db4   __aeabi_cdcmple
00007e94   __aeabi_cdrcmple
00008898   __aeabi_d2f
000087e0   __aeabi_d2iz
0000883c   __aeabi_d2uiz
00006e80   __aeabi_dadd
000073c4   __aeabi_ddiv
00007994   __aeabi_dmul
00006e74   __aeabi_dsub
00008780   __aeabi_f2d
00007864   __aeabi_fadd
00008048   __aeabi_fdiv
0000833c   __aeabi_fmul
00007860   __aeabi_fsub
00008a78   __aeabi_i2d
000088f0   __aeabi_idivmod
0000828c   __aeabi_memclr
0000828c   __aeabi_memclr4
0000828c   __aeabi_memclr8
000076e0   __aeabi_memcpy
000076e0   __aeabi_memcpy4
000076e0   __aeabi_memcpy8
00008290   __aeabi_memset
00008290   __aeabi_memset4
00008290   __aeabi_memset8
00008aec   __aeabi_ui2d
00008ab4   __aeabi_ui2f
0000899c   __aeabi_uidivmod
00006278   __aeabi_uldivmod
ffffffff   __binit__
ffffffff   __c_args__
00007088   _c_int00
000057e8   _coreClearAuxiliaryDataFault_
00005804   _coreClearAuxiliaryInstructionFault_
000057b0   _coreClearDataFaultAddress_
00005778   _coreClearDataFault_
000057cc   _coreClearInstructionFaultAddress_
00005794   _coreClearInstructionFault_
000056dc   _coreDisableEventBusExport_
00005740   _coreDisableFlashEcc_
0000570c   _coreDisableRamEcc_
000056c4   _coreEnableEventBusExport_
00005724   _coreEnableFlashEcc_
00005758   _coreEnableIrqVicOffset_
000056f4   _coreEnableRamEcc_
000057e0   _coreGetAuxiliaryDataFault_
000057fc   _coreGetAuxiliaryInstructionFault_
000057a8   _coreGetDataFaultAddress_
00005770   _coreGetDataFault_
000057c4   _coreGetInstructionFaultAddress_
0000578c   _coreGetInstructionFault_
000055a0   _coreInitRegisters_
00005658   _coreInitStackPointer_
000091b8   _ctypes_
00007ccc   _dabort
00005570   _delay
00005820   _disable_FIQ_interrupt_
00005828   _disable_IRQ_interrupt_
00005818   _disable_interrupt_
00005830   _enable_interrupt_
000058c0   _errata_CORTEXR4_66_
00005838   _esmCcmErrorsClear_
000056a4   _getCPSRValue_
000056ac   _gotoCPUIdle_
08001e54   _lock
00008c18   _nop
00007b24   _pmuDisableCountersGlobal_
00007b0c   _pmuEnableCountersGlobal_
00007ba4   _pmuGetCycleCount_
00007bac   _pmuGetEventCount_
00007bbc   _pmuGetOverflow_
00007abc   _pmuInit_
00007b6c   _pmuResetCounters_
00007b3c   _pmuResetCycleCounter_
00007b54   _pmuResetEventCounters_
00007b94   _pmuSetCountEvent_
00007b84   _pmuStartCounters_
00007b8c   _pmuStopCounters_
00008c0c   _register_lock
00008c00   _register_unlock
08001500   _sys_memory
08001e58   _unlock
00008710   abort
00004c6c   adc1GetConfigValue
0000896c   adc1Group0Interrupt
00008948   adc1Group1Interrupt
00002b7c   adc1ParityCheck
00004b58   adcCalibration
00004b48   adcDisableNotification
00004b28   adcEnableNotification
00004a74   adcGetData
00004a6c   adcGetEVTPin
000049b4   adcInit
000049a4   adcIsConversionComplete
00004994   adcIsFifoFull
000048bc   adcMidPointCalibration
000069a8   adcNotification
000048ac   adcResetFiFo
000048a4   adcSetEVTPin
00004884   adcStartConversion
00004874   adcStopConversion
08001f20   adc_data
08001dee   adc_data_is_ready
00006db8   addADCSample
00006d28   addSonarSample
0000549c   addSonarSensor
0000847c   atoi
ffffffff   binit
00005298   calculateSonarDistance
00003260   calloc
00002afc   can1ParityCheck
00002a74   can2ParityCheck
00005188   capGetSignal
000029dc   ccmSelfCheck
000029c0   ccmr4GetConfigValue
00002890   checkB0RAMECC
0000274c   checkB1RAMECC
000026c0   checkClockMonitor
00002628   checkFlashECC
00002550   checkFlashEEPROMECC
000024b4   checkPLL1Slip
00002424   checkRAMAddrParity
000022b0   checkRAMECC
0000220c   checkRAMUERRTest
000021c4   checkefcSelfTest
08001e64   command
00006c80   copySerialData
00008608   copy_in
00002160   cpuSelfTest
0000215c   cpuSelfTestFail
00002158   custom_dabort
00006c7c   delay
08001df4   deltaT
00002124   disableParity
00005bb4   dwdClearFlag
00005ba4   dwdCounterEnable
00005b8c   dwdGenerateSysReset
00005b74   dwdGetStatus
00005b20   dwdGetViolationStatus
00005b08   dwdInit
00005af0   dwdReset
00005ae4   dwdSetPreload
00005ad8   dwwdGetCurrentDownCounter
00005aac   dwwdInit
00005168   edgeDisableNotification
00005154   edgeEnableNotification
00005140   edgeGetCounter
000069a4   edgeNotification
0000512c   edgeResetCounter
000020dc   efcCheck
0000208c   efcGetConfigValue
0000206c   efcSelfTest
00002010   efcStuckZeroTest
00001fdc   enableParity
00004238   eqep1GetConfigValue
0000422c   eqepClearAllInterruptFlags
0000421c   eqepClearInterruptFlag
00004210   eqepClearPosnCounter
00004204   eqepDisableAllInterrupts
000041f4   eqepDisableCapture
000041e4   eqepDisableGateIndex
000041d0   eqepDisableInterrupt
000041c0   eqepDisablePosnCompare
000041b0   eqepDisablePosnCompareShadow
000041a0   eqepDisableSyncOut
00004190   eqepDisableUnitTimer
00004180   eqepDisableWatchdog
0000416c   eqepEnableCapture
0000415c   eqepEnableCounter
0000414c   eqepEnableGateIndex
0000413c   eqepEnableInterrupt
0000412c   eqepEnablePosnCompare
00004118   eqepEnablePosnCompareShadow
00004108   eqepEnableSyncOut
000040f8   eqepEnableUnitTimer
000040e8   eqepEnableWatchdog
000040d8   eqepForceInterrupt
00008b20   eqepInterrupt
000069a0   eqepNotification
000040d0   eqepReadCapturePeriodLatch
000040c8   eqepReadCaptureTimerLatch
000040b8   eqepReadInterruptFlag
000040b0   eqepReadPosnCompare
000040a8   eqepReadPosnCount
000040a0   eqepReadPosnIndexLatch
00004098   eqepReadPosnLatch
00004090   eqepReadPosnStrobeLatch
00004088   eqepReadStatus
00004078   eqepResetCounter
0000405c   eqepSetAPolarity
00004040   eqepSetBPolarity
00004024   eqepSetCaptureLatchMode
0000401c   eqepSetCapturePeriod
00004000   eqepSetCapturePrescale
00003fe4   eqepSetEmuControl
00003fc8   eqepSetExtClockRate
00003fac   eqepSetIndexEventInit
00003f90   eqepSetIndexEventLatch
00003f74   eqepSetIndexPolarity
00003f6c   eqepSetMaxPosnCount
00003f4c   eqepSetPosnComparePulseWidth
00003f30   eqepSetPosnCompareShadowLoad
00003f14   eqepSetPosnCountResetMode
00003f0c   eqepSetPosnInitCount
00003ef0   eqepSetQEPSource
00003ed4   eqepSetSelectSyncPin
00003eb8   eqepSetSoftInit
00003e9c   eqepSetStrobeEventInit
00003e80   eqepSetStrobeEventLatch
00003e64   eqepSetStrobePolarity
00003e48   eqepSetSwapQuadInputs
00003e2c   eqepSetSynchOutputComparePolarity
00003e24   eqepSetUnitPeriod
00003e08   eqepSetUnitPosnPrescale
00003e00   eqepSetWatchdogPeriod
00003de4   eqepSetupStrobeEventLatch
00003ddc   eqepWritePosnCompare
00001e28   errata_PBIST_4
0000621c   esmActivateNormalOperation
00006204   esmClearStatus
000061ec   esmClearStatusBuffer
000061d4   esmDisableError
000061bc   esmDisableInterrupt
000061a4   esmEnableError
0000618c   esmEnableInterrupt
00006148   esmEnterSelfTest
0000613c   esmError
000060c4   esmGetConfigValue
00006098   esmGetStatus
0000606c   esmGetStatusBuffer
0000699c   esmGroup1Notification
00006998   esmGroup2Notification
000081d8   esmHighInterrupt
00005fe8   esmInit
00005fbc   esmSelfTestStatus
00005fac   esmSetCounterPreloadValue
00005f60   esmSetInterruptLevel
00005f50   esmTriggerErrorPinReset
0000871c   exit
00001d78   fmcBus1ParityCheck
00001d54   fmcBus2Check
00001ce4   fmcECCcheck
00002e50   free
00005494   getDistance
00005458   getNextSonar
00006c50   getSonarSensor
08001dea   get_sonar_sensor
000076b4   gioDisableNotification
00007698   gioEnableNotification
00007688   gioGetBit
00007604   gioGetConfigValue
000075fc   gioGetPort
00008b50   gioHighLevelInterrupt
000075a4   gioInit
00006994   gioNotification
00007584   gioSetBit
0000757c   gioSetDirection
00007574   gioSetPort
00007554   gioToggleBit
00005060   het1GetConfigValue
000089f0   het1LowLevelInterrupt
00001c74   het1ParityCheck
00005058   hetGetTimestamp
00004fe0   hetInit
00006990   hetNotification
00004fd4   hetResetTimestamp
00001c00   htu1ParityCheck
0000734c   initDAC
00005448   initSonar
08001ec8   irArray
08001deb   is_conversion_complete
08001def   left_motor_speed
00006b30   linHighLevelInterrupt
00006a20   linLowLevelInterrupt
00008688   ltoa
000032c4   main
00002d9c   malloc
00003a18   mapClocks
00003128   memalign
00008b80   memccpy
000076e0   memcpy
00001bd8   memoryInit
0000698c   memoryPort0TestFailNotification
00006988   memoryPort1TestFailNotification
0000829c   memset
00001b34   mibspi1ParityCheck
00002ca4   minit
08001df8   motorPeriods
00008164   muxInit
00001afc   pbistFail
00001a70   pbistGetConfigValue
00001a5c   pbistIsTestCompleted
00001a44   pbistIsTestPassed
00001a1c   pbistPortTestStatus
00001998   pbistRun
00001884   pbistSelfCheck
0000185c   pbistStop
000039ac   periphInit
00008c94   phantomInterrupt
0000811c   pinmuxGetConfigValue
08001de8   print_command_error_flag
00006704   print_debug
08001de9   print_debug_ADC
08001ded   print_debug_sonar
00006668   print_error
000065cc   print_info
08001de4   print_status_flag
00006530   print_warn
00004fc4   pwmDisableNotification
00004fb0   pwmEnableNotification
00004f30   pwmGetSignal
00006984   pwmNotification
00004ea0   pwmSetDuty
00004dc0   pwmSetSignal
00004da4   pwmStart
00004d88   pwmStop
00002fa4   realloc
00000000   resetEntry
08001df0   right_motor_speed
00008a58   rtiCompare0Interrupt
00008a3c   rtiCompare1Interrupt
00005aa0   rtiDisableNotification
00005a8c   rtiEnableNotification
00005a14   rtiGetConfigValue
000059dc   rtiGetCurrentTick
000059d0   rtiGetPeriod
00005960   rtiInit
00006980   rtiNotification
00005924   rtiResetCounter
00005918   rtiSetPeriod
000053bc   rtiSonarNotification
000058fc   rtiStartCounter
000058e0   rtiStopCounter
00005f20   sciDisableLoopback
00005ef4   sciDisableNotification
00005edc   sciEnableLoopback
00005ebc   sciEnableNotification
00005e3c   sciInit
00005e30   sciIsIdleDetected
00005e24   sciIsRxReady
00005e18   sciIsTxReady
000067cc   sciNotification
00005dcc   sciReceive
00005db4   sciReceiveByte
00005d9c   sciRxError
00005d38   sciSend
00005d24   sciSendByte
00005cd4   sciSetBaudrate
00005ccc   sciSetFunctional
00005c1c   scilinGetConfigValue
00001858   selftestFailNotification
00007230   sendDAC
08001dec   send_serial_packet
08001e18   serialPacketRead
08001e04   serialPacketWrite
08001de7   set_encoder_switch_flag
08001de5   set_left_motor_speed_flag
08001de6   set_right_motor_speed_flag
000039e8   setupFlash
00003970   setupPLL
00005310   sonarEchoNotification
00003d14   sramGetConfigValue
00005230   startFirstTrigger
0000180c   stcGetConfigValue
000017ac   stcSelfCheck
000017a8   stcSelfCheckFail
00008bac   strcat
00008bd8   strcmp
00008c44   strlen
08001df1   switch_position
00003b24   systemGetConfigValue
00003a9c   systemInit
00003954   systemPowerDown
0000387c   tcmflashGetConfigValue
00003850   trimLPO
0000479c   vimChannelMap
00004758   vimDisableInterrupt
000046a0   vimEnableInterrupt
000043c0   vimGetConfigValue
00004358   vimInit
00001734   vimParityCheck
00007bd0   vimParityErrorHandler
00008500   vsprintf


GLOBAL SYMBOLS: SORTED BY Symbol Address 

address    name
--------   ----
00000000   __TI_static_base__
00000000   resetEntry
00000800   __SYSMEM_SIZE
0000122c   __TI_printfi
00001734   vimParityCheck
000017a8   stcSelfCheckFail
000017ac   stcSelfCheck
0000180c   stcGetConfigValue
00001858   selftestFailNotification
0000185c   pbistStop
00001884   pbistSelfCheck
00001998   pbistRun
00001a1c   pbistPortTestStatus
00001a44   pbistIsTestPassed
00001a5c   pbistIsTestCompleted
00001a70   pbistGetConfigValue
00001afc   pbistFail
00001b34   mibspi1ParityCheck
00001bd8   memoryInit
00001c00   htu1ParityCheck
00001c74   het1ParityCheck
00001ce4   fmcECCcheck
00001d54   fmcBus2Check
00001d78   fmcBus1ParityCheck
00001e28   errata_PBIST_4
00001fdc   enableParity
00002010   efcStuckZeroTest
0000206c   efcSelfTest
0000208c   efcGetConfigValue
000020dc   efcCheck
00002124   disableParity
00002158   custom_dabort
0000215c   cpuSelfTestFail
00002160   cpuSelfTest
000021c4   checkefcSelfTest
0000220c   checkRAMUERRTest
000022b0   checkRAMECC
00002424   checkRAMAddrParity
000024b4   checkPLL1Slip
00002550   checkFlashEEPROMECC
00002628   checkFlashECC
000026c0   checkClockMonitor
0000274c   checkB1RAMECC
00002890   checkB0RAMECC
000029c0   ccmr4GetConfigValue
000029dc   ccmSelfCheck
00002a74   can2ParityCheck
00002afc   can1ParityCheck
00002b7c   adc1ParityCheck
00002ca4   minit
00002d9c   malloc
00002e50   free
00002fa4   realloc
00003128   memalign
00003260   calloc
000032c4   main
00003850   trimLPO
0000387c   tcmflashGetConfigValue
00003954   systemPowerDown
00003970   setupPLL
000039ac   periphInit
000039e8   setupFlash
00003a18   mapClocks
00003a9c   systemInit
00003b24   systemGetConfigValue
00003d14   sramGetConfigValue
00003ddc   eqepWritePosnCompare
00003de4   eqepSetupStrobeEventLatch
00003e00   eqepSetWatchdogPeriod
00003e08   eqepSetUnitPosnPrescale
00003e24   eqepSetUnitPeriod
00003e2c   eqepSetSynchOutputComparePolarity
00003e48   eqepSetSwapQuadInputs
00003e64   eqepSetStrobePolarity
00003e80   eqepSetStrobeEventLatch
00003e9c   eqepSetStrobeEventInit
00003eb8   eqepSetSoftInit
00003ed4   eqepSetSelectSyncPin
00003ef0   eqepSetQEPSource
00003f0c   eqepSetPosnInitCount
00003f14   eqepSetPosnCountResetMode
00003f30   eqepSetPosnCompareShadowLoad
00003f4c   eqepSetPosnComparePulseWidth
00003f6c   eqepSetMaxPosnCount
00003f74   eqepSetIndexPolarity
00003f90   eqepSetIndexEventLatch
00003fac   eqepSetIndexEventInit
00003fc8   eqepSetExtClockRate
00003fe4   eqepSetEmuControl
00004000   eqepSetCapturePrescale
0000401c   eqepSetCapturePeriod
00004024   eqepSetCaptureLatchMode
00004040   eqepSetBPolarity
0000405c   eqepSetAPolarity
00004078   eqepResetCounter
00004088   eqepReadStatus
00004090   eqepReadPosnStrobeLatch
00004098   eqepReadPosnLatch
000040a0   eqepReadPosnIndexLatch
000040a8   eqepReadPosnCount
000040b0   eqepReadPosnCompare
000040b8   eqepReadInterruptFlag
000040c8   eqepReadCaptureTimerLatch
000040d0   eqepReadCapturePeriodLatch
000040d8   eqepForceInterrupt
000040e8   eqepEnableWatchdog
000040f8   eqepEnableUnitTimer
00004108   eqepEnableSyncOut
00004118   eqepEnablePosnCompareShadow
0000412c   eqepEnablePosnCompare
0000413c   eqepEnableInterrupt
0000414c   eqepEnableGateIndex
0000415c   eqepEnableCounter
0000416c   eqepEnableCapture
00004180   eqepDisableWatchdog
00004190   eqepDisableUnitTimer
000041a0   eqepDisableSyncOut
000041b0   eqepDisablePosnCompareShadow
000041c0   eqepDisablePosnCompare
000041d0   eqepDisableInterrupt
000041e4   eqepDisableGateIndex
000041f4   eqepDisableCapture
00004204   eqepDisableAllInterrupts
00004210   eqepClearPosnCounter
0000421c   eqepClearInterruptFlag
0000422c   eqepClearAllInterruptFlags
00004238   eqep1GetConfigValue
000042e0   QEPInit
00004358   vimInit
000043c0   vimGetConfigValue
000046a0   vimEnableInterrupt
00004758   vimDisableInterrupt
0000479c   vimChannelMap
00004874   adcStopConversion
00004884   adcStartConversion
000048a4   adcSetEVTPin
000048ac   adcResetFiFo
000048bc   adcMidPointCalibration
00004994   adcIsFifoFull
000049a4   adcIsConversionComplete
000049b4   adcInit
00004a6c   adcGetEVTPin
00004a74   adcGetData
00004b28   adcEnableNotification
00004b48   adcDisableNotification
00004b58   adcCalibration
00004c6c   adc1GetConfigValue
00004d88   pwmStop
00004da4   pwmStart
00004dc0   pwmSetSignal
00004ea0   pwmSetDuty
00004f30   pwmGetSignal
00004fb0   pwmEnableNotification
00004fc4   pwmDisableNotification
00004fd4   hetResetTimestamp
00004fe0   hetInit
00005058   hetGetTimestamp
00005060   het1GetConfigValue
0000512c   edgeResetCounter
00005140   edgeGetCounter
00005154   edgeEnableNotification
00005168   edgeDisableNotification
00005188   capGetSignal
00005230   startFirstTrigger
00005298   calculateSonarDistance
00005310   sonarEchoNotification
000053bc   rtiSonarNotification
00005448   initSonar
00005458   getNextSonar
00005494   getDistance
0000549c   addSonarSensor
00005570   _delay
000055a0   _coreInitRegisters_
00005658   _coreInitStackPointer_
000056a4   _getCPSRValue_
000056ac   _gotoCPUIdle_
000056c4   _coreEnableEventBusExport_
000056dc   _coreDisableEventBusExport_
000056f4   _coreEnableRamEcc_
0000570c   _coreDisableRamEcc_
00005724   _coreEnableFlashEcc_
00005740   _coreDisableFlashEcc_
00005758   _coreEnableIrqVicOffset_
00005770   _coreGetDataFault_
00005778   _coreClearDataFault_
0000578c   _coreGetInstructionFault_
00005794   _coreClearInstructionFault_
000057a8   _coreGetDataFaultAddress_
000057b0   _coreClearDataFaultAddress_
000057c4   _coreGetInstructionFaultAddress_
000057cc   _coreClearInstructionFaultAddress_
000057e0   _coreGetAuxiliaryDataFault_
000057e8   _coreClearAuxiliaryDataFault_
000057fc   _coreGetAuxiliaryInstructionFault_
00005804   _coreClearAuxiliaryInstructionFault_
00005818   _disable_interrupt_
00005820   _disable_FIQ_interrupt_
00005828   _disable_IRQ_interrupt_
00005830   _enable_interrupt_
00005838   _esmCcmErrorsClear_
000058c0   _errata_CORTEXR4_66_
000058d8   __TI_PINIT_Base
000058dc   __TI_PINIT_Limit
000058e0   rtiStopCounter
000058fc   rtiStartCounter
00005918   rtiSetPeriod
00005924   rtiResetCounter
00005960   rtiInit
000059d0   rtiGetPeriod
000059dc   rtiGetCurrentTick
00005a14   rtiGetConfigValue
00005a8c   rtiEnableNotification
00005aa0   rtiDisableNotification
00005aac   dwwdInit
00005ad8   dwwdGetCurrentDownCounter
00005ae4   dwdSetPreload
00005af0   dwdReset
00005b08   dwdInit
00005b20   dwdGetViolationStatus
00005b74   dwdGetStatus
00005b8c   dwdGenerateSysReset
00005ba4   dwdCounterEnable
00005bb4   dwdClearFlag
00005bc4   IsdwdKeySequenceCorrect
00005c1c   scilinGetConfigValue
00005ccc   sciSetFunctional
00005cd4   sciSetBaudrate
00005d24   sciSendByte
00005d38   sciSend
00005d9c   sciRxError
00005db4   sciReceiveByte
00005dcc   sciReceive
00005e18   sciIsTxReady
00005e24   sciIsRxReady
00005e30   sciIsIdleDetected
00005e3c   sciInit
00005ebc   sciEnableNotification
00005edc   sciEnableLoopback
00005ef4   sciDisableNotification
00005f20   sciDisableLoopback
00005f50   esmTriggerErrorPinReset
00005f60   esmSetInterruptLevel
00005fac   esmSetCounterPreloadValue
00005fbc   esmSelfTestStatus
00005fe8   esmInit
0000606c   esmGetStatusBuffer
00006098   esmGetStatus
000060c4   esmGetConfigValue
0000613c   esmError
00006148   esmEnterSelfTest
0000618c   esmEnableInterrupt
000061a4   esmEnableError
000061bc   esmDisableInterrupt
000061d4   esmDisableError
000061ec   esmClearStatusBuffer
00006204   esmClearStatus
0000621c   esmActivateNormalOperation
00006278   __aeabi_uldivmod
00006530   print_warn
000065cc   print_info
00006668   print_error
00006704   print_debug
000067cc   sciNotification
00006980   rtiNotification
00006984   pwmNotification
00006988   memoryPort1TestFailNotification
0000698c   memoryPort0TestFailNotification
00006990   hetNotification
00006994   gioNotification
00006998   esmGroup2Notification
0000699c   esmGroup1Notification
000069a0   eqepNotification
000069a4   edgeNotification
000069a8   adcNotification
00006a20   linLowLevelInterrupt
00006b30   linHighLevelInterrupt
00006c50   getSonarSensor
00006c7c   delay
00006c80   copySerialData
00006d28   addSonarSample
00006db8   addADCSample
00006e74   __aeabi_dsub
00006e80   __aeabi_dadd
00007088   _c_int00
00007230   sendDAC
0000734c   initDAC
000073c4   __aeabi_ddiv
00007554   gioToggleBit
00007574   gioSetPort
0000757c   gioSetDirection
00007584   gioSetBit
000075a4   gioInit
000075fc   gioGetPort
00007604   gioGetConfigValue
00007688   gioGetBit
00007698   gioEnableNotification
000076b4   gioDisableNotification
000076e0   __aeabi_memcpy
000076e0   __aeabi_memcpy4
000076e0   __aeabi_memcpy8
000076e0   memcpy
00007860   __aeabi_fsub
00007864   __aeabi_fadd
00007994   __aeabi_dmul
00007abc   _pmuInit_
00007b0c   _pmuEnableCountersGlobal_
00007b24   _pmuDisableCountersGlobal_
00007b3c   _pmuResetCycleCounter_
00007b54   _pmuResetEventCounters_
00007b6c   _pmuResetCounters_
00007b84   _pmuStartCounters_
00007b8c   _pmuStopCounters_
00007b94   _pmuSetCountEvent_
00007ba4   _pmuGetCycleCount_
00007bac   _pmuGetEventCount_
00007bbc   _pmuGetOverflow_
00007bd0   vimParityErrorHandler
00007ccc   _dabort
00007db4   __aeabi_cdcmpeq
00007db4   __aeabi_cdcmple
00007e94   __aeabi_cdrcmple
00007f74   __TI_auto_init
00008048   __aeabi_fdiv
0000811c   pinmuxGetConfigValue
00008164   muxInit
000081d8   esmHighInterrupt
0000828c   __aeabi_memclr
0000828c   __aeabi_memclr4
0000828c   __aeabi_memclr8
00008290   __aeabi_memset
00008290   __aeabi_memset4
00008290   __aeabi_memset8
0000829c   memset
0000833c   __aeabi_fmul
0000847c   atoi
00008500   vsprintf
00008584   _Dtest
00008608   copy_in
00008688   ltoa
00008708   C$$EXIT
00008710   abort
0000871c   exit
00008780   __aeabi_f2d
000087e0   __aeabi_d2iz
0000883c   __aeabi_d2uiz
00008898   __aeabi_d2f
000088f0   __aeabi_idivmod
00008948   adc1Group1Interrupt
0000896c   adc1Group0Interrupt
0000899c   __aeabi_uidivmod
000089f0   het1LowLevelInterrupt
00008a3c   rtiCompare1Interrupt
00008a58   rtiCompare0Interrupt
00008a78   __aeabi_i2d
00008ab4   __aeabi_ui2f
00008aec   __aeabi_ui2d
00008b20   eqepInterrupt
00008b50   gioHighLevelInterrupt
00008b80   memccpy
00008bac   strcat
00008bd8   strcmp
00008c00   _register_unlock
00008c0c   _register_lock
00008c18   _nop
00008c24   __TI_zero_init
00008c44   strlen
00008c64   __TI_decompress_none
00008c78   _Dclass
00008c8c   __TI_decompress_rle24
00008c94   phantomInterrupt
000091b8   _ctypes_
00009380   __TI_Handler_Table_Base
0000938c   __TI_Handler_Table_Limit
00009398   __TI_CINIT_Base
000093a8   __TI_CINIT_Limit
08001500   _sys_memory
08001d80   Sonar_Array
08001de4   print_status_flag
08001de5   set_left_motor_speed_flag
08001de6   set_right_motor_speed_flag
08001de7   set_encoder_switch_flag
08001de8   print_command_error_flag
08001de9   print_debug_ADC
08001dea   get_sonar_sensor
08001deb   is_conversion_complete
08001dec   send_serial_packet
08001ded   print_debug_sonar
08001dee   adc_data_is_ready
08001def   left_motor_speed
08001df0   right_motor_speed
08001df1   switch_position
08001df4   deltaT
08001df8   motorPeriods
08001e04   serialPacketWrite
08001e18   serialPacketRead
08001e54   _lock
08001e58   _unlock
08001e5c   __TI_cleanup_ptr
08001e60   __TI_dtors_ptr
08001e64   command
08001ec8   irArray
08001f20   adc_data
ffffffff   __binit__
ffffffff   __c_args__
ffffffff   binit
UNDEFED    SHT$$INIT_ARRAY$$Base
UNDEFED    SHT$$INIT_ARRAY$$Limit

[407 symbols]
