******************************************************************************
                  TI ARM Linker PC v5.1.6                      
******************************************************************************
>> Linked Tue May 23 20:46:37 2017

OUTPUT FILE NAME:   <Buddy_Firmware_Hercules.out>
ENTRY POINT SYMBOL: "_c_int00"  address: 000070ac


MEMORY CONFIGURATION

         name            origin    length      used     unused   attr    fill
----------------------  --------  ---------  --------  --------  ----  --------
  VECTORS               00000000   00000020  00000020  00000000     X
  FLASH0                00000020   0005ffe0  000093a8  00056c38  R  X
  STACKS                08000000   00001500  00000000  00001500  RW  
  RAM                   08001500   00006b00  00000a30  000060d0  RW  


SEGMENT ALLOCATION MAP

run origin  load origin   length   init length attrs members
----------  ----------- ---------- ----------- ----- -------
00000000    00000000    000093c8   000093c8    r-x
  00000000    00000000    00000020   00000020    r-x .intvecs
  00000020    00000020    00008c9c   00008c9c    r-x .text
  00008cbc    00008cbc    000006ac   000006ac    r-- .const
  00009368    00009368    00000060   00000060    r-- .cinit
08001500    08001500    00000a30   00000000    rw-
  08001500    08001500    00000800   00000000    rw- .sysmem
  08001d00    08001d00    0000016c   00000000    rw- .data
  08001e6c    08001e6c    000000c4   00000000    rw- .bss


SECTION ALLOCATION MAP

 output                                  attributes/
section   page    origin      length       input sections
--------  ----  ----------  ----------   ----------------
.intvecs   0    00000000    00000020     
                  00000000    00000020     sys_intvecs.obj (.intvecs)

.text      0    00000020    00008c9c     
                  00000020    00001714     rtsv7R4_A_le_eabi.lib : _printfi.obj (.text)
                  00001734    00001570     sys_selftest.obj (.text)
                  00002ca4    00000620     rtsv7R4_A_le_eabi.lib : memory.obj (.text)
                  000032c4    0000059c     sys_main.obj (.text)
                  00003860    0000058c     system.obj (.text)
                  00003dec    0000057c     eqep.obj (.text)
                  00004368    0000051c     sys_vim.obj (.text)
                  00004884    00000514     adc.obj (.text)
                  00004d98    000004a8     het.obj (.text)
                  00005240    00000370     sonar.obj (.text)
                  000055b0    00000340     sys_core.obj (.text)
                  000058f0    0000033c     rti.obj (.text)
                  00005c2c    00000334     sci.obj (.text)
                  00005f60    00000328     esm.obj (.text)
                  00006288    000002b8     rtsv7R4_A_le_eabi.lib : ull_div32.obj (.text)
                  00006540    0000029c     print_debug.obj (.text)
                  000067dc    00000268     notification.obj (.text)
                  00006a44    00000230     sci.obj (.text:retain)
                  00006c74    00000224     defines.obj (.text)
                  00006e98    00000214     rtsv7R4_A_le_eabi.lib : fd_add32.obj (.text)
                  000070ac    000001a8     sys_startup.obj (.text:retain)
                  00007254    00000194     dac_buddy.obj (.text)
                  000073e8    00000190     rtsv7R4_A_le_eabi.lib : fd_div32.obj (.text)
                  00007578    0000018c     gio.obj (.text)
                  00007704    00000180     rtsv7R4_A_le_eabi.lib : memcpy32.obj (.text)
                  00007884    00000134                           : fs_add32.obj (.text)
                  000079b8    00000128                           : fd_mul32.obj (.text)
                  00007ae0    00000114     sys_pmu.obj (.text)
                  00007bf4    000000fc     sys_vim.obj (.text:retain)
                  00007cf0    000000e8     dabort.obj (.text)
                  00007dd8    000000e0     rtsv7R4_A_le_eabi.lib : fd_cmp32.obj (.text:__aeabi_cdcmple)
                  00007eb8    000000e0                           : fd_cmp32.obj (.text:__aeabi_cdrcmple)
                  00007f98    000000d4                           : auto_init.obj (.text)
                  0000806c    000000d4                           : fs_div32.obj (.text)
                  00008140    000000bc     pinmux.obj (.text)
                  000081fc    000000b4     esm.obj (.text:retain)
                  000082b0    000000b0     rtsv7R4_A_le_eabi.lib : memset32.obj (.text)
                  00008360    000000a8                           : fs_mul32.obj (.text)
                  00008408    00000098                           : copy_decompress_rle.obj (.text)
                  000084a0    00000084                           : atoi.obj (.text)
                  00008524    00000084                           : vsprintf.obj (.text)
                  000085a8    00000084                           : xdtest.obj (.text)
                  0000862c    00000080                           : cpy_tbl.obj (.text)
                  000086ac    00000080                           : ltoa.obj (.text)
                  0000872c    00000078                           : exit.obj (.text)
                  000087a4    00000060                           : fs_tod32.obj (.text)
                  00008804    0000005c                           : fd_toi32.obj (.text)
                  00008860    0000005c                           : fd_tou32.obj (.text)
                  000088bc    00000058                           : fd_tos32.obj (.text)
                  00008914    00000058                           : i_div32.obj (.text)
                  0000896c    00000054     adc.obj (.text:retain)
                  000089c0    00000054     rtsv7R4_A_le_eabi.lib : u_div32.obj (.text)
                  00008a14    0000004c     het.obj (.text:retain)
                  00008a60    0000003c     rti.obj (.text:retain)
                  00008a9c    0000003c     rtsv7R4_A_le_eabi.lib : i_tofd32.obj (.text)
                  00008ad8    00000038                           : u_tofs32.obj (.text)
                  00008b10    00000034                           : u_tofd32.obj (.text)
                  00008b44    00000030     eqep.obj (.text:retain)
                  00008b74    00000030     gio.obj (.text:retain)
                  00008ba4    0000002c     rtsv7R4_A_le_eabi.lib : memccpy.obj (.text)
                  00008bd0    0000002c                           : strcat.obj (.text)
                  00008bfc    00000028                           : strcmp.obj (.text)
                  00008c24    00000024                           : _lock.obj (.text)
                  00008c48    00000020                           : copy_zero_init.obj (.text:decompress:ZI)
                  00008c68    00000020                           : strlen.obj (.text)
                  00008c88    00000014                           : copy_decompress_none.obj (.text:decompress:none)
                  00008c9c    00000014                           : xdclass.obj (.text)
                  00008cb0    00000008                           : copy_decompress_rle.obj (.text:decompress:rle24)
                  00008cb8    00000004     sys_phantom.obj (.text:retain)

.const     0    00008cbc    000006ac     
                  00008cbc    000003a0     het.obj (.const:het1PROGRAM)
                  0000905c    00000180     sys_vim.obj (.const:s_vim_init)
                  000091dc    00000104     rtsv7R4_A_le_eabi.lib : ctype.obj (.const:.string:_ctypes_)
                  000092e0    00000024     sys_main.obj (.const:$P$T0$1)
                  00009304    00000024     sys_main.obj (.const:$P$T1$2)
                  00009328    00000020     het.obj (.const)
                  00009348    00000018     adc.obj (.const)
                  00009360    00000008     sys_main.obj (.const)

.cinit     0    00009368    00000060     
                  00009368    00000036     (.cinit..data.load) [load image, compression = rle]
                  0000939e    00000002     --HOLE-- [fill = 0]
                  000093a0    0000000c     (__TI_handler_table)
                  000093ac    00000004     --HOLE-- [fill = 0]
                  000093b0    00000008     (.cinit..bss.load) [load image, compression = zero_init]
                  000093b8    00000010     (__TI_cinit_table)

.sysmem    0    08001500    00000800     UNINITIALIZED
                  08001500    00000008     rtsv7R4_A_le_eabi.lib : memory.obj (.sysmem)
                  08001508    000007f8     --HOLE--

.data      0    08001d00    0000016c     UNINITIALIZED
                  08001d00    00000080     sonar.obj (.data:_skip_first_call$2)
                  08001d80    00000064     defines.obj (.data:Sonar_Array)
                  08001de4    00000050     defines.obj (.data)
                  08001e34    0000001c     sys_main.obj (.data)
                  08001e50    0000000c     rtsv7R4_A_le_eabi.lib : memory.obj (.data)
                  08001e5c    00000008                           : _lock.obj (.data)
                  08001e64    00000008                           : exit.obj (.data)

.bss       0    08001e6c    000000c4     UNINITIALIZED
                  08001e6c    00000064     defines.obj (.bss:command)
                  08001ed0    00000043     defines.obj (.bss:irArray)
                  08001f13    00000001     --HOLE--
                  08001f14    00000014     (.common:g_sciTransfer_t)
                  08001f28    00000004     (.common:adc_data)
                  08001f2c    00000004     (.common:sonar$1)


LINKER GENERATED COPY TABLES

__TI_cinit_table @ 000093b8 records: 2, size/record: 8, table size: 16
	.data: load addr=00009368, load size=00000036 bytes, run addr=08001d00, run size=0000016c bytes, compression=rle
	.bss: load addr=000093b0, load size=00000008 bytes, run addr=08001e6c, run size=000000c4 bytes, compression=zero_init


LINKER GENERATED HANDLER TABLE

__TI_handler_table @ 000093a0 records: 3, size/record: 4, table size: 12
	index: 0, handler: __TI_zero_init
	index: 1, handler: __TI_decompress_rle24
	index: 2, handler: __TI_decompress_none


GLOBAL SYMBOLS: SORTED ALPHABETICALLY BY Name 

address    name
--------   ----
0000872c   C$$EXIT
00005bd4   IsdwdKeySequenceCorrect
000042f0   QEPInit
UNDEFED    SHT$$INIT_ARRAY$$Base
UNDEFED    SHT$$INIT_ARRAY$$Limit
08001d80   Sonar_Array
00008c9c   _Dclass
000085a8   _Dtest
00000800   __SYSMEM_SIZE
000093b8   __TI_CINIT_Base
000093c8   __TI_CINIT_Limit
000093a0   __TI_Handler_Table_Base
000093ac   __TI_Handler_Table_Limit
000058e8   __TI_PINIT_Base
000058ec   __TI_PINIT_Limit
00007f98   __TI_auto_init
08001e64   __TI_cleanup_ptr
00008c88   __TI_decompress_none
00008cb0   __TI_decompress_rle24
08001e68   __TI_dtors_ptr
0000122c   __TI_printfi
00000000   __TI_static_base__
00008c48   __TI_zero_init
00007dd8   __aeabi_cdcmpeq
00007dd8   __aeabi_cdcmple
00007eb8   __aeabi_cdrcmple
000088bc   __aeabi_d2f
00008804   __aeabi_d2iz
00008860   __aeabi_d2uiz
00006ea4   __aeabi_dadd
000073e8   __aeabi_ddiv
000079b8   __aeabi_dmul
00006e98   __aeabi_dsub
000087a4   __aeabi_f2d
00007888   __aeabi_fadd
0000806c   __aeabi_fdiv
00008360   __aeabi_fmul
00007884   __aeabi_fsub
00008a9c   __aeabi_i2d
00008914   __aeabi_idivmod
000082b0   __aeabi_memclr
000082b0   __aeabi_memclr4
000082b0   __aeabi_memclr8
00007704   __aeabi_memcpy
00007704   __aeabi_memcpy4
00007704   __aeabi_memcpy8
000082b4   __aeabi_memset
000082b4   __aeabi_memset4
000082b4   __aeabi_memset8
00008b10   __aeabi_ui2d
00008ad8   __aeabi_ui2f
000089c0   __aeabi_uidivmod
00006288   __aeabi_uldivmod
ffffffff   __binit__
ffffffff   __c_args__
000070ac   _c_int00
000057f8   _coreClearAuxiliaryDataFault_
00005814   _coreClearAuxiliaryInstructionFault_
000057c0   _coreClearDataFaultAddress_
00005788   _coreClearDataFault_
000057dc   _coreClearInstructionFaultAddress_
000057a4   _coreClearInstructionFault_
000056ec   _coreDisableEventBusExport_
00005750   _coreDisableFlashEcc_
0000571c   _coreDisableRamEcc_
000056d4   _coreEnableEventBusExport_
00005734   _coreEnableFlashEcc_
00005768   _coreEnableIrqVicOffset_
00005704   _coreEnableRamEcc_
000057f0   _coreGetAuxiliaryDataFault_
0000580c   _coreGetAuxiliaryInstructionFault_
000057b8   _coreGetDataFaultAddress_
00005780   _coreGetDataFault_
000057d4   _coreGetInstructionFaultAddress_
0000579c   _coreGetInstructionFault_
000055b0   _coreInitRegisters_
00005668   _coreInitStackPointer_
000091dc   _ctypes_
00007cf0   _dabort
00005580   _delay
00005830   _disable_FIQ_interrupt_
00005838   _disable_IRQ_interrupt_
00005828   _disable_interrupt_
00005840   _enable_interrupt_
000058d0   _errata_CORTEXR4_66_
00005848   _esmCcmErrorsClear_
000056b4   _getCPSRValue_
000056bc   _gotoCPUIdle_
08001e5c   _lock
00008c3c   _nop
00007b48   _pmuDisableCountersGlobal_
00007b30   _pmuEnableCountersGlobal_
00007bc8   _pmuGetCycleCount_
00007bd0   _pmuGetEventCount_
00007be0   _pmuGetOverflow_
00007ae0   _pmuInit_
00007b90   _pmuResetCounters_
00007b60   _pmuResetCycleCounter_
00007b78   _pmuResetEventCounters_
00007bb8   _pmuSetCountEvent_
00007ba8   _pmuStartCounters_
00007bb0   _pmuStopCounters_
00008c30   _register_lock
00008c24   _register_unlock
08001500   _sys_memory
08001e60   _unlock
00008734   abort
00004c7c   adc1GetConfigValue
00008990   adc1Group0Interrupt
0000896c   adc1Group1Interrupt
00002b7c   adc1ParityCheck
00004b68   adcCalibration
00004b58   adcDisableNotification
00004b38   adcEnableNotification
00004a84   adcGetData
00004a7c   adcGetEVTPin
000049c4   adcInit
000049b4   adcIsConversionComplete
000049a4   adcIsFifoFull
000048cc   adcMidPointCalibration
000069cc   adcNotification
000048bc   adcResetFiFo
000048b4   adcSetEVTPin
00004894   adcStartConversion
00004884   adcStopConversion
08001f28   adc_data
08001dee   adc_data_is_ready
00006ddc   addADCSample
00006d4c   addSonarSample
000054ac   addSonarSensor
000084a0   atoi
ffffffff   binit
000052a8   calculateSonarDistance
00003260   calloc
00002afc   can1ParityCheck
00002a74   can2ParityCheck
00005198   capGetSignal
000029dc   ccmSelfCheck
000029c0   ccmr4GetConfigValue
00002890   checkB0RAMECC
0000274c   checkB1RAMECC
000026c0   checkClockMonitor
00002628   checkFlashECC
00002550   checkFlashEEPROMECC
000024b4   checkPLL1Slip
00002424   checkRAMAddrParity
000022b0   checkRAMECC
0000220c   checkRAMUERRTest
000021c4   checkefcSelfTest
08001e6c   command
00006ca4   copySerialData
0000862c   copy_in
00002160   cpuSelfTest
0000215c   cpuSelfTestFail
00002158   custom_dabort
00006ca0   delay
08001df4   deltaT
00002124   disableParity
00005bc4   dwdClearFlag
00005bb4   dwdCounterEnable
00005b9c   dwdGenerateSysReset
00005b84   dwdGetStatus
00005b30   dwdGetViolationStatus
00005b18   dwdInit
00005b00   dwdReset
00005af4   dwdSetPreload
00005ae8   dwwdGetCurrentDownCounter
00005abc   dwwdInit
00005178   edgeDisableNotification
00005164   edgeEnableNotification
00005150   edgeGetCounter
000069c8   edgeNotification
0000513c   edgeResetCounter
000020dc   efcCheck
0000208c   efcGetConfigValue
0000206c   efcSelfTest
00002010   efcStuckZeroTest
00001fdc   enableParity
00004248   eqep1GetConfigValue
0000423c   eqepClearAllInterruptFlags
0000422c   eqepClearInterruptFlag
00004220   eqepClearPosnCounter
00004214   eqepDisableAllInterrupts
00004204   eqepDisableCapture
000041f4   eqepDisableGateIndex
000041e0   eqepDisableInterrupt
000041d0   eqepDisablePosnCompare
000041c0   eqepDisablePosnCompareShadow
000041b0   eqepDisableSyncOut
000041a0   eqepDisableUnitTimer
00004190   eqepDisableWatchdog
0000417c   eqepEnableCapture
0000416c   eqepEnableCounter
0000415c   eqepEnableGateIndex
0000414c   eqepEnableInterrupt
0000413c   eqepEnablePosnCompare
00004128   eqepEnablePosnCompareShadow
00004118   eqepEnableSyncOut
00004108   eqepEnableUnitTimer
000040f8   eqepEnableWatchdog
000040e8   eqepForceInterrupt
00008b44   eqepInterrupt
000069c4   eqepNotification
000040e0   eqepReadCapturePeriodLatch
000040d8   eqepReadCaptureTimerLatch
000040c8   eqepReadInterruptFlag
000040c0   eqepReadPosnCompare
000040b8   eqepReadPosnCount
000040b0   eqepReadPosnIndexLatch
000040a8   eqepReadPosnLatch
000040a0   eqepReadPosnStrobeLatch
00004098   eqepReadStatus
00004088   eqepResetCounter
0000406c   eqepSetAPolarity
00004050   eqepSetBPolarity
00004034   eqepSetCaptureLatchMode
0000402c   eqepSetCapturePeriod
00004010   eqepSetCapturePrescale
00003ff4   eqepSetEmuControl
00003fd8   eqepSetExtClockRate
00003fbc   eqepSetIndexEventInit
00003fa0   eqepSetIndexEventLatch
00003f84   eqepSetIndexPolarity
00003f7c   eqepSetMaxPosnCount
00003f5c   eqepSetPosnComparePulseWidth
00003f40   eqepSetPosnCompareShadowLoad
00003f24   eqepSetPosnCountResetMode
00003f1c   eqepSetPosnInitCount
00003f00   eqepSetQEPSource
00003ee4   eqepSetSelectSyncPin
00003ec8   eqepSetSoftInit
00003eac   eqepSetStrobeEventInit
00003e90   eqepSetStrobeEventLatch
00003e74   eqepSetStrobePolarity
00003e58   eqepSetSwapQuadInputs
00003e3c   eqepSetSynchOutputComparePolarity
00003e34   eqepSetUnitPeriod
00003e18   eqepSetUnitPosnPrescale
00003e10   eqepSetWatchdogPeriod
00003df4   eqepSetupStrobeEventLatch
00003dec   eqepWritePosnCompare
00001e28   errata_PBIST_4
0000622c   esmActivateNormalOperation
00006214   esmClearStatus
000061fc   esmClearStatusBuffer
000061e4   esmDisableError
000061cc   esmDisableInterrupt
000061b4   esmEnableError
0000619c   esmEnableInterrupt
00006158   esmEnterSelfTest
0000614c   esmError
000060d4   esmGetConfigValue
000060a8   esmGetStatus
0000607c   esmGetStatusBuffer
000069c0   esmGroup1Notification
000069bc   esmGroup2Notification
000081fc   esmHighInterrupt
00005ff8   esmInit
00005fcc   esmSelfTestStatus
00005fbc   esmSetCounterPreloadValue
00005f70   esmSetInterruptLevel
00005f60   esmTriggerErrorPinReset
00008740   exit
00001d78   fmcBus1ParityCheck
00001d54   fmcBus2Check
00001ce4   fmcECCcheck
00002e50   free
000054a4   getDistance
00005468   getNextSonar
00006c74   getSonarSensor
08001dea   get_sonar_sensor
000076d8   gioDisableNotification
000076bc   gioEnableNotification
000076ac   gioGetBit
00007628   gioGetConfigValue
00007620   gioGetPort
00008b74   gioHighLevelInterrupt
000075c8   gioInit
000069b8   gioNotification
000075a8   gioSetBit
000075a0   gioSetDirection
00007598   gioSetPort
00007578   gioToggleBit
00005070   het1GetConfigValue
00008a14   het1LowLevelInterrupt
00001c74   het1ParityCheck
00005068   hetGetTimestamp
00004ff0   hetInit
000069b4   hetNotification
00004fe4   hetResetTimestamp
00001c00   htu1ParityCheck
00007370   initDAC
00005458   initSonar
08001ed0   irArray
08001deb   is_conversion_complete
08001def   left_motor_speed
00006b54   linHighLevelInterrupt
00006a44   linLowLevelInterrupt
000086ac   ltoa
000032c4   main
00002d9c   malloc
00003a28   mapClocks
00003128   memalign
00008ba4   memccpy
00007704   memcpy
00001bd8   memoryInit
000069b0   memoryPort0TestFailNotification
000069ac   memoryPort1TestFailNotification
000082c0   memset
00001b34   mibspi1ParityCheck
00002ca4   minit
08001df8   motorPeriods
00008188   muxInit
00001afc   pbistFail
00001a70   pbistGetConfigValue
00001a5c   pbistIsTestCompleted
00001a44   pbistIsTestPassed
00001a1c   pbistPortTestStatus
00001998   pbistRun
00001884   pbistSelfCheck
0000185c   pbistStop
000039bc   periphInit
00008cb8   phantomInterrupt
00008140   pinmuxGetConfigValue
08001de8   print_command_error_flag
00006714   print_debug
08001de9   print_debug_ADC
08001ded   print_debug_sonar
00006678   print_error
000065dc   print_info
08001de4   print_status_flag
00006540   print_warn
00004fd4   pwmDisableNotification
00004fc0   pwmEnableNotification
00004f40   pwmGetSignal
000069a8   pwmNotification
00004eb0   pwmSetDuty
00004dd0   pwmSetSignal
00004db4   pwmStart
00004d98   pwmStop
00002fa4   realloc
00000000   resetEntry
08001df0   right_motor_speed
00008a7c   rtiCompare0Interrupt
00008a60   rtiCompare1Interrupt
00005ab0   rtiDisableNotification
00005a9c   rtiEnableNotification
00005a24   rtiGetConfigValue
000059ec   rtiGetCurrentTick
000059e0   rtiGetPeriod
00005970   rtiInit
000069a4   rtiNotification
00005934   rtiResetCounter
00005928   rtiSetPeriod
000053cc   rtiSonarNotification
0000590c   rtiStartCounter
000058f0   rtiStopCounter
00005f30   sciDisableLoopback
00005f04   sciDisableNotification
00005eec   sciEnableLoopback
00005ecc   sciEnableNotification
00005e4c   sciInit
00005e40   sciIsIdleDetected
00005e34   sciIsRxReady
00005e28   sciIsTxReady
000067dc   sciNotification
00005ddc   sciReceive
00005dc4   sciReceiveByte
00005dac   sciRxError
00005d48   sciSend
00005d34   sciSendByte
00005ce4   sciSetBaudrate
00005cdc   sciSetFunctional
00005c2c   scilinGetConfigValue
00001858   selftestFailNotification
00007254   sendDAC
08001dec   send_serial_packet
08001e20   serialPacketRead
08001e0c   serialPacketWrite
08001de7   set_encoder_switch_flag
08001de5   set_left_motor_speed_flag
08001de6   set_right_motor_speed_flag
000039f8   setupFlash
00003980   setupPLL
00005320   sonarEchoNotification
00003d24   sramGetConfigValue
00005240   startFirstTrigger
0000180c   stcGetConfigValue
000017ac   stcSelfCheck
000017a8   stcSelfCheckFail
00008bd0   strcat
00008bfc   strcmp
00008c68   strlen
08001df1   switch_position
00003b34   systemGetConfigValue
00003aac   systemInit
00003964   systemPowerDown
0000388c   tcmflashGetConfigValue
00003860   trimLPO
000047ac   vimChannelMap
00004768   vimDisableInterrupt
000046b0   vimEnableInterrupt
000043d0   vimGetConfigValue
00004368   vimInit
00001734   vimParityCheck
00007bf4   vimParityErrorHandler
00008524   vsprintf


GLOBAL SYMBOLS: SORTED BY Symbol Address 

address    name
--------   ----
00000000   __TI_static_base__
00000000   resetEntry
00000800   __SYSMEM_SIZE
0000122c   __TI_printfi
00001734   vimParityCheck
000017a8   stcSelfCheckFail
000017ac   stcSelfCheck
0000180c   stcGetConfigValue
00001858   selftestFailNotification
0000185c   pbistStop
00001884   pbistSelfCheck
00001998   pbistRun
00001a1c   pbistPortTestStatus
00001a44   pbistIsTestPassed
00001a5c   pbistIsTestCompleted
00001a70   pbistGetConfigValue
00001afc   pbistFail
00001b34   mibspi1ParityCheck
00001bd8   memoryInit
00001c00   htu1ParityCheck
00001c74   het1ParityCheck
00001ce4   fmcECCcheck
00001d54   fmcBus2Check
00001d78   fmcBus1ParityCheck
00001e28   errata_PBIST_4
00001fdc   enableParity
00002010   efcStuckZeroTest
0000206c   efcSelfTest
0000208c   efcGetConfigValue
000020dc   efcCheck
00002124   disableParity
00002158   custom_dabort
0000215c   cpuSelfTestFail
00002160   cpuSelfTest
000021c4   checkefcSelfTest
0000220c   checkRAMUERRTest
000022b0   checkRAMECC
00002424   checkRAMAddrParity
000024b4   checkPLL1Slip
00002550   checkFlashEEPROMECC
00002628   checkFlashECC
000026c0   checkClockMonitor
0000274c   checkB1RAMECC
00002890   checkB0RAMECC
000029c0   ccmr4GetConfigValue
000029dc   ccmSelfCheck
00002a74   can2ParityCheck
00002afc   can1ParityCheck
00002b7c   adc1ParityCheck
00002ca4   minit
00002d9c   malloc
00002e50   free
00002fa4   realloc
00003128   memalign
00003260   calloc
000032c4   main
00003860   trimLPO
0000388c   tcmflashGetConfigValue
00003964   systemPowerDown
00003980   setupPLL
000039bc   periphInit
000039f8   setupFlash
00003a28   mapClocks
00003aac   systemInit
00003b34   systemGetConfigValue
00003d24   sramGetConfigValue
00003dec   eqepWritePosnCompare
00003df4   eqepSetupStrobeEventLatch
00003e10   eqepSetWatchdogPeriod
00003e18   eqepSetUnitPosnPrescale
00003e34   eqepSetUnitPeriod
00003e3c   eqepSetSynchOutputComparePolarity
00003e58   eqepSetSwapQuadInputs
00003e74   eqepSetStrobePolarity
00003e90   eqepSetStrobeEventLatch
00003eac   eqepSetStrobeEventInit
00003ec8   eqepSetSoftInit
00003ee4   eqepSetSelectSyncPin
00003f00   eqepSetQEPSource
00003f1c   eqepSetPosnInitCount
00003f24   eqepSetPosnCountResetMode
00003f40   eqepSetPosnCompareShadowLoad
00003f5c   eqepSetPosnComparePulseWidth
00003f7c   eqepSetMaxPosnCount
00003f84   eqepSetIndexPolarity
00003fa0   eqepSetIndexEventLatch
00003fbc   eqepSetIndexEventInit
00003fd8   eqepSetExtClockRate
00003ff4   eqepSetEmuControl
00004010   eqepSetCapturePrescale
0000402c   eqepSetCapturePeriod
00004034   eqepSetCaptureLatchMode
00004050   eqepSetBPolarity
0000406c   eqepSetAPolarity
00004088   eqepResetCounter
00004098   eqepReadStatus
000040a0   eqepReadPosnStrobeLatch
000040a8   eqepReadPosnLatch
000040b0   eqepReadPosnIndexLatch
000040b8   eqepReadPosnCount
000040c0   eqepReadPosnCompare
000040c8   eqepReadInterruptFlag
000040d8   eqepReadCaptureTimerLatch
000040e0   eqepReadCapturePeriodLatch
000040e8   eqepForceInterrupt
000040f8   eqepEnableWatchdog
00004108   eqepEnableUnitTimer
00004118   eqepEnableSyncOut
00004128   eqepEnablePosnCompareShadow
0000413c   eqepEnablePosnCompare
0000414c   eqepEnableInterrupt
0000415c   eqepEnableGateIndex
0000416c   eqepEnableCounter
0000417c   eqepEnableCapture
00004190   eqepDisableWatchdog
000041a0   eqepDisableUnitTimer
000041b0   eqepDisableSyncOut
000041c0   eqepDisablePosnCompareShadow
000041d0   eqepDisablePosnCompare
000041e0   eqepDisableInterrupt
000041f4   eqepDisableGateIndex
00004204   eqepDisableCapture
00004214   eqepDisableAllInterrupts
00004220   eqepClearPosnCounter
0000422c   eqepClearInterruptFlag
0000423c   eqepClearAllInterruptFlags
00004248   eqep1GetConfigValue
000042f0   QEPInit
00004368   vimInit
000043d0   vimGetConfigValue
000046b0   vimEnableInterrupt
00004768   vimDisableInterrupt
000047ac   vimChannelMap
00004884   adcStopConversion
00004894   adcStartConversion
000048b4   adcSetEVTPin
000048bc   adcResetFiFo
000048cc   adcMidPointCalibration
000049a4   adcIsFifoFull
000049b4   adcIsConversionComplete
000049c4   adcInit
00004a7c   adcGetEVTPin
00004a84   adcGetData
00004b38   adcEnableNotification
00004b58   adcDisableNotification
00004b68   adcCalibration
00004c7c   adc1GetConfigValue
00004d98   pwmStop
00004db4   pwmStart
00004dd0   pwmSetSignal
00004eb0   pwmSetDuty
00004f40   pwmGetSignal
00004fc0   pwmEnableNotification
00004fd4   pwmDisableNotification
00004fe4   hetResetTimestamp
00004ff0   hetInit
00005068   hetGetTimestamp
00005070   het1GetConfigValue
0000513c   edgeResetCounter
00005150   edgeGetCounter
00005164   edgeEnableNotification
00005178   edgeDisableNotification
00005198   capGetSignal
00005240   startFirstTrigger
000052a8   calculateSonarDistance
00005320   sonarEchoNotification
000053cc   rtiSonarNotification
00005458   initSonar
00005468   getNextSonar
000054a4   getDistance
000054ac   addSonarSensor
00005580   _delay
000055b0   _coreInitRegisters_
00005668   _coreInitStackPointer_
000056b4   _getCPSRValue_
000056bc   _gotoCPUIdle_
000056d4   _coreEnableEventBusExport_
000056ec   _coreDisableEventBusExport_
00005704   _coreEnableRamEcc_
0000571c   _coreDisableRamEcc_
00005734   _coreEnableFlashEcc_
00005750   _coreDisableFlashEcc_
00005768   _coreEnableIrqVicOffset_
00005780   _coreGetDataFault_
00005788   _coreClearDataFault_
0000579c   _coreGetInstructionFault_
000057a4   _coreClearInstructionFault_
000057b8   _coreGetDataFaultAddress_
000057c0   _coreClearDataFaultAddress_
000057d4   _coreGetInstructionFaultAddress_
000057dc   _coreClearInstructionFaultAddress_
000057f0   _coreGetAuxiliaryDataFault_
000057f8   _coreClearAuxiliaryDataFault_
0000580c   _coreGetAuxiliaryInstructionFault_
00005814   _coreClearAuxiliaryInstructionFault_
00005828   _disable_interrupt_
00005830   _disable_FIQ_interrupt_
00005838   _disable_IRQ_interrupt_
00005840   _enable_interrupt_
00005848   _esmCcmErrorsClear_
000058d0   _errata_CORTEXR4_66_
000058e8   __TI_PINIT_Base
000058ec   __TI_PINIT_Limit
000058f0   rtiStopCounter
0000590c   rtiStartCounter
00005928   rtiSetPeriod
00005934   rtiResetCounter
00005970   rtiInit
000059e0   rtiGetPeriod
000059ec   rtiGetCurrentTick
00005a24   rtiGetConfigValue
00005a9c   rtiEnableNotification
00005ab0   rtiDisableNotification
00005abc   dwwdInit
00005ae8   dwwdGetCurrentDownCounter
00005af4   dwdSetPreload
00005b00   dwdReset
00005b18   dwdInit
00005b30   dwdGetViolationStatus
00005b84   dwdGetStatus
00005b9c   dwdGenerateSysReset
00005bb4   dwdCounterEnable
00005bc4   dwdClearFlag
00005bd4   IsdwdKeySequenceCorrect
00005c2c   scilinGetConfigValue
00005cdc   sciSetFunctional
00005ce4   sciSetBaudrate
00005d34   sciSendByte
00005d48   sciSend
00005dac   sciRxError
00005dc4   sciReceiveByte
00005ddc   sciReceive
00005e28   sciIsTxReady
00005e34   sciIsRxReady
00005e40   sciIsIdleDetected
00005e4c   sciInit
00005ecc   sciEnableNotification
00005eec   sciEnableLoopback
00005f04   sciDisableNotification
00005f30   sciDisableLoopback
00005f60   esmTriggerErrorPinReset
00005f70   esmSetInterruptLevel
00005fbc   esmSetCounterPreloadValue
00005fcc   esmSelfTestStatus
00005ff8   esmInit
0000607c   esmGetStatusBuffer
000060a8   esmGetStatus
000060d4   esmGetConfigValue
0000614c   esmError
00006158   esmEnterSelfTest
0000619c   esmEnableInterrupt
000061b4   esmEnableError
000061cc   esmDisableInterrupt
000061e4   esmDisableError
000061fc   esmClearStatusBuffer
00006214   esmClearStatus
0000622c   esmActivateNormalOperation
00006288   __aeabi_uldivmod
00006540   print_warn
000065dc   print_info
00006678   print_error
00006714   print_debug
000067dc   sciNotification
000069a4   rtiNotification
000069a8   pwmNotification
000069ac   memoryPort1TestFailNotification
000069b0   memoryPort0TestFailNotification
000069b4   hetNotification
000069b8   gioNotification
000069bc   esmGroup2Notification
000069c0   esmGroup1Notification
000069c4   eqepNotification
000069c8   edgeNotification
000069cc   adcNotification
00006a44   linLowLevelInterrupt
00006b54   linHighLevelInterrupt
00006c74   getSonarSensor
00006ca0   delay
00006ca4   copySerialData
00006d4c   addSonarSample
00006ddc   addADCSample
00006e98   __aeabi_dsub
00006ea4   __aeabi_dadd
000070ac   _c_int00
00007254   sendDAC
00007370   initDAC
000073e8   __aeabi_ddiv
00007578   gioToggleBit
00007598   gioSetPort
000075a0   gioSetDirection
000075a8   gioSetBit
000075c8   gioInit
00007620   gioGetPort
00007628   gioGetConfigValue
000076ac   gioGetBit
000076bc   gioEnableNotification
000076d8   gioDisableNotification
00007704   __aeabi_memcpy
00007704   __aeabi_memcpy4
00007704   __aeabi_memcpy8
00007704   memcpy
00007884   __aeabi_fsub
00007888   __aeabi_fadd
000079b8   __aeabi_dmul
00007ae0   _pmuInit_
00007b30   _pmuEnableCountersGlobal_
00007b48   _pmuDisableCountersGlobal_
00007b60   _pmuResetCycleCounter_
00007b78   _pmuResetEventCounters_
00007b90   _pmuResetCounters_
00007ba8   _pmuStartCounters_
00007bb0   _pmuStopCounters_
00007bb8   _pmuSetCountEvent_
00007bc8   _pmuGetCycleCount_
00007bd0   _pmuGetEventCount_
00007be0   _pmuGetOverflow_
00007bf4   vimParityErrorHandler
00007cf0   _dabort
00007dd8   __aeabi_cdcmpeq
00007dd8   __aeabi_cdcmple
00007eb8   __aeabi_cdrcmple
00007f98   __TI_auto_init
0000806c   __aeabi_fdiv
00008140   pinmuxGetConfigValue
00008188   muxInit
000081fc   esmHighInterrupt
000082b0   __aeabi_memclr
000082b0   __aeabi_memclr4
000082b0   __aeabi_memclr8
000082b4   __aeabi_memset
000082b4   __aeabi_memset4
000082b4   __aeabi_memset8
000082c0   memset
00008360   __aeabi_fmul
000084a0   atoi
00008524   vsprintf
000085a8   _Dtest
0000862c   copy_in
000086ac   ltoa
0000872c   C$$EXIT
00008734   abort
00008740   exit
000087a4   __aeabi_f2d
00008804   __aeabi_d2iz
00008860   __aeabi_d2uiz
000088bc   __aeabi_d2f
00008914   __aeabi_idivmod
0000896c   adc1Group1Interrupt
00008990   adc1Group0Interrupt
000089c0   __aeabi_uidivmod
00008a14   het1LowLevelInterrupt
00008a60   rtiCompare1Interrupt
00008a7c   rtiCompare0Interrupt
00008a9c   __aeabi_i2d
00008ad8   __aeabi_ui2f
00008b10   __aeabi_ui2d
00008b44   eqepInterrupt
00008b74   gioHighLevelInterrupt
00008ba4   memccpy
00008bd0   strcat
00008bfc   strcmp
00008c24   _register_unlock
00008c30   _register_lock
00008c3c   _nop
00008c48   __TI_zero_init
00008c68   strlen
00008c88   __TI_decompress_none
00008c9c   _Dclass
00008cb0   __TI_decompress_rle24
00008cb8   phantomInterrupt
000091dc   _ctypes_
000093a0   __TI_Handler_Table_Base
000093ac   __TI_Handler_Table_Limit
000093b8   __TI_CINIT_Base
000093c8   __TI_CINIT_Limit
08001500   _sys_memory
08001d80   Sonar_Array
08001de4   print_status_flag
08001de5   set_left_motor_speed_flag
08001de6   set_right_motor_speed_flag
08001de7   set_encoder_switch_flag
08001de8   print_command_error_flag
08001de9   print_debug_ADC
08001dea   get_sonar_sensor
08001deb   is_conversion_complete
08001dec   send_serial_packet
08001ded   print_debug_sonar
08001dee   adc_data_is_ready
08001def   left_motor_speed
08001df0   right_motor_speed
08001df1   switch_position
08001df4   deltaT
08001df8   motorPeriods
08001e0c   serialPacketWrite
08001e20   serialPacketRead
08001e5c   _lock
08001e60   _unlock
08001e64   __TI_cleanup_ptr
08001e68   __TI_dtors_ptr
08001e6c   command
08001ed0   irArray
08001f28   adc_data
ffffffff   __binit__
ffffffff   __c_args__
ffffffff   binit
UNDEFED    SHT$$INIT_ARRAY$$Base
UNDEFED    SHT$$INIT_ARRAY$$Limit

[407 symbols]
