******************************************************************************
                  MSP430 Linker PC v4.2.1                      
******************************************************************************
>> Linked Wed Oct 15 22:19:58 2014

OUTPUT FILE NAME:   <BuddyMotorController.out>
ENTRY POINT SYMBOL: "_c_int00"  address: 0000c304


MEMORY CONFIGURATION

         name            origin    length      used     unused   attr    fill
----------------------  --------  ---------  --------  --------  ----  --------
  SFR                   00000000   00000010  00000000  00000010  RWIX
  PERIPHERALS_8BIT      00000010   000000f0  00000000  000000f0  RWIX
  PERIPHERALS_16BIT     00000100   00000100  00000000  00000100  RWIX
  RAM                   00000200   00000200  000000be  00000142  RWIX
  INFOD                 00001000   00000040  00000000  00000040  RWIX
  INFOC                 00001040   00000040  00000000  00000040  RWIX
  INFOB                 00001080   00000040  00000000  00000040  RWIX
  INFOA                 000010c0   00000040  00000000  00000040  RWIX
  FLASH                 0000c000   00003fe0  0000041c  00003bc4  RWIX
  INT00                 0000ffe0   00000002  00000000  00000002  RWIX
  INT01                 0000ffe2   00000002  00000000  00000002  RWIX
  INT02                 0000ffe4   00000002  00000002  00000000  RWIX
  INT03                 0000ffe6   00000002  00000002  00000000  RWIX
  INT04                 0000ffe8   00000002  00000000  00000002  RWIX
  INT05                 0000ffea   00000002  00000002  00000000  RWIX
  INT06                 0000ffec   00000002  00000002  00000000  RWIX
  INT07                 0000ffee   00000002  00000002  00000000  RWIX
  INT08                 0000fff0   00000002  00000002  00000000  RWIX
  INT09                 0000fff2   00000002  00000002  00000000  RWIX
  INT10                 0000fff4   00000002  00000002  00000000  RWIX
  INT11                 0000fff6   00000002  00000002  00000000  RWIX
  INT12                 0000fff8   00000002  00000002  00000000  RWIX
  INT13                 0000fffa   00000002  00000002  00000000  RWIX
  INT14                 0000fffc   00000002  00000002  00000000  RWIX
  RESET                 0000fffe   00000002  00000002  00000000  RWIX


SECTION ALLOCATION MAP

 output                                  attributes/
section   page    origin      length       input sections
--------  ----  ----------  ----------   ----------------
.init_array 
*          0    0000c000    00000000     UNINITIALIZED

.data      0    00000200    0000006c     UNINITIALIZED
                  00000200    00000040     COM.obj (.data:rx_buff)
                  00000240    00000028     MotorStateMachine.obj (.data)
                  00000268    00000004     COM.obj (.data)

.TI.persistent 
*          0    00000200    00000000     UNINITIALIZED

.bss       0    0000026c    00000002     UNINITIALIZED
                  0000026c    00000002     (.common:index$1)

.TI.noinit 
*          0    0000026c    00000000     UNINITIALIZED

.stack     0    000003b0    00000050     UNINITIALIZED
                  000003b0    00000002     rts430_eabi.lib : boot.obj (.stack)
                  000003b2    0000004e     --HOLE--

.text      0    0000c000    000003a0     
                  0000c000    00000096     BuddyMotorController.obj (.text:main)
                  0000c096    0000008c     MotorStateMachine.obj (.text:PORT1_ISR)
                  0000c122    0000005e     rts430_eabi.lib : copy_decompress_rle.obj (.text:__TI_decompress_rle_core)
                  0000c180    0000005e                     : autoinit.obj (.text:_auto_init)
                  0000c1de    0000003c     COM.obj (.text:serial_read)
                  0000c21a    00000036     COM.obj (.text:serial_initCOM)
                  0000c250    00000030     MotorStateMachine.obj (.text:nextState)
                  0000c280    0000002a     MotorStateMachine.obj (.text:initMotor)
                  0000c2aa    00000020     COM.obj (.text:USCI0RX_ISR)
                  0000c2ca    0000001e     MotorStateMachine.obj (.text:sendTicks)
                  0000c2e8    0000001c     COM.obj (.text:serial_write)
                  0000c304    0000001a     rts430_eabi.lib : boot.obj (.text:_c_int00_noexit)
                  0000c31e    00000014                     : copy_zero_init.obj (.text:decompress:ZI:__TI_zero_init)
                  0000c332    00000014     MotorStateMachine.obj (.text:getDirection)
                  0000c346    00000012     rts430_eabi.lib : copy_decompress_none.obj (.text:decompress:none:__TI_decompress_none)
                  0000c358    00000012                     : memcpy.obj (.text:memcpy)
                  0000c36a    00000010                     : epilog.obj (.text)
                  0000c37a    0000000c     MotorStateMachine.obj (.text:getTicks)
                  0000c386    00000006     rts430_eabi.lib : isr_trap.obj (.text:__TI_ISR_TRAP)
                  0000c38c    00000006                     : copy_decompress_rle.obj (.text:decompress:rle24:__TI_decompress_rle24)
                  0000c392    00000006     COM.obj (.text:serial_serialAvailable)
                  0000c398    00000004     rts430_eabi.lib : pre_init.obj (.text:_system_pre_init)
                  0000c39c    00000004                     : exit.obj (.text:abort)

.const     0    0000c3a0    00000046     
                  0000c3a0    0000001a     COM.obj (.const:.string)
                  0000c3ba    00000010     MotorStateMachine.obj (.const:.string:motor_QEM)
                  0000c3ca    0000000e     BuddyMotorController.obj (.const:.string)
                  0000c3d8    0000000e     COM.obj (.const)

.cinit     0    0000c3e6    00000036     
                  0000c3e6    00000023     (.cinit..data.load) [load image, compression = rle]
                  0000c409    00000001     --HOLE-- [fill = 0]
                  0000c40a    00000006     (__TI_handler_table)
                  0000c410    00000004     (.cinit..bss.load) [load image, compression = zero_init]
                  0000c414    00000008     (__TI_cinit_table)

PORT1      0    0000ffe4    00000002     
                  0000ffe4    00000002     MotorStateMachine.obj (.int02)

PORT2      0    0000ffe6    00000002     
                  0000ffe6    00000002     rts430_eabi.lib : int03.obj (.int03)

ADC10      0    0000ffea    00000002     
                  0000ffea    00000002     rts430_eabi.lib : int05.obj (.int05)

USCIAB0TX 
*          0    0000ffec    00000002     
                  0000ffec    00000002     rts430_eabi.lib : int06.obj (.int06)

USCIAB0RX 
*          0    0000ffee    00000002     
                  0000ffee    00000002     COM.obj (.int07)

TIMER0_A1 
*          0    0000fff0    00000002     
                  0000fff0    00000002     rts430_eabi.lib : int08.obj (.int08)

TIMER0_A0 
*          0    0000fff2    00000002     
                  0000fff2    00000002     rts430_eabi.lib : int09.obj (.int09)

WDT        0    0000fff4    00000002     
                  0000fff4    00000002     rts430_eabi.lib : int10.obj (.int10)

COMPARATORA 
*          0    0000fff6    00000002     
                  0000fff6    00000002     rts430_eabi.lib : int11.obj (.int11)

TIMER1_A1 
*          0    0000fff8    00000002     
                  0000fff8    00000002     rts430_eabi.lib : int12.obj (.int12)

TIMER1_A0 
*          0    0000fffa    00000002     
                  0000fffa    00000002     rts430_eabi.lib : int13.obj (.int13)

NMI        0    0000fffc    00000002     
                  0000fffc    00000002     rts430_eabi.lib : int14.obj (.int14)

.reset     0    0000fffe    00000002     
                  0000fffe    00000002     rts430_eabi.lib : boot.obj (.reset)


LINKER GENERATED COPY TABLES

__TI_cinit_table @ 0000c414 records: 2, size/record: 4, table size: 8
	.data: load addr=0000c3e6, load size=00000023 bytes, run addr=00000200, run size=0000006c bytes, compression=rle
	.bss: load addr=0000c410, load size=00000004 bytes, run addr=0000026c, run size=00000002 bytes, compression=zero_init


LINKER GENERATED HANDLER TABLE

__TI_handler_table @ 0000c40a records: 3, size/record: 2, table size: 6
	index: 0, handler: __TI_zero_init
	index: 1, handler: __TI_decompress_rle24
	index: 2, handler: __TI_decompress_none


GLOBAL SYMBOLS: SORTED ALPHABETICALLY BY Name 

address    name
--------   ----
0000004a   ADC10AE0
000001b0   ADC10CTL0
000001b2   ADC10CTL1
00000048   ADC10DTC0
00000049   ADC10DTC1
000001b4   ADC10MEM
000001bc   ADC10SA
00000057   BCSCTL1
00000058   BCSCTL2
00000053   BCSCTL3
0000c39c   C$$EXIT
00000059   CACTL1
0000005a   CACTL2
000010fb   CALBC1_12MHZ
000010f9   CALBC1_16MHZ
000010ff   CALBC1_1MHZ
000010fd   CALBC1_8MHZ
000010fa   CALDCO_12MHZ
000010f8   CALDCO_16MHZ
000010fe   CALDCO_1MHZ
000010fc   CALDCO_8MHZ
0000005b   CAPD
00000056   DCOCTL
00000128   FCTL1
0000012a   FCTL2
0000012c   FCTL3
00000000   IE1
00000001   IE2
00000002   IFG1
00000003   IFG2
00000240   LeftMotor
00000022   P1DIR
00000025   P1IE
00000024   P1IES
00000023   P1IFG
00000020   P1IN
00000021   P1OUT
00000027   P1REN
00000026   P1SEL
00000041   P1SEL2
0000002a   P2DIR
0000002d   P2IE
0000002c   P2IES
0000002b   P2IFG
00000028   P2IN
00000029   P2OUT
0000002f   P2REN
0000002e   P2SEL
00000042   P2SEL2
0000001a   P3DIR
00000018   P3IN
00000019   P3OUT
00000010   P3REN
0000001b   P3SEL
00000043   P3SEL2
0000c096   PORT1_ISR
00000254   RightMotor
0000c3d8   Serial
00000172   TA0CCR0
00000174   TA0CCR1
00000176   TA0CCR2
00000162   TA0CCTL0
00000164   TA0CCTL1
00000166   TA0CCTL2
00000160   TA0CTL
0000012e   TA0IV
00000170   TA0R
00000192   TA1CCR0
00000194   TA1CCR1
00000196   TA1CCR2
00000182   TA1CCTL0
00000184   TA1CCTL1
00000186   TA1CCTL2
00000180   TA1CTL
0000011e   TA1IV
00000190   TA1R
0000005d   UCA0ABCTL
00000062   UCA0BR0
00000063   UCA0BR1
00000060   UCA0CTL0
00000061   UCA0CTL1
0000005f   UCA0IRRCTL
0000005e   UCA0IRTCTL
00000064   UCA0MCTL
00000066   UCA0RXBUF
00000065   UCA0STAT
00000067   UCA0TXBUF
0000006a   UCB0BR0
0000006b   UCB0BR1
00000068   UCB0CTL0
00000069   UCB0CTL1
0000006c   UCB0I2CIE
00000118   UCB0I2COA
0000011a   UCB0I2CSA
0000006e   UCB0RXBUF
0000006d   UCB0STAT
0000006f   UCB0TXBUF
0000c2aa   USCI0RX_ISR
00000120   WDTCTL
00000400   __STACK_END
00000050   __STACK_SIZE
0000c414   __TI_CINIT_Base
0000c41c   __TI_CINIT_Limit
0000c40a   __TI_Handler_Table_Base
0000c410   __TI_Handler_Table_Limit
UNDEFED    __TI_INITARRAY_Base
UNDEFED    __TI_INITARRAY_Limit
0000c386   __TI_ISR_TRAP
00000001   __TI_args_main
0000c346   __TI_decompress_none
0000c38c   __TI_decompress_rle24
00000001   __TI_exit
0000ffe4   __TI_int02
0000ffe6   __TI_int03
0000ffea   __TI_int05
0000ffec   __TI_int06
0000ffee   __TI_int07
0000fff0   __TI_int08
0000fff2   __TI_int09
0000fff4   __TI_int10
0000fff6   __TI_int11
0000fff8   __TI_int12
0000fffa   __TI_int13
0000fffc   __TI_int14
0000c31e   __TI_zero_init
ffffffff   __binit__
ffffffff   __c_args__
0000c376   __mspabi_func_epilog_1
0000c374   __mspabi_func_epilog_2
0000c372   __mspabi_func_epilog_3
0000c370   __mspabi_func_epilog_4
0000c36e   __mspabi_func_epilog_5
0000c36c   __mspabi_func_epilog_6
0000c36a   __mspabi_func_epilog_7
0000c180   _auto_init
0000c304   _c_int00
0000c304   _c_int00_noexit
0000fffe   _reset_vector
000003b0   _stack
0000c398   _system_pre_init
0000c39c   abort
ffffffff   binit
0000c332   getDirection
0000c37a   getTicks
0000c280   initMotor
0000c000   main
0000c358   memcpy
0000c250   nextState
00000200   rx_buff
00000268   rx_flag
0000026a   rx_index
0000c2ca   sendTicks
0000c21a   serial_initCOM
0000c1de   serial_read
0000c392   serial_serialAvailable
0000c2e8   serial_write


GLOBAL SYMBOLS: SORTED BY Symbol Address 

address    name
--------   ----
00000000   IE1
00000001   IE2
00000001   __TI_args_main
00000001   __TI_exit
00000002   IFG1
00000003   IFG2
00000010   P3REN
00000018   P3IN
00000019   P3OUT
0000001a   P3DIR
0000001b   P3SEL
00000020   P1IN
00000021   P1OUT
00000022   P1DIR
00000023   P1IFG
00000024   P1IES
00000025   P1IE
00000026   P1SEL
00000027   P1REN
00000028   P2IN
00000029   P2OUT
0000002a   P2DIR
0000002b   P2IFG
0000002c   P2IES
0000002d   P2IE
0000002e   P2SEL
0000002f   P2REN
00000041   P1SEL2
00000042   P2SEL2
00000043   P3SEL2
00000048   ADC10DTC0
00000049   ADC10DTC1
0000004a   ADC10AE0
00000050   __STACK_SIZE
00000053   BCSCTL3
00000056   DCOCTL
00000057   BCSCTL1
00000058   BCSCTL2
00000059   CACTL1
0000005a   CACTL2
0000005b   CAPD
0000005d   UCA0ABCTL
0000005e   UCA0IRTCTL
0000005f   UCA0IRRCTL
00000060   UCA0CTL0
00000061   UCA0CTL1
00000062   UCA0BR0
00000063   UCA0BR1
00000064   UCA0MCTL
00000065   UCA0STAT
00000066   UCA0RXBUF
00000067   UCA0TXBUF
00000068   UCB0CTL0
00000069   UCB0CTL1
0000006a   UCB0BR0
0000006b   UCB0BR1
0000006c   UCB0I2CIE
0000006d   UCB0STAT
0000006e   UCB0RXBUF
0000006f   UCB0TXBUF
00000118   UCB0I2COA
0000011a   UCB0I2CSA
0000011e   TA1IV
00000120   WDTCTL
00000128   FCTL1
0000012a   FCTL2
0000012c   FCTL3
0000012e   TA0IV
00000160   TA0CTL
00000162   TA0CCTL0
00000164   TA0CCTL1
00000166   TA0CCTL2
00000170   TA0R
00000172   TA0CCR0
00000174   TA0CCR1
00000176   TA0CCR2
00000180   TA1CTL
00000182   TA1CCTL0
00000184   TA1CCTL1
00000186   TA1CCTL2
00000190   TA1R
00000192   TA1CCR0
00000194   TA1CCR1
00000196   TA1CCR2
000001b0   ADC10CTL0
000001b2   ADC10CTL1
000001b4   ADC10MEM
000001bc   ADC10SA
00000200   rx_buff
00000240   LeftMotor
00000254   RightMotor
00000268   rx_flag
0000026a   rx_index
000003b0   _stack
00000400   __STACK_END
000010f8   CALDCO_16MHZ
000010f9   CALBC1_16MHZ
000010fa   CALDCO_12MHZ
000010fb   CALBC1_12MHZ
000010fc   CALDCO_8MHZ
000010fd   CALBC1_8MHZ
000010fe   CALDCO_1MHZ
000010ff   CALBC1_1MHZ
0000c000   main
0000c096   PORT1_ISR
0000c180   _auto_init
0000c1de   serial_read
0000c21a   serial_initCOM
0000c250   nextState
0000c280   initMotor
0000c2aa   USCI0RX_ISR
0000c2ca   sendTicks
0000c2e8   serial_write
0000c304   _c_int00
0000c304   _c_int00_noexit
0000c31e   __TI_zero_init
0000c332   getDirection
0000c346   __TI_decompress_none
0000c358   memcpy
0000c36a   __mspabi_func_epilog_7
0000c36c   __mspabi_func_epilog_6
0000c36e   __mspabi_func_epilog_5
0000c370   __mspabi_func_epilog_4
0000c372   __mspabi_func_epilog_3
0000c374   __mspabi_func_epilog_2
0000c376   __mspabi_func_epilog_1
0000c37a   getTicks
0000c386   __TI_ISR_TRAP
0000c38c   __TI_decompress_rle24
0000c392   serial_serialAvailable
0000c398   _system_pre_init
0000c39c   C$$EXIT
0000c39c   abort
0000c3d8   Serial
0000c40a   __TI_Handler_Table_Base
0000c410   __TI_Handler_Table_Limit
0000c414   __TI_CINIT_Base
0000c41c   __TI_CINIT_Limit
0000ffe4   __TI_int02
0000ffe6   __TI_int03
0000ffea   __TI_int05
0000ffec   __TI_int06
0000ffee   __TI_int07
0000fff0   __TI_int08
0000fff2   __TI_int09
0000fff4   __TI_int10
0000fff6   __TI_int11
0000fff8   __TI_int12
0000fffa   __TI_int13
0000fffc   __TI_int14
0000fffe   _reset_vector
ffffffff   __binit__
ffffffff   __c_args__
ffffffff   binit
UNDEFED    __TI_INITARRAY_Base
UNDEFED    __TI_INITARRAY_Limit

[156 symbols]
