******************************************************************************
                  TI ARM Linker PC v5.1.6                      
******************************************************************************
>> Linked Wed Mar 29 20:58:15 2017

OUTPUT FILE NAME:   <Buddy_Firmware_Hercules.out>
ENTRY POINT SYMBOL: "_c_int00"  address: 0000b274


MEMORY CONFIGURATION

         name            origin    length      used     unused   attr    fill
----------------------  --------  ---------  --------  --------  ----  --------
  VECTORS               00000000   00000020  00000020  00000000     X
  FLASH0                00000020   0005ffe0  0000d348  00052c98  R  X
  STACKS                08000000   00001500  00000000  00001500  RW  
  RAM                   08001500   00006b00  00000a2c  000060d4  RW  


SEGMENT ALLOCATION MAP

run origin  load origin   length   init length attrs members
----------  ----------- ---------- ----------- ----- -------
00000000    00000000    0000d368   0000d368    r-x
  00000000    00000000    00000020   00000020    r-x .intvecs
  00000020    00000020    0000cc3c   0000cc3c    r-x .text
  0000cc5c    0000cc5c    000006ac   000006ac    r-- .const
  0000d308    0000d308    00000060   00000060    r-- .cinit
08001500    08001500    00000a2c   00000000    rw-
  08001500    08001500    00000800   00000000    rw- .sysmem
  08001d00    08001d00    00000164   00000000    rw- .data
  08001e64    08001e64    000000c8   00000000    rw- .bss


SECTION ALLOCATION MAP

 output                                  attributes/
section   page    origin      length       input sections
--------  ----  ----------  ----------   ----------------
.intvecs   0    00000000    00000020     
                  00000000    00000020     sys_intvecs.obj (.intvecs)

.text      0    00000020    0000cc3c     
                  00000020    000024dc     sys_selftest.obj (.text)
                  000024fc    00001714     rtsv7R4_A_le_eabi.lib : _printfi.obj (.text)
                  00003c10    00000c30     eqep.obj (.text)
                  00004840    00000a84     adc.obj (.text)
                  000052c4    00000a64     system.obj (.text)
                  00005d28    0000091c     het.obj (.text)
                  00006644    00000894     sys_vim.obj (.text)
                  00006ed8    000006a4     sys_main.obj (.text)
                  0000757c    00000688     sci.obj (.text)
                  00007c04    0000062c     esm.obj (.text)
                  00008230    0000062c     rti.obj (.text)
                  0000885c    00000620     rtsv7R4_A_le_eabi.lib : memory.obj (.text)
                  00008e7c    00000594     sonar.obj (.text)
                  00009410    00000464     defines.obj (.text)
                  00009874    00000384     sci.obj (.text:retain)
                  00009bf8    0000036c     gio.obj (.text)
                  00009f64    0000035c     notification.obj (.text)
                  0000a2c0    00000340     sys_core.obj (.text)
                  0000a600    000002cc     print_debug.obj (.text)
                  0000a8cc    000002b8     rtsv7R4_A_le_eabi.lib : ull_div32.obj (.text)
                  0000ab84    00000270     dac_buddy.obj (.text)
                  0000adf4    0000026c     sys_vim.obj (.text:retain)
                  0000b060    00000214     rtsv7R4_A_le_eabi.lib : fd_add32.obj (.text)
                  0000b274    00000200     sys_startup.obj (.text:retain)
                  0000b474    00000190     rtsv7R4_A_le_eabi.lib : fd_div32.obj (.text)
                  0000b604    00000180                           : memcpy32.obj (.text)
                  0000b784    00000154     pinmux.obj (.text)
                  0000b8d8    00000134     rtsv7R4_A_le_eabi.lib : fs_add32.obj (.text)
                  0000ba0c    00000130     esm.obj (.text:retain)
                  0000bb3c    00000128     rtsv7R4_A_le_eabi.lib : fd_mul32.obj (.text)
                  0000bc64    00000114     sys_pmu.obj (.text)
                  0000bd78    000000e8     dabort.obj (.text)
                  0000be60    000000e0     rtsv7R4_A_le_eabi.lib : fd_cmp32.obj (.text:__aeabi_cdcmple)
                  0000bf40    000000e0                           : fd_cmp32.obj (.text:__aeabi_cdrcmple)
                  0000c020    000000d4                           : auto_init.obj (.text)
                  0000c0f4    000000d4                           : fs_div32.obj (.text)
                  0000c1c8    000000b0                           : memset32.obj (.text)
                  0000c278    000000a8                           : fs_mul32.obj (.text)
                  0000c320    00000098                           : copy_decompress_rle.obj (.text)
                  0000c3b8    00000088     het.obj (.text:retain)
                  0000c440    00000084     rtsv7R4_A_le_eabi.lib : atoi.obj (.text)
                  0000c4c4    00000084                           : vsprintf.obj (.text)
                  0000c548    00000084                           : xdtest.obj (.text)
                  0000c5cc    00000080                           : cpy_tbl.obj (.text)
                  0000c64c    00000080                           : ltoa.obj (.text)
                  0000c6cc    00000078                           : exit.obj (.text)
                  0000c744    00000060                           : fs_tod32.obj (.text)
                  0000c7a4    0000005c                           : fd_toi32.obj (.text)
                  0000c800    0000005c                           : fd_tou32.obj (.text)
                  0000c85c    00000058     eqep.obj (.text:retain)
                  0000c8b4    00000058     rtsv7R4_A_le_eabi.lib : fd_tos32.obj (.text)
                  0000c90c    00000058                           : i_div32.obj (.text)
                  0000c964    00000054     adc.obj (.text:retain)
                  0000c9b8    00000054     rtsv7R4_A_le_eabi.lib : u_div32.obj (.text)
                  0000ca0c    0000004c     gio.obj (.text:retain)
                  0000ca58    00000044     rti.obj (.text:retain)
                  0000ca9c    0000003c     rtsv7R4_A_le_eabi.lib : i_tofd32.obj (.text)
                  0000cad8    00000038                           : u_tofs32.obj (.text)
                  0000cb10    00000034                           : u_tofd32.obj (.text)
                  0000cb44    0000002c                           : memccpy.obj (.text)
                  0000cb70    0000002c                           : strcat.obj (.text)
                  0000cb9c    00000028                           : strcmp.obj (.text)
                  0000cbc4    00000024                           : _lock.obj (.text)
                  0000cbe8    00000020                           : copy_zero_init.obj (.text:decompress:ZI)
                  0000cc08    00000020                           : strlen.obj (.text)
                  0000cc28    00000014                           : copy_decompress_none.obj (.text:decompress:none)
                  0000cc3c    00000014                           : xdclass.obj (.text)
                  0000cc50    00000008                           : copy_decompress_rle.obj (.text:decompress:rle24)
                  0000cc58    00000004     sys_phantom.obj (.text:retain)

.const     0    0000cc5c    000006ac     
                  0000cc5c    000003a0     het.obj (.const:het1PROGRAM)
                  0000cffc    00000180     sys_vim.obj (.const:s_vim_init)
                  0000d17c    00000104     rtsv7R4_A_le_eabi.lib : ctype.obj (.const:.string:_ctypes_)
                  0000d280    00000024     sys_main.obj (.const:$P$T0$1)
                  0000d2a4    00000024     sys_main.obj (.const:$P$T1$2)
                  0000d2c8    00000020     het.obj (.const)
                  0000d2e8    00000018     adc.obj (.const)
                  0000d300    00000008     sys_main.obj (.const)

.cinit     0    0000d308    00000060     
                  0000d308    00000036     (.cinit..data.load) [load image, compression = rle]
                  0000d33e    00000002     --HOLE-- [fill = 0]
                  0000d340    0000000c     (__TI_handler_table)
                  0000d34c    00000004     --HOLE-- [fill = 0]
                  0000d350    00000008     (.cinit..bss.load) [load image, compression = zero_init]
                  0000d358    00000010     (__TI_cinit_table)

.sysmem    0    08001500    00000800     UNINITIALIZED
                  08001500    00000008     rtsv7R4_A_le_eabi.lib : memory.obj (.sysmem)
                  08001508    000007f8     --HOLE--

.data      0    08001d00    00000164     UNINITIALIZED
                  08001d00    00000080     sonar.obj (.data:_skip_first_call$2)
                  08001d80    00000064     defines.obj (.data:Sonar_Array)
                  08001de4    00000048     defines.obj (.data)
                  08001e2c    0000001c     sys_main.obj (.data)
                  08001e48    0000000c     rtsv7R4_A_le_eabi.lib : memory.obj (.data)
                  08001e54    00000008                           : _lock.obj (.data)
                  08001e5c    00000008                           : exit.obj (.data)

.bss       0    08001e64    000000c8     UNINITIALIZED
                  08001e64    00000064     defines.obj (.bss:command)
                  08001ec8    00000043     defines.obj (.bss:irArray)
                  08001f0b    00000001     --HOLE--
                  08001f0c    00000014     (.common:g_sciTransfer_t)
                  08001f20    00000004     (.common:adc_data)
                  08001f24    00000004     (.common:sonar$1)
                  08001f28    00000004     (.common:sonar$3)


LINKER GENERATED COPY TABLES

__TI_cinit_table @ 0000d358 records: 2, size/record: 8, table size: 16
	.data: load addr=0000d308, load size=00000036 bytes, run addr=08001d00, run size=00000164 bytes, compression=rle
	.bss: load addr=0000d350, load size=00000008 bytes, run addr=08001e64, run size=000000c8 bytes, compression=zero_init


LINKER GENERATED HANDLER TABLE

__TI_handler_table @ 0000d340 records: 3, size/record: 4, table size: 12
	index: 0, handler: __TI_zero_init
	index: 1, handler: __TI_decompress_rle24
	index: 2, handler: __TI_decompress_none


GLOBAL SYMBOLS: SORTED ALPHABETICALLY BY Name 

address    name
--------   ----
0000c6cc   C$$EXIT
00008590   IsdwdKeySequenceCorrect
00003c10   QEPInit
UNDEFED    SHT$$INIT_ARRAY$$Base
UNDEFED    SHT$$INIT_ARRAY$$Limit
08001d80   Sonar_Array
0000cc3c   _Dclass
0000c548   _Dtest
00000800   __SYSMEM_SIZE
0000d358   __TI_CINIT_Base
0000d368   __TI_CINIT_Limit
0000d340   __TI_Handler_Table_Base
0000d34c   __TI_Handler_Table_Limit
0000a5f8   __TI_PINIT_Base
0000a5fc   __TI_PINIT_Limit
0000c020   __TI_auto_init
08001e5c   __TI_cleanup_ptr
0000cc28   __TI_decompress_none
0000cc50   __TI_decompress_rle24
08001e60   __TI_dtors_ptr
00003708   __TI_printfi
00000000   __TI_static_base__
0000cbe8   __TI_zero_init
0000be60   __aeabi_cdcmpeq
0000be60   __aeabi_cdcmple
0000bf40   __aeabi_cdrcmple
0000c8b4   __aeabi_d2f
0000c7a4   __aeabi_d2iz
0000c800   __aeabi_d2uiz
0000b06c   __aeabi_dadd
0000b474   __aeabi_ddiv
0000bb3c   __aeabi_dmul
0000b060   __aeabi_dsub
0000c744   __aeabi_f2d
0000b8dc   __aeabi_fadd
0000c0f4   __aeabi_fdiv
0000c278   __aeabi_fmul
0000b8d8   __aeabi_fsub
0000ca9c   __aeabi_i2d
0000c90c   __aeabi_idivmod
0000c1c8   __aeabi_memclr
0000c1c8   __aeabi_memclr4
0000c1c8   __aeabi_memclr8
0000b604   __aeabi_memcpy
0000b604   __aeabi_memcpy4
0000b604   __aeabi_memcpy8
0000c1cc   __aeabi_memset
0000c1cc   __aeabi_memset4
0000c1cc   __aeabi_memset8
0000cb10   __aeabi_ui2d
0000cad8   __aeabi_ui2f
0000c9b8   __aeabi_uidivmod
0000a8cc   __aeabi_uldivmod
ffffffff   __binit__
ffffffff   __c_args__
0000b274   _c_int00
0000a508   _coreClearAuxiliaryDataFault_
0000a524   _coreClearAuxiliaryInstructionFault_
0000a4d0   _coreClearDataFaultAddress_
0000a498   _coreClearDataFault_
0000a4ec   _coreClearInstructionFaultAddress_
0000a4b4   _coreClearInstructionFault_
0000a3fc   _coreDisableEventBusExport_
0000a460   _coreDisableFlashEcc_
0000a42c   _coreDisableRamEcc_
0000a3e4   _coreEnableEventBusExport_
0000a444   _coreEnableFlashEcc_
0000a478   _coreEnableIrqVicOffset_
0000a414   _coreEnableRamEcc_
0000a500   _coreGetAuxiliaryDataFault_
0000a51c   _coreGetAuxiliaryInstructionFault_
0000a4c8   _coreGetDataFaultAddress_
0000a490   _coreGetDataFault_
0000a4e4   _coreGetInstructionFaultAddress_
0000a4ac   _coreGetInstructionFault_
0000a2c0   _coreInitRegisters_
0000a378   _coreInitStackPointer_
0000d17c   _ctypes_
0000bd78   _dabort
00008e7c   _delay
0000a540   _disable_FIQ_interrupt_
0000a548   _disable_IRQ_interrupt_
0000a538   _disable_interrupt_
0000a550   _enable_interrupt_
0000a5e0   _errata_CORTEXR4_66_
0000a558   _esmCcmErrorsClear_
0000a3c4   _getCPSRValue_
0000a3cc   _gotoCPUIdle_
08001e54   _lock
0000cbdc   _nop
0000bccc   _pmuDisableCountersGlobal_
0000bcb4   _pmuEnableCountersGlobal_
0000bd4c   _pmuGetCycleCount_
0000bd54   _pmuGetEventCount_
0000bd64   _pmuGetOverflow_
0000bc64   _pmuInit_
0000bd14   _pmuResetCounters_
0000bce4   _pmuResetCycleCounter_
0000bcfc   _pmuResetEventCounters_
0000bd3c   _pmuSetCountEvent_
0000bd2c   _pmuStartCounters_
0000bd34   _pmuStopCounters_
0000cbd0   _register_lock
0000cbc4   _register_unlock
08001500   _sys_memory
08001e58   _unlock
0000c6d4   abort
00005054   adc1GetConfigValue
0000c964   adc1Group0Interrupt
0000c988   adc1Group1Interrupt
00000fe4   adc1ParityCheck
00004c28   adcCalibration
00004ff4   adcDisableNotification
00004fa4   adcEnableNotification
00004a38   adcGetData
0000503c   adcGetEVTPin
00004840   adcInit
00004bf8   adcIsConversionComplete
00004bc8   adcIsFifoFull
00004e04   adcMidPointCalibration
00009fd0   adcNotification
00004a10   adcResetFiFo
0000501c   adcSetEVTPin
0000499c   adcStartConversion
000049e8   adcStopConversion
08001f20   adc_data
08001dee   adc_data_is_ready
00009578   addADCSample
0000971c   addSonarSample
0000900c   addSonarSensor
0000c440   atoi
ffffffff   binit
000092b8   calculateSonarDistance
00008e18   calloc
0000109c   can1ParityCheck
00001178   can2ParityCheck
00006348   capGetSignal
00000030   ccmSelfCheck
00002014   ccmr4GetConfigValue
00000918   checkB0RAMECC
00000b08   checkB1RAMECC
000015e4   checkClockMonitor
00000cf8   checkFlashECC
000016b8   checkFlashEEPROMECC
00001860   checkPLL1Slip
0000197c   checkRAMAddrParity
0000139c   checkRAMECC
00001a84   checkRAMUERRTest
0000079c   checkefcSelfTest
08001e64   command
00009480   copySerialData
0000c5cc   copy_in
00000234   cpuSelfTest
00000ddc   cpuSelfTestFail
08001dfc   current_postion
08001e00   current_speed
00000dd4   custom_dabort
00009410   delay
08001df4   deltaT
0000240c   disableParity
000085f8   dwdClearFlag
0000852c   dwdCounterEnable
00008574   dwdGenerateSysReset
000085c4   dwdGetStatus
00008608   dwdGetViolationStatus
000084b0   dwdInit
00008558   dwdReset
0000853c   dwdSetPreload
00008520   dwwdGetCurrentDownCounter
000084d8   dwwdInit
00006308   edgeDisableNotification
000062cc   edgeEnableNotification
000062a0   edgeGetCounter
0000a204   edgeNotification
00006274   edgeResetCounter
00000640   efcCheck
00001f78   efcGetConfigValue
00000774   efcSelfTest
000006c8   efcStuckZeroTest
000023b8   enableParity
000046c0   eqep1GetConfigValue
00003ce0   eqepClearAllInterruptFlags
00003cfc   eqepClearInterruptFlag
00003d24   eqepClearPosnCounter
00003d40   eqepDisableAllInterrupts
00003d5c   eqepDisableCapture
00003d7c   eqepDisableGateIndex
00003da0   eqepDisableInterrupt
00003dd0   eqepDisablePosnCompare
00003df4   eqepDisablePosnCompareShadow
00003e14   eqepDisableSyncOut
00003e38   eqepDisableUnitTimer
00003e5c   eqepDisableWatchdog
00003e80   eqepEnableCapture
00003ea0   eqepEnableCounter
00003ec0   eqepEnableGateIndex
00003ee0   eqepEnableInterrupt
00003f08   eqepEnablePosnCompare
00003f28   eqepEnablePosnCompareShadow
00003f48   eqepEnableSyncOut
00003f68   eqepEnableUnitTimer
00003f88   eqepEnableWatchdog
00003fa8   eqepForceInterrupt
0000c85c   eqepInterrupt
0000a234   eqepNotification
00003fd0   eqepReadCapturePeriodLatch
00003fe8   eqepReadCaptureTimerLatch
00004000   eqepReadInterruptFlag
00004024   eqepReadPosnCompare
0000403c   eqepReadPosnCount
00004054   eqepReadPosnIndexLatch
0000406c   eqepReadPosnLatch
00004084   eqepReadPosnStrobeLatch
0000409c   eqepReadStatus
000040b4   eqepResetCounter
000045f0   eqepSetAPolarity
0000462c   eqepSetBPolarity
000040d8   eqepSetCaptureLatchMode
00004114   eqepSetCapturePeriod
00004134   eqepSetCapturePrescale
00004170   eqepSetEmuControl
000041a8   eqepSetExtClockRate
000041e4   eqepSetIndexEventInit
00004220   eqepSetIndexEventLatch
0000425c   eqepSetIndexPolarity
00004298   eqepSetMaxPosnCount
000042b8   eqepSetPosnComparePulseWidth
000042fc   eqepSetPosnCompareShadowLoad
00004338   eqepSetPosnCountResetMode
00004374   eqepSetPosnInitCount
00004668   eqepSetQEPSource
00004394   eqepSetSelectSyncPin
000043d0   eqepSetSoftInit
0000440c   eqepSetStrobeEventInit
00004448   eqepSetStrobeEventLatch
00004484   eqepSetStrobePolarity
000044c0   eqepSetSwapQuadInputs
000044fc   eqepSetSynchOutputComparePolarity
00004538   eqepSetUnitPeriod
00004558   eqepSetUnitPosnPrescale
00004594   eqepSetWatchdogPeriod
000045b4   eqepSetupStrobeEventLatch
000046a0   eqepWritePosnCompare
00002090   errata_PBIST_4
00007db4   esmActivateNormalOperation
00007e98   esmClearStatus
00007ed8   esmClearStatusBuffer
00007d78   esmDisableError
00007df0   esmDisableInterrupt
00007d4c   esmEnableError
00007dc4   esmEnableInterrupt
00007ff8   esmEnterSelfTest
00007d30   esmError
000080d0   esmGetConfigValue
00007f24   esmGetStatus
00007f98   esmGetStatusBuffer
00009f64   esmGroup1Notification
00009f74   esmGroup2Notification
0000ba0c   esmHighInterrupt
00007c04   esmInit
00008080   esmSelfTestStatus
00007f04   esmSetCounterPreloadValue
00007e1c   esmSetInterruptLevel
00007da4   esmTriggerErrorPinReset
0000c6e0   exit
00001be0   fmcBus1ParityCheck
0000083c   fmcBus2Check
00000878   fmcECCcheck
00008a08   free
00008ff4   getDistance
0000913c   getNextSonar
000096d0   getSonarSensor
08001dea   get_sonar_sensor
00009df0   gioDisableNotification
00009db4   gioEnableNotification
00009d1c   gioGetBit
00009e2c   gioGetConfigValue
00009d44   gioGetPort
0000ca0c   gioHighLevelInterrupt
00009bf8   gioInit
0000a000   gioNotification
00009cac   gioSetBit
00009c8c   gioSetDirection
00009cfc   gioSetPort
00009d5c   gioToggleBit
00006464   het1GetConfigValue
0000c3b8   het1LowLevelInterrupt
00000e8c   het1ParityCheck
00006444   hetGetTimestamp
00005d28   hetInit
0000a220   hetNotification
00006428   hetResetTimestamp
00000f2c   htu1ParityCheck
0000ab84   initDAC
00008eec   initSonar
08001ec8   irArray
08001deb   is_conversion_complete
08001df8   last_postion
08001def   left_motor_speed
00009a1c   linHighLevelInterrupt
00009874   linLowLevelInterrupt
0000c64c   ltoa
00006ed8   main
00008954   malloc
000053f0   mapClocks
00008ce0   memalign
0000cb44   memccpy
0000b604   memcpy
00000174   memoryInit
00009f84   memoryPort0TestFailNotification
00009fa0   memoryPort1TestFailNotification
0000c1d8   memset
00001240   mibspi1ParityCheck
0000885c   minit
0000b784   muxInit
00001d0c   pbistFail
00001d90   pbistGetConfigValue
000005a8   pbistIsTestCompleted
000005c4   pbistIsTestPassed
000005f8   pbistPortTestStatus
000004ac   pbistRun
000002cc   pbistSelfCheck
00000578   pbistStop
0000539c   periphInit
0000cc58   phantomInterrupt
0000b80c   pinmuxGetConfigValue
08001de8   print_command_error_flag
0000a750   print_debug
08001de9   print_debug_ADC
08001ded   print_debug_sonar
0000a7f8   print_error
0000a600   print_info
08001de4   print_status_flag
0000a6a8   print_warn
00006244   pwmDisableNotification
000061fc   pwmEnableNotification
00006114   pwmGetSignal
0000a1ec   pwmNotification
00005e50   pwmSetDuty
00005f8c   pwmSetSignal
00005de8   pwmStart
00005e1c   pwmStop
00008b5c   realloc
00000000   resetEntry
08001df0   right_motor_speed
0000ca58   rtiCompare0Interrupt
0000ca78   rtiCompare1Interrupt
000086b8   rtiDisableNotification
00008690   rtiEnableNotification
000086d4   rtiGetConfigValue
00008424   rtiGetCurrentTick
000083fc   rtiGetPeriod
00008230   rtiInit
00009fbc   rtiNotification
00008370   rtiResetCounter
000083d4   rtiSetPeriod
00008f14   rtiSonarNotification
00008318   rtiStartCounter
00008344   rtiStopCounter
000079b0   sciDisableLoopback
00007a08   sciDisableNotification
0000797c   sciEnableLoopback
000079cc   sciEnableNotification
0000757c   sciInit
00007864   sciIsIdleDetected
00007848   sciIsRxReady
00007728   sciIsTxReady
0000a014   sciNotification
000078dc   sciReceive
000078b0   sciReceiveByte
00007880   sciRxError
00007774   sciSend
00007744   sciSendByte
00007688   sciSetBaudrate
00007668   sciSetFunctional
00007a54   scilinGetConfigValue
00000020   selftestFailNotification
0000ac48   sendDAC
08001dec   send_serial_packet
08001e18   serialPacketRead
08001e04   serialPacketWrite
08001de7   set_encoder_switch_flag
08001de5   set_left_motor_speed_flag
08001de6   set_right_motor_speed_flag
0000535c   setupFlash
000052c4   setupPLL
0000919c   sonarEchoNotification
00005b3c   sramGetConfigValue
00009348   startFirstTrigger
00001ed8   stcGetConfigValue
000001b8   stcSelfCheck
00000dd8   stcSelfCheckFail
0000cb70   strcat
0000cb9c   strcmp
0000cc08   strlen
08001df1   switch_position
000055d0   systemGetConfigValue
000054d4   systemInit
000055a0   systemPowerDown
00005990   tcmflashGetConfigValue
00005314   trimLPO
00006718   vimChannelMap
0000690c   vimDisableInterrupt
000067b4   vimEnableInterrupt
00006990   vimGetConfigValue
00006644   vimInit
00000de0   vimParityCheck
0000adf4   vimParityErrorHandler
0000c4c4   vsprintf


GLOBAL SYMBOLS: SORTED BY Symbol Address 

address    name
--------   ----
00000000   __TI_static_base__
00000000   resetEntry
00000020   selftestFailNotification
00000030   ccmSelfCheck
00000174   memoryInit
000001b8   stcSelfCheck
00000234   cpuSelfTest
000002cc   pbistSelfCheck
000004ac   pbistRun
00000578   pbistStop
000005a8   pbistIsTestCompleted
000005c4   pbistIsTestPassed
000005f8   pbistPortTestStatus
00000640   efcCheck
000006c8   efcStuckZeroTest
00000774   efcSelfTest
0000079c   checkefcSelfTest
00000800   __SYSMEM_SIZE
0000083c   fmcBus2Check
00000878   fmcECCcheck
00000918   checkB0RAMECC
00000b08   checkB1RAMECC
00000cf8   checkFlashECC
00000dd4   custom_dabort
00000dd8   stcSelfCheckFail
00000ddc   cpuSelfTestFail
00000de0   vimParityCheck
00000e8c   het1ParityCheck
00000f2c   htu1ParityCheck
00000fe4   adc1ParityCheck
0000109c   can1ParityCheck
00001178   can2ParityCheck
00001240   mibspi1ParityCheck
0000139c   checkRAMECC
000015e4   checkClockMonitor
000016b8   checkFlashEEPROMECC
00001860   checkPLL1Slip
0000197c   checkRAMAddrParity
00001a84   checkRAMUERRTest
00001be0   fmcBus1ParityCheck
00001d0c   pbistFail
00001d90   pbistGetConfigValue
00001ed8   stcGetConfigValue
00001f78   efcGetConfigValue
00002014   ccmr4GetConfigValue
00002090   errata_PBIST_4
000023b8   enableParity
0000240c   disableParity
00003708   __TI_printfi
00003c10   QEPInit
00003ce0   eqepClearAllInterruptFlags
00003cfc   eqepClearInterruptFlag
00003d24   eqepClearPosnCounter
00003d40   eqepDisableAllInterrupts
00003d5c   eqepDisableCapture
00003d7c   eqepDisableGateIndex
00003da0   eqepDisableInterrupt
00003dd0   eqepDisablePosnCompare
00003df4   eqepDisablePosnCompareShadow
00003e14   eqepDisableSyncOut
00003e38   eqepDisableUnitTimer
00003e5c   eqepDisableWatchdog
00003e80   eqepEnableCapture
00003ea0   eqepEnableCounter
00003ec0   eqepEnableGateIndex
00003ee0   eqepEnableInterrupt
00003f08   eqepEnablePosnCompare
00003f28   eqepEnablePosnCompareShadow
00003f48   eqepEnableSyncOut
00003f68   eqepEnableUnitTimer
00003f88   eqepEnableWatchdog
00003fa8   eqepForceInterrupt
00003fd0   eqepReadCapturePeriodLatch
00003fe8   eqepReadCaptureTimerLatch
00004000   eqepReadInterruptFlag
00004024   eqepReadPosnCompare
0000403c   eqepReadPosnCount
00004054   eqepReadPosnIndexLatch
0000406c   eqepReadPosnLatch
00004084   eqepReadPosnStrobeLatch
0000409c   eqepReadStatus
000040b4   eqepResetCounter
000040d8   eqepSetCaptureLatchMode
00004114   eqepSetCapturePeriod
00004134   eqepSetCapturePrescale
00004170   eqepSetEmuControl
000041a8   eqepSetExtClockRate
000041e4   eqepSetIndexEventInit
00004220   eqepSetIndexEventLatch
0000425c   eqepSetIndexPolarity
00004298   eqepSetMaxPosnCount
000042b8   eqepSetPosnComparePulseWidth
000042fc   eqepSetPosnCompareShadowLoad
00004338   eqepSetPosnCountResetMode
00004374   eqepSetPosnInitCount
00004394   eqepSetSelectSyncPin
000043d0   eqepSetSoftInit
0000440c   eqepSetStrobeEventInit
00004448   eqepSetStrobeEventLatch
00004484   eqepSetStrobePolarity
000044c0   eqepSetSwapQuadInputs
000044fc   eqepSetSynchOutputComparePolarity
00004538   eqepSetUnitPeriod
00004558   eqepSetUnitPosnPrescale
00004594   eqepSetWatchdogPeriod
000045b4   eqepSetupStrobeEventLatch
000045f0   eqepSetAPolarity
0000462c   eqepSetBPolarity
00004668   eqepSetQEPSource
000046a0   eqepWritePosnCompare
000046c0   eqep1GetConfigValue
00004840   adcInit
0000499c   adcStartConversion
000049e8   adcStopConversion
00004a10   adcResetFiFo
00004a38   adcGetData
00004bc8   adcIsFifoFull
00004bf8   adcIsConversionComplete
00004c28   adcCalibration
00004e04   adcMidPointCalibration
00004fa4   adcEnableNotification
00004ff4   adcDisableNotification
0000501c   adcSetEVTPin
0000503c   adcGetEVTPin
00005054   adc1GetConfigValue
000052c4   setupPLL
00005314   trimLPO
0000535c   setupFlash
0000539c   periphInit
000053f0   mapClocks
000054d4   systemInit
000055a0   systemPowerDown
000055d0   systemGetConfigValue
00005990   tcmflashGetConfigValue
00005b3c   sramGetConfigValue
00005d28   hetInit
00005de8   pwmStart
00005e1c   pwmStop
00005e50   pwmSetDuty
00005f8c   pwmSetSignal
00006114   pwmGetSignal
000061fc   pwmEnableNotification
00006244   pwmDisableNotification
00006274   edgeResetCounter
000062a0   edgeGetCounter
000062cc   edgeEnableNotification
00006308   edgeDisableNotification
00006348   capGetSignal
00006428   hetResetTimestamp
00006444   hetGetTimestamp
00006464   het1GetConfigValue
00006644   vimInit
00006718   vimChannelMap
000067b4   vimEnableInterrupt
0000690c   vimDisableInterrupt
00006990   vimGetConfigValue
00006ed8   main
0000757c   sciInit
00007668   sciSetFunctional
00007688   sciSetBaudrate
00007728   sciIsTxReady
00007744   sciSendByte
00007774   sciSend
00007848   sciIsRxReady
00007864   sciIsIdleDetected
00007880   sciRxError
000078b0   sciReceiveByte
000078dc   sciReceive
0000797c   sciEnableLoopback
000079b0   sciDisableLoopback
000079cc   sciEnableNotification
00007a08   sciDisableNotification
00007a54   scilinGetConfigValue
00007c04   esmInit
00007d30   esmError
00007d4c   esmEnableError
00007d78   esmDisableError
00007da4   esmTriggerErrorPinReset
00007db4   esmActivateNormalOperation
00007dc4   esmEnableInterrupt
00007df0   esmDisableInterrupt
00007e1c   esmSetInterruptLevel
00007e98   esmClearStatus
00007ed8   esmClearStatusBuffer
00007f04   esmSetCounterPreloadValue
00007f24   esmGetStatus
00007f98   esmGetStatusBuffer
00007ff8   esmEnterSelfTest
00008080   esmSelfTestStatus
000080d0   esmGetConfigValue
00008230   rtiInit
00008318   rtiStartCounter
00008344   rtiStopCounter
00008370   rtiResetCounter
000083d4   rtiSetPeriod
000083fc   rtiGetPeriod
00008424   rtiGetCurrentTick
000084b0   dwdInit
000084d8   dwwdInit
00008520   dwwdGetCurrentDownCounter
0000852c   dwdCounterEnable
0000853c   dwdSetPreload
00008558   dwdReset
00008574   dwdGenerateSysReset
00008590   IsdwdKeySequenceCorrect
000085c4   dwdGetStatus
000085f8   dwdClearFlag
00008608   dwdGetViolationStatus
00008690   rtiEnableNotification
000086b8   rtiDisableNotification
000086d4   rtiGetConfigValue
0000885c   minit
00008954   malloc
00008a08   free
00008b5c   realloc
00008ce0   memalign
00008e18   calloc
00008e7c   _delay
00008eec   initSonar
00008f14   rtiSonarNotification
00008ff4   getDistance
0000900c   addSonarSensor
0000913c   getNextSonar
0000919c   sonarEchoNotification
000092b8   calculateSonarDistance
00009348   startFirstTrigger
00009410   delay
00009480   copySerialData
00009578   addADCSample
000096d0   getSonarSensor
0000971c   addSonarSample
00009874   linLowLevelInterrupt
00009a1c   linHighLevelInterrupt
00009bf8   gioInit
00009c8c   gioSetDirection
00009cac   gioSetBit
00009cfc   gioSetPort
00009d1c   gioGetBit
00009d44   gioGetPort
00009d5c   gioToggleBit
00009db4   gioEnableNotification
00009df0   gioDisableNotification
00009e2c   gioGetConfigValue
00009f64   esmGroup1Notification
00009f74   esmGroup2Notification
00009f84   memoryPort0TestFailNotification
00009fa0   memoryPort1TestFailNotification
00009fbc   rtiNotification
00009fd0   adcNotification
0000a000   gioNotification
0000a014   sciNotification
0000a1ec   pwmNotification
0000a204   edgeNotification
0000a220   hetNotification
0000a234   eqepNotification
0000a2c0   _coreInitRegisters_
0000a378   _coreInitStackPointer_
0000a3c4   _getCPSRValue_
0000a3cc   _gotoCPUIdle_
0000a3e4   _coreEnableEventBusExport_
0000a3fc   _coreDisableEventBusExport_
0000a414   _coreEnableRamEcc_
0000a42c   _coreDisableRamEcc_
0000a444   _coreEnableFlashEcc_
0000a460   _coreDisableFlashEcc_
0000a478   _coreEnableIrqVicOffset_
0000a490   _coreGetDataFault_
0000a498   _coreClearDataFault_
0000a4ac   _coreGetInstructionFault_
0000a4b4   _coreClearInstructionFault_
0000a4c8   _coreGetDataFaultAddress_
0000a4d0   _coreClearDataFaultAddress_
0000a4e4   _coreGetInstructionFaultAddress_
0000a4ec   _coreClearInstructionFaultAddress_
0000a500   _coreGetAuxiliaryDataFault_
0000a508   _coreClearAuxiliaryDataFault_
0000a51c   _coreGetAuxiliaryInstructionFault_
0000a524   _coreClearAuxiliaryInstructionFault_
0000a538   _disable_interrupt_
0000a540   _disable_FIQ_interrupt_
0000a548   _disable_IRQ_interrupt_
0000a550   _enable_interrupt_
0000a558   _esmCcmErrorsClear_
0000a5e0   _errata_CORTEXR4_66_
0000a5f8   __TI_PINIT_Base
0000a5fc   __TI_PINIT_Limit
0000a600   print_info
0000a6a8   print_warn
0000a750   print_debug
0000a7f8   print_error
0000a8cc   __aeabi_uldivmod
0000ab84   initDAC
0000ac48   sendDAC
0000adf4   vimParityErrorHandler
0000b060   __aeabi_dsub
0000b06c   __aeabi_dadd
0000b274   _c_int00
0000b474   __aeabi_ddiv
0000b604   __aeabi_memcpy
0000b604   __aeabi_memcpy4
0000b604   __aeabi_memcpy8
0000b604   memcpy
0000b784   muxInit
0000b80c   pinmuxGetConfigValue
0000b8d8   __aeabi_fsub
0000b8dc   __aeabi_fadd
0000ba0c   esmHighInterrupt
0000bb3c   __aeabi_dmul
0000bc64   _pmuInit_
0000bcb4   _pmuEnableCountersGlobal_
0000bccc   _pmuDisableCountersGlobal_
0000bce4   _pmuResetCycleCounter_
0000bcfc   _pmuResetEventCounters_
0000bd14   _pmuResetCounters_
0000bd2c   _pmuStartCounters_
0000bd34   _pmuStopCounters_
0000bd3c   _pmuSetCountEvent_
0000bd4c   _pmuGetCycleCount_
0000bd54   _pmuGetEventCount_
0000bd64   _pmuGetOverflow_
0000bd78   _dabort
0000be60   __aeabi_cdcmpeq
0000be60   __aeabi_cdcmple
0000bf40   __aeabi_cdrcmple
0000c020   __TI_auto_init
0000c0f4   __aeabi_fdiv
0000c1c8   __aeabi_memclr
0000c1c8   __aeabi_memclr4
0000c1c8   __aeabi_memclr8
0000c1cc   __aeabi_memset
0000c1cc   __aeabi_memset4
0000c1cc   __aeabi_memset8
0000c1d8   memset
0000c278   __aeabi_fmul
0000c3b8   het1LowLevelInterrupt
0000c440   atoi
0000c4c4   vsprintf
0000c548   _Dtest
0000c5cc   copy_in
0000c64c   ltoa
0000c6cc   C$$EXIT
0000c6d4   abort
0000c6e0   exit
0000c744   __aeabi_f2d
0000c7a4   __aeabi_d2iz
0000c800   __aeabi_d2uiz
0000c85c   eqepInterrupt
0000c8b4   __aeabi_d2f
0000c90c   __aeabi_idivmod
0000c964   adc1Group0Interrupt
0000c988   adc1Group1Interrupt
0000c9b8   __aeabi_uidivmod
0000ca0c   gioHighLevelInterrupt
0000ca58   rtiCompare0Interrupt
0000ca78   rtiCompare1Interrupt
0000ca9c   __aeabi_i2d
0000cad8   __aeabi_ui2f
0000cb10   __aeabi_ui2d
0000cb44   memccpy
0000cb70   strcat
0000cb9c   strcmp
0000cbc4   _register_unlock
0000cbd0   _register_lock
0000cbdc   _nop
0000cbe8   __TI_zero_init
0000cc08   strlen
0000cc28   __TI_decompress_none
0000cc3c   _Dclass
0000cc50   __TI_decompress_rle24
0000cc58   phantomInterrupt
0000d17c   _ctypes_
0000d340   __TI_Handler_Table_Base
0000d34c   __TI_Handler_Table_Limit
0000d358   __TI_CINIT_Base
0000d368   __TI_CINIT_Limit
08001500   _sys_memory
08001d80   Sonar_Array
08001de4   print_status_flag
08001de5   set_left_motor_speed_flag
08001de6   set_right_motor_speed_flag
08001de7   set_encoder_switch_flag
08001de8   print_command_error_flag
08001de9   print_debug_ADC
08001dea   get_sonar_sensor
08001deb   is_conversion_complete
08001dec   send_serial_packet
08001ded   print_debug_sonar
08001dee   adc_data_is_ready
08001def   left_motor_speed
08001df0   right_motor_speed
08001df1   switch_position
08001df4   deltaT
08001df8   last_postion
08001dfc   current_postion
08001e00   current_speed
08001e04   serialPacketWrite
08001e18   serialPacketRead
08001e54   _lock
08001e58   _unlock
08001e5c   __TI_cleanup_ptr
08001e60   __TI_dtors_ptr
08001e64   command
08001ec8   irArray
08001f20   adc_data
ffffffff   __binit__
ffffffff   __c_args__
ffffffff   binit
UNDEFED    SHT$$INIT_ARRAY$$Base
UNDEFED    SHT$$INIT_ARRAY$$Limit

[409 symbols]
