******************************************************************************
                  TI ARM Linker PC v5.1.6                      
******************************************************************************
>> Linked Wed Jan 20 21:49:05 2016

OUTPUT FILE NAME:   <Buddy_Firmware_Hercules.out>
ENTRY POINT SYMBOL: "_c_int00"  address: 0000af9c


MEMORY CONFIGURATION

         name            origin    length      used     unused   attr    fill
----------------------  --------  ---------  --------  --------  ----  --------
  VECTORS               00000000   00000020  00000020  00000000     X
  FLASH0                00000020   0005ffe0  0000d024  00052fbc  R  X
  STACKS                08000000   00001500  00000000  00001500  RW  
  RAM                   08001500   00006b00  00000944  000061bc  RW  


SEGMENT ALLOCATION MAP

run origin  load origin   length   init length attrs members
----------  ----------- ---------- ----------- ----- -------
00000000    00000000    0000d048   0000d048    r-x
  00000000    00000000    00000020   00000020    r-x .intvecs
  00000020    00000020    0000c928   0000c928    r-x .text
  0000c948    0000c948    000006ac   000006ac    r-- .const
  0000cff8    0000cff8    00000050   00000050    r-- .cinit
08001500    08001500    00000944   00000000    rw-
  08001500    08001500    00000800   00000000    rw- .sysmem
  08001d00    08001d00    000000c0   00000000    rw- .data
  08001dc0    08001dc0    00000084   00000000    rw- .bss


SECTION ALLOCATION MAP

 output                                  attributes/
section   page    origin      length       input sections
--------  ----  ----------  ----------   ----------------
.intvecs   0    00000000    00000020     
                  00000000    00000020     sys_intvecs.obj (.intvecs)

.text      0    00000020    0000c928     
                  00000020    000024dc     sys_selftest.obj (.text)
                  000024fc    00001714     rtsv7R4_A_le_eabi.lib : _printfi.obj (.text)
                  00003c10    00000c30     eqep.obj (.text)
                  00004840    00000a84     adc.obj (.text)
                  000052c4    00000a64     system.obj (.text)
                  00005d28    00000918     het.obj (.text)
                  00006640    00000894     sys_vim.obj (.text)
                  00006ed4    000007c8     sonar.obj (.text)
                  0000769c    00000688     sci.obj (.text)
                  00007d24    00000678     sys_main.obj (.text)
                  0000839c    0000062c     esm.obj (.text)
                  000089c8    0000062c     rti.obj (.text)
                  00008ff4    00000620     rtsv7R4_A_le_eabi.lib : memory.obj (.text)
                  00009614    00000384     sci.obj (.text:retain)
                  00009998    0000036c     gio.obj (.text)
                  00009d04    00000340     sys_core.obj (.text)
                  0000a044    000002e4     notification.obj (.text)
                  0000a328    000002cc     print_debug.obj (.text)
                  0000a5f4    000002b8     rtsv7R4_A_le_eabi.lib : ull_div32.obj (.text)
                  0000a8ac    00000270     dac_buddy.obj (.text)
                  0000ab1c    0000026c     sys_vim.obj (.text:retain)
                  0000ad88    00000214     rtsv7R4_A_le_eabi.lib : fd_add32.obj (.text)
                  0000af9c    00000200     sys_startup.obj (.text:retain)
                  0000b19c    00000190     rtsv7R4_A_le_eabi.lib : fd_div32.obj (.text)
                  0000b32c    00000180                           : memcpy32.obj (.text)
                  0000b4ac    00000154     pinmux.obj (.text)
                  0000b600    00000130     esm.obj (.text:retain)
                  0000b730    00000128     rtsv7R4_A_le_eabi.lib : fd_mul32.obj (.text)
                  0000b858    00000114     sys_pmu.obj (.text)
                  0000b96c    000000e8     dabort.obj (.text)
                  0000ba54    000000e0     rtsv7R4_A_le_eabi.lib : fd_cmp32.obj (.text:__aeabi_cdcmple)
                  0000bb34    000000e0                           : fd_cmp32.obj (.text:__aeabi_cdrcmple)
                  0000bc14    000000d4                           : auto_init.obj (.text)
                  0000bce8    000000d4                           : fs_div32.obj (.text)
                  0000bdbc    000000b0                           : memset32.obj (.text)
                  0000be6c    000000a8                           : fs_mul32.obj (.text)
                  0000bf14    00000098                           : copy_decompress_rle.obj (.text)
                  0000bfac    00000088                           : fs_cmp32.obj (.text:__aeabi_cfcmple)
                  0000c034    00000088     het.obj (.text:retain)
                  0000c0bc    00000084     rtsv7R4_A_le_eabi.lib : atoi.obj (.text)
                  0000c140    00000084                           : vsprintf.obj (.text)
                  0000c1c4    00000084                           : xdtest.obj (.text)
                  0000c248    00000080                           : cpy_tbl.obj (.text)
                  0000c2c8    00000080                           : ltoa.obj (.text)
                  0000c348    00000078                           : exit.obj (.text)
                  0000c3c0    00000070     defines.obj (.text)
                  0000c430    00000060     rtsv7R4_A_le_eabi.lib : fs_tod32.obj (.text)
                  0000c490    0000005c                           : fd_toi32.obj (.text)
                  0000c4ec    0000005c                           : fd_tou32.obj (.text)
                  0000c548    00000058     eqep.obj (.text:retain)
                  0000c5a0    00000058     rtsv7R4_A_le_eabi.lib : fd_tos32.obj (.text)
                  0000c5f8    00000058                           : i_div32.obj (.text)
                  0000c650    00000054     adc.obj (.text:retain)
                  0000c6a4    00000054     rtsv7R4_A_le_eabi.lib : u_div32.obj (.text)
                  0000c6f8    0000004c     gio.obj (.text:retain)
                  0000c744    00000044     rti.obj (.text:retain)
                  0000c788    0000003c     rtsv7R4_A_le_eabi.lib : i_tofd32.obj (.text)
                  0000c7c4    00000038                           : u_tofs32.obj (.text)
                  0000c7fc    00000034                           : u_tofd32.obj (.text)
                  0000c830    0000002c                           : memccpy.obj (.text)
                  0000c85c    0000002c                           : strcat.obj (.text)
                  0000c888    00000028                           : strcmp.obj (.text)
                  0000c8b0    00000024                           : _lock.obj (.text)
                  0000c8d4    00000020                           : copy_zero_init.obj (.text:decompress:ZI)
                  0000c8f4    00000020                           : strlen.obj (.text)
                  0000c914    00000014                           : copy_decompress_none.obj (.text:decompress:none)
                  0000c928    00000014                           : xdclass.obj (.text)
                  0000c93c    00000008                           : copy_decompress_rle.obj (.text:decompress:rle24)
                  0000c944    00000004     sys_phantom.obj (.text:retain)

.const     0    0000c948    000006ac     
                  0000c948    000003a0     het.obj (.const:het1PROGRAM)
                  0000cce8    00000180     sys_vim.obj (.const:s_vim_init)
                  0000ce68    00000104     rtsv7R4_A_le_eabi.lib : ctype.obj (.const:.string:_ctypes_)
                  0000cf6c    00000024     sys_main.obj (.const:$P$T0$1)
                  0000cf90    00000024     sys_main.obj (.const:$P$T1$2)
                  0000cfb4    00000020     het.obj (.const)
                  0000cfd4    00000018     adc.obj (.const)
                  0000cfec    00000008     sys_main.obj (.const)

.cinit     0    0000cff8    00000050     
                  0000cff8    0000002a     (.cinit..data.load) [load image, compression = rle]
                  0000d022    00000002     --HOLE-- [fill = 0]
                  0000d024    0000000c     (__TI_handler_table)
                  0000d030    00000008     (.cinit..bss.load) [load image, compression = zero_init]
                  0000d038    00000010     (__TI_cinit_table)

.sysmem    0    08001500    00000800     UNINITIALIZED
                  08001500    00000008     rtsv7R4_A_le_eabi.lib : memory.obj (.sysmem)
                  08001508    000007f8     --HOLE--

.data      0    08001d00    000000c0     UNINITIALIZED
                  08001d00    00000080     sonar.obj (.data:_skip_first_call$3)
                  08001d80    00000014     defines.obj (.data)
                  08001d94    0000000c     rtsv7R4_A_le_eabi.lib : memory.obj (.data)
                  08001da0    00000008                           : _lock.obj (.data)
                  08001da8    00000008                           : exit.obj (.data)
                  08001db0    00000008     sonar.obj (.data)
                  08001db8    00000008     sys_main.obj (.data)

.bss       0    08001dc0    00000084     UNINITIALIZED
                  08001dc0    00000064     defines.obj (.bss:command)
                  08001e24    00000014     (.common:g_sciTransfer_t)
                  08001e38    00000004     (.common:adc_data)
                  08001e3c    00000004     (.common:sonar$1)
                  08001e40    00000004     (.common:sonar$2)


LINKER GENERATED COPY TABLES

__TI_cinit_table @ 0000d038 records: 2, size/record: 8, table size: 16
	.data: load addr=0000cff8, load size=0000002a bytes, run addr=08001d00, run size=000000c0 bytes, compression=rle
	.bss: load addr=0000d030, load size=00000008 bytes, run addr=08001dc0, run size=00000084 bytes, compression=zero_init


LINKER GENERATED HANDLER TABLE

__TI_handler_table @ 0000d024 records: 3, size/record: 4, table size: 12
	index: 0, handler: __TI_zero_init
	index: 1, handler: __TI_decompress_rle24
	index: 2, handler: __TI_decompress_none


GLOBAL SYMBOLS: SORTED ALPHABETICALLY BY Name 

address    name
--------   ----
0000c348   C$$EXIT
00008d28   IsdwdKeySequenceCorrect
00003c10   QEPInit
UNDEFED    SHT$$INIT_ARRAY$$Base
UNDEFED    SHT$$INIT_ARRAY$$Limit
08001db0   Sonar_Array
0000c928   _Dclass
0000c1c4   _Dtest
00000800   __SYSMEM_SIZE
0000d038   __TI_CINIT_Base
0000d048   __TI_CINIT_Limit
0000d024   __TI_Handler_Table_Base
0000d030   __TI_Handler_Table_Limit
0000a03c   __TI_PINIT_Base
0000a040   __TI_PINIT_Limit
0000bc14   __TI_auto_init
08001da8   __TI_cleanup_ptr
0000c914   __TI_decompress_none
0000c93c   __TI_decompress_rle24
08001dac   __TI_dtors_ptr
00003708   __TI_printfi
00000000   __TI_static_base__
0000c8d4   __TI_zero_init
0000ba54   __aeabi_cdcmpeq
0000ba54   __aeabi_cdcmple
0000bb34   __aeabi_cdrcmple
0000bfac   __aeabi_cfcmpeq
0000bfac   __aeabi_cfcmple
0000c5a0   __aeabi_d2f
0000c490   __aeabi_d2iz
0000c4ec   __aeabi_d2uiz
0000ad94   __aeabi_dadd
0000b19c   __aeabi_ddiv
0000b730   __aeabi_dmul
0000ad88   __aeabi_dsub
0000c430   __aeabi_f2d
0000bce8   __aeabi_fdiv
0000be6c   __aeabi_fmul
0000c788   __aeabi_i2d
0000c5f8   __aeabi_idivmod
0000bdbc   __aeabi_memclr
0000bdbc   __aeabi_memclr4
0000bdbc   __aeabi_memclr8
0000b32c   __aeabi_memcpy
0000b32c   __aeabi_memcpy4
0000b32c   __aeabi_memcpy8
0000bdc0   __aeabi_memset
0000bdc0   __aeabi_memset4
0000bdc0   __aeabi_memset8
0000c7fc   __aeabi_ui2d
0000c7c4   __aeabi_ui2f
0000c6a4   __aeabi_uidivmod
0000a5f4   __aeabi_uldivmod
ffffffff   __binit__
ffffffff   __c_args__
0000af9c   _c_int00
00009f4c   _coreClearAuxiliaryDataFault_
00009f68   _coreClearAuxiliaryInstructionFault_
00009f14   _coreClearDataFaultAddress_
00009edc   _coreClearDataFault_
00009f30   _coreClearInstructionFaultAddress_
00009ef8   _coreClearInstructionFault_
00009e40   _coreDisableEventBusExport_
00009ea4   _coreDisableFlashEcc_
00009e70   _coreDisableRamEcc_
00009e28   _coreEnableEventBusExport_
00009e88   _coreEnableFlashEcc_
00009ebc   _coreEnableIrqVicOffset_
00009e58   _coreEnableRamEcc_
00009f44   _coreGetAuxiliaryDataFault_
00009f60   _coreGetAuxiliaryInstructionFault_
00009f0c   _coreGetDataFaultAddress_
00009ed4   _coreGetDataFault_
00009f28   _coreGetInstructionFaultAddress_
00009ef0   _coreGetInstructionFault_
00009d04   _coreInitRegisters_
00009dbc   _coreInitStackPointer_
0000ce68   _ctypes_
0000b96c   _dabort
00006ed4   _delay
00009f84   _disable_FIQ_interrupt_
00009f8c   _disable_IRQ_interrupt_
00009f7c   _disable_interrupt_
00009f94   _enable_interrupt_
0000a024   _errata_CORTEXR4_66_
00009f9c   _esmCcmErrorsClear_
00009e08   _getCPSRValue_
00009e10   _gotoCPUIdle_
08001da0   _lock
0000c8c8   _nop
0000b8c0   _pmuDisableCountersGlobal_
0000b8a8   _pmuEnableCountersGlobal_
0000b940   _pmuGetCycleCount_
0000b948   _pmuGetEventCount_
0000b958   _pmuGetOverflow_
0000b858   _pmuInit_
0000b908   _pmuResetCounters_
0000b8d8   _pmuResetCycleCounter_
0000b8f0   _pmuResetEventCounters_
0000b930   _pmuSetCountEvent_
0000b920   _pmuStartCounters_
0000b928   _pmuStopCounters_
0000c8bc   _register_lock
0000c8b0   _register_unlock
08001500   _sys_memory
08001da4   _unlock
0000c350   abort
00005054   adc1GetConfigValue
0000c650   adc1Group0Interrupt
0000c674   adc1Group1Interrupt
00000fe4   adc1ParityCheck
00004c28   adcCalibration
00004ff4   adcDisableNotification
00004fa4   adcEnableNotification
00004a38   adcGetData
0000503c   adcGetEVTPin
00004840   adcInit
00004bf8   adcIsConversionComplete
00004bc8   adcIsFifoFull
00004e04   adcMidPointCalibration
0000a0b0   adcNotification
00004a10   adcResetFiFo
0000501c   adcSetEVTPin
0000499c   adcStartConversion
000049e8   adcStopConversion
08001e38   adc_data
08001d88   adc_data_is_ready
00007128   addSonarSensor
0000c0bc   atoi
ffffffff   binit
00007434   calculateSonarDistance
000095b0   calloc
0000109c   can1ParityCheck
00001178   can2ParityCheck
00006348   capGetSignal
00000030   ccmSelfCheck
00002014   ccmr4GetConfigValue
00000918   checkB0RAMECC
00000b08   checkB1RAMECC
000015e4   checkClockMonitor
00000cf8   checkFlashECC
000016b8   checkFlashEEPROMECC
00001860   checkPLL1Slip
0000197c   checkRAMAddrParity
0000139c   checkRAMECC
00001a84   checkRAMUERRTest
0000079c   checkefcSelfTest
08001dc0   command
0000c248   copy_in
00000234   cpuSelfTest
00000ddc   cpuSelfTestFail
08001d90   current_speed
00000dd4   custom_dabort
0000c3c0   delay
08001d8c   deltaT
0000240c   disableParity
00007304   doSonar
00008d90   dwdClearFlag
00008cc4   dwdCounterEnable
00008d0c   dwdGenerateSysReset
00008d5c   dwdGetStatus
00008da0   dwdGetViolationStatus
00008c48   dwdInit
00008cf0   dwdReset
00008cd4   dwdSetPreload
00008cb8   dwwdGetCurrentDownCounter
00008c70   dwwdInit
00006308   edgeDisableNotification
000062cc   edgeEnableNotification
000062a0   edgeGetCounter
0000a2a4   edgeNotification
00006274   edgeResetCounter
00000640   efcCheck
00001f78   efcGetConfigValue
00000774   efcSelfTest
000006c8   efcStuckZeroTest
000023b8   enableParity
000046c0   eqep1GetConfigValue
00003ce0   eqepClearAllInterruptFlags
00003cfc   eqepClearInterruptFlag
00003d24   eqepClearPosnCounter
00003d40   eqepDisableAllInterrupts
00003d5c   eqepDisableCapture
00003d7c   eqepDisableGateIndex
00003da0   eqepDisableInterrupt
00003dd0   eqepDisablePosnCompare
00003df4   eqepDisablePosnCompareShadow
00003e14   eqepDisableSyncOut
00003e38   eqepDisableUnitTimer
00003e5c   eqepDisableWatchdog
00003e80   eqepEnableCapture
00003ea0   eqepEnableCounter
00003ec0   eqepEnableGateIndex
00003ee0   eqepEnableInterrupt
00003f08   eqepEnablePosnCompare
00003f28   eqepEnablePosnCompareShadow
00003f48   eqepEnableSyncOut
00003f68   eqepEnableUnitTimer
00003f88   eqepEnableWatchdog
00003fa8   eqepForceInterrupt
0000c548   eqepInterrupt
0000a2d4   eqepNotification
00003fd0   eqepReadCapturePeriodLatch
00003fe8   eqepReadCaptureTimerLatch
00004000   eqepReadInterruptFlag
00004024   eqepReadPosnCompare
0000403c   eqepReadPosnCount
00004054   eqepReadPosnIndexLatch
0000406c   eqepReadPosnLatch
00004084   eqepReadPosnStrobeLatch
0000409c   eqepReadStatus
000040b4   eqepResetCounter
000045f0   eqepSetAPolarity
0000462c   eqepSetBPolarity
000040d8   eqepSetCaptureLatchMode
00004114   eqepSetCapturePeriod
00004134   eqepSetCapturePrescale
00004170   eqepSetEmuControl
000041a8   eqepSetExtClockRate
000041e4   eqepSetIndexEventInit
00004220   eqepSetIndexEventLatch
0000425c   eqepSetIndexPolarity
00004298   eqepSetMaxPosnCount
000042b8   eqepSetPosnComparePulseWidth
000042fc   eqepSetPosnCompareShadowLoad
00004338   eqepSetPosnCountResetMode
00004374   eqepSetPosnInitCount
00004668   eqepSetQEPSource
00004394   eqepSetSelectSyncPin
000043d0   eqepSetSoftInit
0000440c   eqepSetStrobeEventInit
00004448   eqepSetStrobeEventLatch
00004484   eqepSetStrobePolarity
000044c0   eqepSetSwapQuadInputs
000044fc   eqepSetSynchOutputComparePolarity
00004538   eqepSetUnitPeriod
00004558   eqepSetUnitPosnPrescale
00004594   eqepSetWatchdogPeriod
000045b4   eqepSetupStrobeEventLatch
000046a0   eqepWritePosnCompare
00002090   errata_PBIST_4
0000854c   esmActivateNormalOperation
00008630   esmClearStatus
00008670   esmClearStatusBuffer
00008510   esmDisableError
00008588   esmDisableInterrupt
000084e4   esmEnableError
0000855c   esmEnableInterrupt
00008790   esmEnterSelfTest
000084c8   esmError
00008868   esmGetConfigValue
000086bc   esmGetStatus
00008730   esmGetStatusBuffer
0000a044   esmGroup1Notification
0000a054   esmGroup2Notification
0000b600   esmHighInterrupt
0000839c   esmInit
00008818   esmSelfTestStatus
0000869c   esmSetCounterPreloadValue
000085b4   esmSetInterruptLevel
0000853c   esmTriggerErrorPinReset
0000c35c   exit
00001be0   fmcBus1ParityCheck
0000083c   fmcBus2Check
00000878   fmcECCcheck
000091a0   free
00007110   getDistance
000072a4   getNextSonar
00007258   getSonarSensor
08001d86   get_sonar_sensor
00009b90   gioDisableNotification
00009b54   gioEnableNotification
00009abc   gioGetBit
00009bcc   gioGetConfigValue
00009ae4   gioGetPort
0000c6f8   gioHighLevelInterrupt
00009998   gioInit
0000a0d0   gioNotification
00009a4c   gioSetBit
00009a2c   gioSetDirection
00009a9c   gioSetPort
00009afc   gioToggleBit
00006464   het1GetConfigValue
0000c034   het1LowLevelInterrupt
00000e8c   het1ParityCheck
00006444   hetGetTimestamp
00005d28   hetInit
0000a2c0   hetNotification
00006428   hetResetTimestamp
00000f2c   htu1ParityCheck
0000a8ac   initDAC
00006f44   initSonar
08001d87   is_conversion_complete
08001d89   left_motor_speed
000097bc   linHighLevelInterrupt
00009614   linLowLevelInterrupt
0000c2c8   ltoa
00007d24   main
000090ec   malloc
000053f0   mapClocks
00009478   memalign
0000c830   memccpy
0000b32c   memcpy
00000174   memoryInit
0000a064   memoryPort0TestFailNotification
0000a080   memoryPort1TestFailNotification
0000bdcc   memset
00001240   mibspi1ParityCheck
00008ff4   minit
0000b4ac   muxInit
00001d0c   pbistFail
00001d90   pbistGetConfigValue
000005a8   pbistIsTestCompleted
000005c4   pbistIsTestPassed
000005f8   pbistPortTestStatus
000004ac   pbistRun
000002cc   pbistSelfCheck
00000578   pbistStop
0000539c   periphInit
0000c944   phantomInterrupt
0000b534   pinmuxGetConfigValue
08001d84   print_command_error_flag
0000a478   print_debug
08001d85   print_debug_ADC
0000a520   print_error
0000a328   print_info
08001d80   print_status_flag
0000a3d0   print_warn
00006244   pwmDisableNotification
000061fc   pwmEnableNotification
00006114   pwmGetSignal
0000a28c   pwmNotification
00005e50   pwmSetDuty
00005f8c   pwmSetSignal
00005de8   pwmStart
00005e1c   pwmStop
000092f4   realloc
00000000   resetEntry
08001d8a   right_motor_speed
0000c744   rtiCompare0Interrupt
0000c764   rtiCompare1Interrupt
00008e50   rtiDisableNotification
00008e28   rtiEnableNotification
00008e6c   rtiGetConfigValue
00008bbc   rtiGetCurrentTick
00008b94   rtiGetPeriod
000089c8   rtiInit
0000a09c   rtiNotification
00008b08   rtiResetCounter
00008b6c   rtiSetPeriod
00007030   rtiSonarNotification
00008ab0   rtiStartCounter
00008adc   rtiStopCounter
00007ad0   sciDisableLoopback
00007b28   sciDisableNotification
00007a9c   sciEnableLoopback
00007aec   sciEnableNotification
0000769c   sciInit
00007984   sciIsIdleDetected
00007968   sciIsRxReady
00007848   sciIsTxReady
0000a0e4   sciNotification
000079fc   sciReceive
000079d0   sciReceiveByte
000079a0   sciRxError
00007894   sciSend
00007864   sciSendByte
000077a8   sciSetBaudrate
00007788   sciSetFunctional
00007b74   scilinGetConfigValue
00000020   selftestFailNotification
0000a970   sendDAC
08001d83   set_encoder_switch_flag
08001d81   set_left_motor_speed_flag
08001d82   set_right_motor_speed_flag
0000535c   setupFlash
000052c4   setupPLL
00007348   sonarEchoNotification
000074f0   sonarEdgeNotification
0000763c   sonarPwmNotification
00005b3c   sramGetConfigValue
00006f84   startFirstTrigger
000075f4   startPWM_reg
00001ed8   stcGetConfigValue
000001b8   stcSelfCheck
00000dd8   stcSelfCheckFail
0000761c   stopPWM_reg
0000c85c   strcat
0000c888   strcmp
0000c8f4   strlen
08001d8b   switch_position
000055d0   systemGetConfigValue
000054d4   systemInit
000055a0   systemPowerDown
00005990   tcmflashGetConfigValue
00005314   trimLPO
00006714   vimChannelMap
00006908   vimDisableInterrupt
000067b0   vimEnableInterrupt
0000698c   vimGetConfigValue
00006640   vimInit
00000de0   vimParityCheck
0000ab1c   vimParityErrorHandler
0000c140   vsprintf


GLOBAL SYMBOLS: SORTED BY Symbol Address 

address    name
--------   ----
00000000   __TI_static_base__
00000000   resetEntry
00000020   selftestFailNotification
00000030   ccmSelfCheck
00000174   memoryInit
000001b8   stcSelfCheck
00000234   cpuSelfTest
000002cc   pbistSelfCheck
000004ac   pbistRun
00000578   pbistStop
000005a8   pbistIsTestCompleted
000005c4   pbistIsTestPassed
000005f8   pbistPortTestStatus
00000640   efcCheck
000006c8   efcStuckZeroTest
00000774   efcSelfTest
0000079c   checkefcSelfTest
00000800   __SYSMEM_SIZE
0000083c   fmcBus2Check
00000878   fmcECCcheck
00000918   checkB0RAMECC
00000b08   checkB1RAMECC
00000cf8   checkFlashECC
00000dd4   custom_dabort
00000dd8   stcSelfCheckFail
00000ddc   cpuSelfTestFail
00000de0   vimParityCheck
00000e8c   het1ParityCheck
00000f2c   htu1ParityCheck
00000fe4   adc1ParityCheck
0000109c   can1ParityCheck
00001178   can2ParityCheck
00001240   mibspi1ParityCheck
0000139c   checkRAMECC
000015e4   checkClockMonitor
000016b8   checkFlashEEPROMECC
00001860   checkPLL1Slip
0000197c   checkRAMAddrParity
00001a84   checkRAMUERRTest
00001be0   fmcBus1ParityCheck
00001d0c   pbistFail
00001d90   pbistGetConfigValue
00001ed8   stcGetConfigValue
00001f78   efcGetConfigValue
00002014   ccmr4GetConfigValue
00002090   errata_PBIST_4
000023b8   enableParity
0000240c   disableParity
00003708   __TI_printfi
00003c10   QEPInit
00003ce0   eqepClearAllInterruptFlags
00003cfc   eqepClearInterruptFlag
00003d24   eqepClearPosnCounter
00003d40   eqepDisableAllInterrupts
00003d5c   eqepDisableCapture
00003d7c   eqepDisableGateIndex
00003da0   eqepDisableInterrupt
00003dd0   eqepDisablePosnCompare
00003df4   eqepDisablePosnCompareShadow
00003e14   eqepDisableSyncOut
00003e38   eqepDisableUnitTimer
00003e5c   eqepDisableWatchdog
00003e80   eqepEnableCapture
00003ea0   eqepEnableCounter
00003ec0   eqepEnableGateIndex
00003ee0   eqepEnableInterrupt
00003f08   eqepEnablePosnCompare
00003f28   eqepEnablePosnCompareShadow
00003f48   eqepEnableSyncOut
00003f68   eqepEnableUnitTimer
00003f88   eqepEnableWatchdog
00003fa8   eqepForceInterrupt
00003fd0   eqepReadCapturePeriodLatch
00003fe8   eqepReadCaptureTimerLatch
00004000   eqepReadInterruptFlag
00004024   eqepReadPosnCompare
0000403c   eqepReadPosnCount
00004054   eqepReadPosnIndexLatch
0000406c   eqepReadPosnLatch
00004084   eqepReadPosnStrobeLatch
0000409c   eqepReadStatus
000040b4   eqepResetCounter
000040d8   eqepSetCaptureLatchMode
00004114   eqepSetCapturePeriod
00004134   eqepSetCapturePrescale
00004170   eqepSetEmuControl
000041a8   eqepSetExtClockRate
000041e4   eqepSetIndexEventInit
00004220   eqepSetIndexEventLatch
0000425c   eqepSetIndexPolarity
00004298   eqepSetMaxPosnCount
000042b8   eqepSetPosnComparePulseWidth
000042fc   eqepSetPosnCompareShadowLoad
00004338   eqepSetPosnCountResetMode
00004374   eqepSetPosnInitCount
00004394   eqepSetSelectSyncPin
000043d0   eqepSetSoftInit
0000440c   eqepSetStrobeEventInit
00004448   eqepSetStrobeEventLatch
00004484   eqepSetStrobePolarity
000044c0   eqepSetSwapQuadInputs
000044fc   eqepSetSynchOutputComparePolarity
00004538   eqepSetUnitPeriod
00004558   eqepSetUnitPosnPrescale
00004594   eqepSetWatchdogPeriod
000045b4   eqepSetupStrobeEventLatch
000045f0   eqepSetAPolarity
0000462c   eqepSetBPolarity
00004668   eqepSetQEPSource
000046a0   eqepWritePosnCompare
000046c0   eqep1GetConfigValue
00004840   adcInit
0000499c   adcStartConversion
000049e8   adcStopConversion
00004a10   adcResetFiFo
00004a38   adcGetData
00004bc8   adcIsFifoFull
00004bf8   adcIsConversionComplete
00004c28   adcCalibration
00004e04   adcMidPointCalibration
00004fa4   adcEnableNotification
00004ff4   adcDisableNotification
0000501c   adcSetEVTPin
0000503c   adcGetEVTPin
00005054   adc1GetConfigValue
000052c4   setupPLL
00005314   trimLPO
0000535c   setupFlash
0000539c   periphInit
000053f0   mapClocks
000054d4   systemInit
000055a0   systemPowerDown
000055d0   systemGetConfigValue
00005990   tcmflashGetConfigValue
00005b3c   sramGetConfigValue
00005d28   hetInit
00005de8   pwmStart
00005e1c   pwmStop
00005e50   pwmSetDuty
00005f8c   pwmSetSignal
00006114   pwmGetSignal
000061fc   pwmEnableNotification
00006244   pwmDisableNotification
00006274   edgeResetCounter
000062a0   edgeGetCounter
000062cc   edgeEnableNotification
00006308   edgeDisableNotification
00006348   capGetSignal
00006428   hetResetTimestamp
00006444   hetGetTimestamp
00006464   het1GetConfigValue
00006640   vimInit
00006714   vimChannelMap
000067b0   vimEnableInterrupt
00006908   vimDisableInterrupt
0000698c   vimGetConfigValue
00006ed4   _delay
00006f44   initSonar
00006f84   startFirstTrigger
00007030   rtiSonarNotification
00007110   getDistance
00007128   addSonarSensor
00007258   getSonarSensor
000072a4   getNextSonar
00007304   doSonar
00007348   sonarEchoNotification
00007434   calculateSonarDistance
000074f0   sonarEdgeNotification
000075f4   startPWM_reg
0000761c   stopPWM_reg
0000763c   sonarPwmNotification
0000769c   sciInit
00007788   sciSetFunctional
000077a8   sciSetBaudrate
00007848   sciIsTxReady
00007864   sciSendByte
00007894   sciSend
00007968   sciIsRxReady
00007984   sciIsIdleDetected
000079a0   sciRxError
000079d0   sciReceiveByte
000079fc   sciReceive
00007a9c   sciEnableLoopback
00007ad0   sciDisableLoopback
00007aec   sciEnableNotification
00007b28   sciDisableNotification
00007b74   scilinGetConfigValue
00007d24   main
0000839c   esmInit
000084c8   esmError
000084e4   esmEnableError
00008510   esmDisableError
0000853c   esmTriggerErrorPinReset
0000854c   esmActivateNormalOperation
0000855c   esmEnableInterrupt
00008588   esmDisableInterrupt
000085b4   esmSetInterruptLevel
00008630   esmClearStatus
00008670   esmClearStatusBuffer
0000869c   esmSetCounterPreloadValue
000086bc   esmGetStatus
00008730   esmGetStatusBuffer
00008790   esmEnterSelfTest
00008818   esmSelfTestStatus
00008868   esmGetConfigValue
000089c8   rtiInit
00008ab0   rtiStartCounter
00008adc   rtiStopCounter
00008b08   rtiResetCounter
00008b6c   rtiSetPeriod
00008b94   rtiGetPeriod
00008bbc   rtiGetCurrentTick
00008c48   dwdInit
00008c70   dwwdInit
00008cb8   dwwdGetCurrentDownCounter
00008cc4   dwdCounterEnable
00008cd4   dwdSetPreload
00008cf0   dwdReset
00008d0c   dwdGenerateSysReset
00008d28   IsdwdKeySequenceCorrect
00008d5c   dwdGetStatus
00008d90   dwdClearFlag
00008da0   dwdGetViolationStatus
00008e28   rtiEnableNotification
00008e50   rtiDisableNotification
00008e6c   rtiGetConfigValue
00008ff4   minit
000090ec   malloc
000091a0   free
000092f4   realloc
00009478   memalign
000095b0   calloc
00009614   linLowLevelInterrupt
000097bc   linHighLevelInterrupt
00009998   gioInit
00009a2c   gioSetDirection
00009a4c   gioSetBit
00009a9c   gioSetPort
00009abc   gioGetBit
00009ae4   gioGetPort
00009afc   gioToggleBit
00009b54   gioEnableNotification
00009b90   gioDisableNotification
00009bcc   gioGetConfigValue
00009d04   _coreInitRegisters_
00009dbc   _coreInitStackPointer_
00009e08   _getCPSRValue_
00009e10   _gotoCPUIdle_
00009e28   _coreEnableEventBusExport_
00009e40   _coreDisableEventBusExport_
00009e58   _coreEnableRamEcc_
00009e70   _coreDisableRamEcc_
00009e88   _coreEnableFlashEcc_
00009ea4   _coreDisableFlashEcc_
00009ebc   _coreEnableIrqVicOffset_
00009ed4   _coreGetDataFault_
00009edc   _coreClearDataFault_
00009ef0   _coreGetInstructionFault_
00009ef8   _coreClearInstructionFault_
00009f0c   _coreGetDataFaultAddress_
00009f14   _coreClearDataFaultAddress_
00009f28   _coreGetInstructionFaultAddress_
00009f30   _coreClearInstructionFaultAddress_
00009f44   _coreGetAuxiliaryDataFault_
00009f4c   _coreClearAuxiliaryDataFault_
00009f60   _coreGetAuxiliaryInstructionFault_
00009f68   _coreClearAuxiliaryInstructionFault_
00009f7c   _disable_interrupt_
00009f84   _disable_FIQ_interrupt_
00009f8c   _disable_IRQ_interrupt_
00009f94   _enable_interrupt_
00009f9c   _esmCcmErrorsClear_
0000a024   _errata_CORTEXR4_66_
0000a03c   __TI_PINIT_Base
0000a040   __TI_PINIT_Limit
0000a044   esmGroup1Notification
0000a054   esmGroup2Notification
0000a064   memoryPort0TestFailNotification
0000a080   memoryPort1TestFailNotification
0000a09c   rtiNotification
0000a0b0   adcNotification
0000a0d0   gioNotification
0000a0e4   sciNotification
0000a28c   pwmNotification
0000a2a4   edgeNotification
0000a2c0   hetNotification
0000a2d4   eqepNotification
0000a328   print_info
0000a3d0   print_warn
0000a478   print_debug
0000a520   print_error
0000a5f4   __aeabi_uldivmod
0000a8ac   initDAC
0000a970   sendDAC
0000ab1c   vimParityErrorHandler
0000ad88   __aeabi_dsub
0000ad94   __aeabi_dadd
0000af9c   _c_int00
0000b19c   __aeabi_ddiv
0000b32c   __aeabi_memcpy
0000b32c   __aeabi_memcpy4
0000b32c   __aeabi_memcpy8
0000b32c   memcpy
0000b4ac   muxInit
0000b534   pinmuxGetConfigValue
0000b600   esmHighInterrupt
0000b730   __aeabi_dmul
0000b858   _pmuInit_
0000b8a8   _pmuEnableCountersGlobal_
0000b8c0   _pmuDisableCountersGlobal_
0000b8d8   _pmuResetCycleCounter_
0000b8f0   _pmuResetEventCounters_
0000b908   _pmuResetCounters_
0000b920   _pmuStartCounters_
0000b928   _pmuStopCounters_
0000b930   _pmuSetCountEvent_
0000b940   _pmuGetCycleCount_
0000b948   _pmuGetEventCount_
0000b958   _pmuGetOverflow_
0000b96c   _dabort
0000ba54   __aeabi_cdcmpeq
0000ba54   __aeabi_cdcmple
0000bb34   __aeabi_cdrcmple
0000bc14   __TI_auto_init
0000bce8   __aeabi_fdiv
0000bdbc   __aeabi_memclr
0000bdbc   __aeabi_memclr4
0000bdbc   __aeabi_memclr8
0000bdc0   __aeabi_memset
0000bdc0   __aeabi_memset4
0000bdc0   __aeabi_memset8
0000bdcc   memset
0000be6c   __aeabi_fmul
0000bfac   __aeabi_cfcmpeq
0000bfac   __aeabi_cfcmple
0000c034   het1LowLevelInterrupt
0000c0bc   atoi
0000c140   vsprintf
0000c1c4   _Dtest
0000c248   copy_in
0000c2c8   ltoa
0000c348   C$$EXIT
0000c350   abort
0000c35c   exit
0000c3c0   delay
0000c430   __aeabi_f2d
0000c490   __aeabi_d2iz
0000c4ec   __aeabi_d2uiz
0000c548   eqepInterrupt
0000c5a0   __aeabi_d2f
0000c5f8   __aeabi_idivmod
0000c650   adc1Group0Interrupt
0000c674   adc1Group1Interrupt
0000c6a4   __aeabi_uidivmod
0000c6f8   gioHighLevelInterrupt
0000c744   rtiCompare0Interrupt
0000c764   rtiCompare1Interrupt
0000c788   __aeabi_i2d
0000c7c4   __aeabi_ui2f
0000c7fc   __aeabi_ui2d
0000c830   memccpy
0000c85c   strcat
0000c888   strcmp
0000c8b0   _register_unlock
0000c8bc   _register_lock
0000c8c8   _nop
0000c8d4   __TI_zero_init
0000c8f4   strlen
0000c914   __TI_decompress_none
0000c928   _Dclass
0000c93c   __TI_decompress_rle24
0000c944   phantomInterrupt
0000ce68   _ctypes_
0000d024   __TI_Handler_Table_Base
0000d030   __TI_Handler_Table_Limit
0000d038   __TI_CINIT_Base
0000d048   __TI_CINIT_Limit
08001500   _sys_memory
08001d80   print_status_flag
08001d81   set_left_motor_speed_flag
08001d82   set_right_motor_speed_flag
08001d83   set_encoder_switch_flag
08001d84   print_command_error_flag
08001d85   print_debug_ADC
08001d86   get_sonar_sensor
08001d87   is_conversion_complete
08001d88   adc_data_is_ready
08001d89   left_motor_speed
08001d8a   right_motor_speed
08001d8b   switch_position
08001d8c   deltaT
08001d90   current_speed
08001da0   _lock
08001da4   _unlock
08001da8   __TI_cleanup_ptr
08001dac   __TI_dtors_ptr
08001db0   Sonar_Array
08001dc0   command
08001e38   adc_data
ffffffff   __binit__
ffffffff   __c_args__
ffffffff   binit
UNDEFED    SHT$$INIT_ARRAY$$Base
UNDEFED    SHT$$INIT_ARRAY$$Limit

[404 symbols]
