<?xml version="1.0"?>
<link_info>
   <banner>TI ARM Linker PC v5.1.6</banner>
   <copyright>Copyright (c) 1996-2014 Texas Instruments Incorporated</copyright>
   <link_time>0x587714e0</link_time>
   <link_errors>0x0</link_errors>
   <output_file>Buddy_Firmware_Hercules.out</output_file>
   <entry_point>
      <name>_c_int00</name>
      <address>0xb250</address>
   </entry_point>
   <input_file_list>
      <input_file id="fl-2">
         <path>.\source\</path>
         <kind>object</kind>
         <file>adc.obj</file>
         <name>adc.obj</name>
      </input_file>
      <input_file id="fl-3">
         <path>.\source\</path>
         <kind>object</kind>
         <file>crc.obj</file>
         <name>crc.obj</name>
      </input_file>
      <input_file id="fl-4">
         <path>.\source\</path>
         <kind>object</kind>
         <file>dabort.obj</file>
         <name>dabort.obj</name>
      </input_file>
      <input_file id="fl-5">
         <path>.\source\</path>
         <kind>object</kind>
         <file>dac_buddy.obj</file>
         <name>dac_buddy.obj</name>
      </input_file>
      <input_file id="fl-6">
         <path>.\source\</path>
         <kind>object</kind>
         <file>defines.obj</file>
         <name>defines.obj</name>
      </input_file>
      <input_file id="fl-7">
         <path>.\source\</path>
         <kind>object</kind>
         <file>eqep.obj</file>
         <name>eqep.obj</name>
      </input_file>
      <input_file id="fl-8">
         <path>.\source\</path>
         <kind>object</kind>
         <file>esm.obj</file>
         <name>esm.obj</name>
      </input_file>
      <input_file id="fl-9">
         <path>.\source\</path>
         <kind>object</kind>
         <file>gio.obj</file>
         <name>gio.obj</name>
      </input_file>
      <input_file id="fl-a">
         <path>.\source\</path>
         <kind>object</kind>
         <file>het.obj</file>
         <name>het.obj</name>
      </input_file>
      <input_file id="fl-b">
         <path>.\source\</path>
         <kind>object</kind>
         <file>ir_adc.obj</file>
         <name>ir_adc.obj</name>
      </input_file>
      <input_file id="fl-c">
         <path>.\source\</path>
         <kind>object</kind>
         <file>lin.obj</file>
         <name>lin.obj</name>
      </input_file>
      <input_file id="fl-d">
         <path>.\source\</path>
         <kind>object</kind>
         <file>notification.obj</file>
         <name>notification.obj</name>
      </input_file>
      <input_file id="fl-e">
         <path>.\source\</path>
         <kind>object</kind>
         <file>pinmux.obj</file>
         <name>pinmux.obj</name>
      </input_file>
      <input_file id="fl-f">
         <path>.\source\</path>
         <kind>object</kind>
         <file>print_debug.obj</file>
         <name>print_debug.obj</name>
      </input_file>
      <input_file id="fl-10">
         <path>.\source\</path>
         <kind>object</kind>
         <file>rti.obj</file>
         <name>rti.obj</name>
      </input_file>
      <input_file id="fl-11">
         <path>.\source\</path>
         <kind>object</kind>
         <file>sci.obj</file>
         <name>sci.obj</name>
      </input_file>
      <input_file id="fl-12">
         <path>.\source\</path>
         <kind>object</kind>
         <file>sonar.obj</file>
         <name>sonar.obj</name>
      </input_file>
      <input_file id="fl-13">
         <path>.\source\</path>
         <kind>object</kind>
         <file>sys_core.obj</file>
         <name>sys_core.obj</name>
      </input_file>
      <input_file id="fl-14">
         <path>.\source\</path>
         <kind>object</kind>
         <file>sys_intvecs.obj</file>
         <name>sys_intvecs.obj</name>
      </input_file>
      <input_file id="fl-15">
         <path>.\source\</path>
         <kind>object</kind>
         <file>sys_main.obj</file>
         <name>sys_main.obj</name>
      </input_file>
      <input_file id="fl-16">
         <path>.\source\</path>
         <kind>object</kind>
         <file>sys_mpu.obj</file>
         <name>sys_mpu.obj</name>
      </input_file>
      <input_file id="fl-17">
         <path>.\source\</path>
         <kind>object</kind>
         <file>sys_pcr.obj</file>
         <name>sys_pcr.obj</name>
      </input_file>
      <input_file id="fl-18">
         <path>.\source\</path>
         <kind>object</kind>
         <file>sys_phantom.obj</file>
         <name>sys_phantom.obj</name>
      </input_file>
      <input_file id="fl-19">
         <path>.\source\</path>
         <kind>object</kind>
         <file>sys_pmu.obj</file>
         <name>sys_pmu.obj</name>
      </input_file>
      <input_file id="fl-1a">
         <path>.\source\</path>
         <kind>object</kind>
         <file>sys_selftest.obj</file>
         <name>sys_selftest.obj</name>
      </input_file>
      <input_file id="fl-1b">
         <path>.\source\</path>
         <kind>object</kind>
         <file>sys_startup.obj</file>
         <name>sys_startup.obj</name>
      </input_file>
      <input_file id="fl-1c">
         <path>.\source\</path>
         <kind>object</kind>
         <file>sys_vim.obj</file>
         <name>sys_vim.obj</name>
      </input_file>
      <input_file id="fl-1d">
         <path>.\source\</path>
         <kind>object</kind>
         <file>system.obj</file>
         <name>system.obj</name>
      </input_file>
      <input_file id="fl-1e">
         <path>.\MotorStateMachine\</path>
         <kind>object</kind>
         <file>MotorStateMachine.obj</file>
         <name>MotorStateMachine.obj</name>
      </input_file>
      <input_file id="fl-14b">
         <path>c:\ti\ccsv6\tools\compiler\arm_5.1.6\lib\</path>
         <kind>archive</kind>
         <file>rtsv7R4_A_le_eabi.lib</file>
         <name>auto_init.obj</name>
      </input_file>
      <input_file id="fl-14c">
         <path>c:\ti\ccsv6\tools\compiler\arm_5.1.6\lib\</path>
         <kind>archive</kind>
         <file>rtsv7R4_A_le_eabi.lib</file>
         <name>copy_decompress_none.obj</name>
      </input_file>
      <input_file id="fl-14d">
         <path>c:\ti\ccsv6\tools\compiler\arm_5.1.6\lib\</path>
         <kind>archive</kind>
         <file>rtsv7R4_A_le_eabi.lib</file>
         <name>copy_decompress_rle.obj</name>
      </input_file>
      <input_file id="fl-14e">
         <path>c:\ti\ccsv6\tools\compiler\arm_5.1.6\lib\</path>
         <kind>archive</kind>
         <file>rtsv7R4_A_le_eabi.lib</file>
         <name>copy_zero_init.obj</name>
      </input_file>
      <input_file id="fl-14f">
         <path>c:\ti\ccsv6\tools\compiler\arm_5.1.6\lib\</path>
         <kind>archive</kind>
         <file>rtsv7R4_A_le_eabi.lib</file>
         <name>cpy_tbl.obj</name>
      </input_file>
      <input_file id="fl-150">
         <path>c:\ti\ccsv6\tools\compiler\arm_5.1.6\lib\</path>
         <kind>archive</kind>
         <file>rtsv7R4_A_le_eabi.lib</file>
         <name>exit.obj</name>
      </input_file>
      <input_file id="fl-151">
         <path>c:\ti\ccsv6\tools\compiler\arm_5.1.6\lib\</path>
         <kind>archive</kind>
         <file>rtsv7R4_A_le_eabi.lib</file>
         <name>fd_add32.obj</name>
      </input_file>
      <input_file id="fl-152">
         <path>c:\ti\ccsv6\tools\compiler\arm_5.1.6\lib\</path>
         <kind>archive</kind>
         <file>rtsv7R4_A_le_eabi.lib</file>
         <name>fd_div32.obj</name>
      </input_file>
      <input_file id="fl-153">
         <path>c:\ti\ccsv6\tools\compiler\arm_5.1.6\lib\</path>
         <kind>archive</kind>
         <file>rtsv7R4_A_le_eabi.lib</file>
         <name>fd_mul32.obj</name>
      </input_file>
      <input_file id="fl-154">
         <path>c:\ti\ccsv6\tools\compiler\arm_5.1.6\lib\</path>
         <kind>archive</kind>
         <file>rtsv7R4_A_le_eabi.lib</file>
         <name>fd_tos32.obj</name>
      </input_file>
      <input_file id="fl-155">
         <path>c:\ti\ccsv6\tools\compiler\arm_5.1.6\lib\</path>
         <kind>archive</kind>
         <file>rtsv7R4_A_le_eabi.lib</file>
         <name>fd_tou32.obj</name>
      </input_file>
      <input_file id="fl-156">
         <path>c:\ti\ccsv6\tools\compiler\arm_5.1.6\lib\</path>
         <kind>archive</kind>
         <file>rtsv7R4_A_le_eabi.lib</file>
         <name>fs_cmp32.obj</name>
      </input_file>
      <input_file id="fl-157">
         <path>c:\ti\ccsv6\tools\compiler\arm_5.1.6\lib\</path>
         <kind>archive</kind>
         <file>rtsv7R4_A_le_eabi.lib</file>
         <name>fs_div32.obj</name>
      </input_file>
      <input_file id="fl-158">
         <path>c:\ti\ccsv6\tools\compiler\arm_5.1.6\lib\</path>
         <kind>archive</kind>
         <file>rtsv7R4_A_le_eabi.lib</file>
         <name>fs_mul32.obj</name>
      </input_file>
      <input_file id="fl-159">
         <path>c:\ti\ccsv6\tools\compiler\arm_5.1.6\lib\</path>
         <kind>archive</kind>
         <file>rtsv7R4_A_le_eabi.lib</file>
         <name>fs_tod32.obj</name>
      </input_file>
      <input_file id="fl-15a">
         <path>c:\ti\ccsv6\tools\compiler\arm_5.1.6\lib\</path>
         <kind>archive</kind>
         <file>rtsv7R4_A_le_eabi.lib</file>
         <name>i_div32.obj</name>
      </input_file>
      <input_file id="fl-15b">
         <path>c:\ti\ccsv6\tools\compiler\arm_5.1.6\lib\</path>
         <kind>archive</kind>
         <file>rtsv7R4_A_le_eabi.lib</file>
         <name>memcpy32.obj</name>
      </input_file>
      <input_file id="fl-15c">
         <path>c:\ti\ccsv6\tools\compiler\arm_5.1.6\lib\</path>
         <kind>archive</kind>
         <file>rtsv7R4_A_le_eabi.lib</file>
         <name>memory.obj</name>
      </input_file>
      <input_file id="fl-15d">
         <path>c:\ti\ccsv6\tools\compiler\arm_5.1.6\lib\</path>
         <kind>archive</kind>
         <file>rtsv7R4_A_le_eabi.lib</file>
         <name>memset32.obj</name>
      </input_file>
      <input_file id="fl-15e">
         <path>c:\ti\ccsv6\tools\compiler\arm_5.1.6\lib\</path>
         <kind>archive</kind>
         <file>rtsv7R4_A_le_eabi.lib</file>
         <name>strcat.obj</name>
      </input_file>
      <input_file id="fl-15f">
         <path>c:\ti\ccsv6\tools\compiler\arm_5.1.6\lib\</path>
         <kind>archive</kind>
         <file>rtsv7R4_A_le_eabi.lib</file>
         <name>strcmp.obj</name>
      </input_file>
      <input_file id="fl-160">
         <path>c:\ti\ccsv6\tools\compiler\arm_5.1.6\lib\</path>
         <kind>archive</kind>
         <file>rtsv7R4_A_le_eabi.lib</file>
         <name>strlen.obj</name>
      </input_file>
      <input_file id="fl-161">
         <path>c:\ti\ccsv6\tools\compiler\arm_5.1.6\lib\</path>
         <kind>archive</kind>
         <file>rtsv7R4_A_le_eabi.lib</file>
         <name>u_div32.obj</name>
      </input_file>
      <input_file id="fl-162">
         <path>c:\ti\ccsv6\tools\compiler\arm_5.1.6\lib\</path>
         <kind>archive</kind>
         <file>rtsv7R4_A_le_eabi.lib</file>
         <name>u_tofd32.obj</name>
      </input_file>
      <input_file id="fl-163">
         <path>c:\ti\ccsv6\tools\compiler\arm_5.1.6\lib\</path>
         <kind>archive</kind>
         <file>rtsv7R4_A_le_eabi.lib</file>
         <name>u_tofs32.obj</name>
      </input_file>
      <input_file id="fl-164">
         <path>c:\ti\ccsv6\tools\compiler\arm_5.1.6\lib\</path>
         <kind>archive</kind>
         <file>rtsv7R4_A_le_eabi.lib</file>
         <name>vsprintf.obj</name>
      </input_file>
      <input_file id="fl-165">
         <path>c:\ti\ccsv6\tools\compiler\arm_5.1.6\lib\</path>
         <kind>archive</kind>
         <file>rtsv7R4_A_le_eabi.lib</file>
         <name>_lock.obj</name>
      </input_file>
      <input_file id="fl-166">
         <path>c:\ti\ccsv6\tools\compiler\arm_5.1.6\lib\</path>
         <kind>archive</kind>
         <file>rtsv7R4_A_le_eabi.lib</file>
         <name>_printfi.obj</name>
      </input_file>
      <input_file id="fl-167">
         <path>c:\ti\ccsv6\tools\compiler\arm_5.1.6\lib\</path>
         <kind>archive</kind>
         <file>rtsv7R4_A_le_eabi.lib</file>
         <name>atoi.obj</name>
      </input_file>
      <input_file id="fl-168">
         <path>c:\ti\ccsv6\tools\compiler\arm_5.1.6\lib\</path>
         <kind>archive</kind>
         <file>rtsv7R4_A_le_eabi.lib</file>
         <name>ctype.obj</name>
      </input_file>
      <input_file id="fl-169">
         <path>c:\ti\ccsv6\tools\compiler\arm_5.1.6\lib\</path>
         <kind>archive</kind>
         <file>rtsv7R4_A_le_eabi.lib</file>
         <name>fd_cmp32.obj</name>
      </input_file>
      <input_file id="fl-16a">
         <path>c:\ti\ccsv6\tools\compiler\arm_5.1.6\lib\</path>
         <kind>archive</kind>
         <file>rtsv7R4_A_le_eabi.lib</file>
         <name>fd_toi32.obj</name>
      </input_file>
      <input_file id="fl-16b">
         <path>c:\ti\ccsv6\tools\compiler\arm_5.1.6\lib\</path>
         <kind>archive</kind>
         <file>rtsv7R4_A_le_eabi.lib</file>
         <name>i_tofd32.obj</name>
      </input_file>
      <input_file id="fl-16c">
         <path>c:\ti\ccsv6\tools\compiler\arm_5.1.6\lib\</path>
         <kind>archive</kind>
         <file>rtsv7R4_A_le_eabi.lib</file>
         <name>ltoa.obj</name>
      </input_file>
      <input_file id="fl-16d">
         <path>c:\ti\ccsv6\tools\compiler\arm_5.1.6\lib\</path>
         <kind>archive</kind>
         <file>rtsv7R4_A_le_eabi.lib</file>
         <name>memccpy.obj</name>
      </input_file>
      <input_file id="fl-16e">
         <path>c:\ti\ccsv6\tools\compiler\arm_5.1.6\lib\</path>
         <kind>archive</kind>
         <file>rtsv7R4_A_le_eabi.lib</file>
         <name>ull_div32.obj</name>
      </input_file>
      <input_file id="fl-16f">
         <path>c:\ti\ccsv6\tools\compiler\arm_5.1.6\lib\</path>
         <kind>archive</kind>
         <file>rtsv7R4_A_le_eabi.lib</file>
         <name>xdclass.obj</name>
      </input_file>
      <input_file id="fl-170">
         <path>c:\ti\ccsv6\tools\compiler\arm_5.1.6\lib\</path>
         <kind>archive</kind>
         <file>rtsv7R4_A_le_eabi.lib</file>
         <name>xdtest.obj</name>
      </input_file>
   </input_file_list>
   <object_component_list>
      <object_component id="oc-50">
         <name>.intvecs</name>
         <load_address>0x0</load_address>
         <run_address>0x0</run_address>
         <size>0x20</size>
         <input_file_ref idref="fl-14"/>
      </object_component>
      <object_component id="oc-75">
         <name>.text</name>
         <load_address>0x20</load_address>
         <run_address>0x20</run_address>
         <size>0x24dc</size>
         <input_file_ref idref="fl-1a"/>
      </object_component>
      <object_component id="oc-33e">
         <name>.text</name>
         <load_address>0x24fc</load_address>
         <run_address>0x24fc</run_address>
         <size>0x1714</size>
         <input_file_ref idref="fl-166"/>
      </object_component>
      <object_component id="oc-115">
         <name>.text</name>
         <load_address>0x3c10</load_address>
         <run_address>0x3c10</run_address>
         <size>0xc30</size>
         <input_file_ref idref="fl-7"/>
      </object_component>
      <object_component id="oc-11b">
         <name>.text</name>
         <load_address>0x4840</load_address>
         <run_address>0x4840</run_address>
         <size>0xa84</size>
         <input_file_ref idref="fl-2"/>
      </object_component>
      <object_component id="oc-6f">
         <name>.text</name>
         <load_address>0x52c4</load_address>
         <run_address>0x52c4</run_address>
         <size>0xa64</size>
         <input_file_ref idref="fl-1d"/>
      </object_component>
      <object_component id="oc-127">
         <name>.text</name>
         <load_address>0x5d28</load_address>
         <run_address>0x5d28</run_address>
         <size>0x91c</size>
         <input_file_ref idref="fl-a"/>
      </object_component>
      <object_component id="oc-5c">
         <name>.text</name>
         <load_address>0x6644</load_address>
         <run_address>0x6644</run_address>
         <size>0x894</size>
         <input_file_ref idref="fl-1c"/>
      </object_component>
      <object_component id="oc-133">
         <name>.text</name>
         <load_address>0x6ed8</load_address>
         <run_address>0x6ed8</run_address>
         <size>0x7b8</size>
         <input_file_ref idref="fl-12"/>
      </object_component>
      <object_component id="oc-10f">
         <name>.text</name>
         <load_address>0x7690</load_address>
         <run_address>0x7690</run_address>
         <size>0x688</size>
         <input_file_ref idref="fl-11"/>
      </object_component>
      <object_component id="oc-86">
         <name>.text</name>
         <load_address>0x7d18</load_address>
         <run_address>0x7d18</run_address>
         <size>0x644</size>
         <input_file_ref idref="fl-15"/>
      </object_component>
      <object_component id="oc-7b">
         <name>.text</name>
         <load_address>0x835c</load_address>
         <run_address>0x835c</run_address>
         <size>0x62c</size>
         <input_file_ref idref="fl-8"/>
      </object_component>
      <object_component id="oc-121">
         <name>.text</name>
         <load_address>0x8988</load_address>
         <run_address>0x8988</run_address>
         <size>0x62c</size>
         <input_file_ref idref="fl-10"/>
      </object_component>
      <object_component id="oc-103">
         <name>.text</name>
         <load_address>0x8fb4</load_address>
         <run_address>0x8fb4</run_address>
         <size>0x620</size>
         <input_file_ref idref="fl-15c"/>
      </object_component>
      <object_component id="oc-4a">
         <name>.text:retain</name>
         <load_address>0x95d4</load_address>
         <run_address>0x95d4</run_address>
         <size>0x384</size>
         <input_file_ref idref="fl-11"/>
      </object_component>
      <object_component id="oc-109">
         <name>.text</name>
         <load_address>0x9958</load_address>
         <run_address>0x9958</run_address>
         <size>0x36c</size>
         <input_file_ref idref="fl-9"/>
      </object_component>
      <object_component id="oc-6a">
         <name>.text</name>
         <load_address>0x9cc4</load_address>
         <run_address>0x9cc4</run_address>
         <size>0x340</size>
         <input_file_ref idref="fl-13"/>
      </object_component>
      <object_component id="oc-b3">
         <name>.text</name>
         <load_address>0xa004</load_address>
         <run_address>0xa004</run_address>
         <size>0x2f0</size>
         <input_file_ref idref="fl-d"/>
      </object_component>
      <object_component id="oc-143">
         <name>.text</name>
         <load_address>0xa2f4</load_address>
         <run_address>0xa2f4</run_address>
         <size>0x2e8</size>
         <input_file_ref idref="fl-6"/>
      </object_component>
      <object_component id="oc-149">
         <name>.text</name>
         <load_address>0xa5dc</load_address>
         <run_address>0xa5dc</run_address>
         <size>0x2cc</size>
         <input_file_ref idref="fl-f"/>
      </object_component>
      <object_component id="oc-35a">
         <name>.text</name>
         <load_address>0xa8a8</load_address>
         <run_address>0xa8a8</run_address>
         <size>0x2b8</size>
         <input_file_ref idref="fl-16e"/>
      </object_component>
      <object_component id="oc-12d">
         <name>.text</name>
         <load_address>0xab60</load_address>
         <run_address>0xab60</run_address>
         <size>0x270</size>
         <input_file_ref idref="fl-5"/>
      </object_component>
      <object_component id="oc-5b">
         <name>.text:retain</name>
         <load_address>0xadd0</load_address>
         <run_address>0xadd0</run_address>
         <size>0x26c</size>
         <input_file_ref idref="fl-1c"/>
      </object_component>
      <object_component id="oc-247">
         <name>.text</name>
         <load_address>0xb03c</load_address>
         <run_address>0xb03c</run_address>
         <size>0x214</size>
         <input_file_ref idref="fl-151"/>
      </object_component>
      <object_component id="oc-b">
         <name>.text:retain</name>
         <load_address>0xb250</load_address>
         <run_address>0xb250</run_address>
         <size>0x200</size>
         <input_file_ref idref="fl-1b"/>
      </object_component>
      <object_component id="oc-242">
         <name>.text</name>
         <load_address>0xb450</load_address>
         <run_address>0xb450</run_address>
         <size>0x190</size>
         <input_file_ref idref="fl-152"/>
      </object_component>
      <object_component id="oc-93">
         <name>.text</name>
         <load_address>0xb5e0</load_address>
         <run_address>0xb5e0</run_address>
         <size>0x180</size>
         <input_file_ref idref="fl-15b"/>
      </object_component>
      <object_component id="oc-e6">
         <name>.text</name>
         <load_address>0xb760</load_address>
         <run_address>0xb760</run_address>
         <size>0x154</size>
         <input_file_ref idref="fl-e"/>
      </object_component>
      <object_component id="oc-32">
         <name>.text:retain</name>
         <load_address>0xb8b4</load_address>
         <run_address>0xb8b4</run_address>
         <size>0x130</size>
         <input_file_ref idref="fl-8"/>
      </object_component>
      <object_component id="oc-273">
         <name>.text</name>
         <load_address>0xb9e4</load_address>
         <run_address>0xb9e4</run_address>
         <size>0x128</size>
         <input_file_ref idref="fl-153"/>
      </object_component>
      <object_component id="oc-ee">
         <name>.text</name>
         <load_address>0xbb0c</load_address>
         <run_address>0xbb0c</run_address>
         <size>0x114</size>
         <input_file_ref idref="fl-19"/>
      </object_component>
      <object_component id="oc-ce">
         <name>.text</name>
         <load_address>0xbc20</load_address>
         <run_address>0xbc20</run_address>
         <size>0xe8</size>
         <input_file_ref idref="fl-4"/>
      </object_component>
      <object_component id="oc-35f">
         <name>.text:__aeabi_cdcmple</name>
         <load_address>0xbd08</load_address>
         <run_address>0xbd08</run_address>
         <size>0xe0</size>
         <input_file_ref idref="fl-169"/>
      </object_component>
      <object_component id="oc-364">
         <name>.text:__aeabi_cdrcmple</name>
         <load_address>0xbde8</load_address>
         <run_address>0xbde8</run_address>
         <size>0xe0</size>
         <input_file_ref idref="fl-169"/>
      </object_component>
      <object_component id="oc-81">
         <name>.text</name>
         <load_address>0xbec8</load_address>
         <run_address>0xbec8</run_address>
         <size>0xd4</size>
         <input_file_ref idref="fl-14b"/>
      </object_component>
      <object_component id="oc-13e">
         <name>.text</name>
         <load_address>0xbf9c</load_address>
         <run_address>0xbf9c</run_address>
         <size>0xd4</size>
         <input_file_ref idref="fl-157"/>
      </object_component>
      <object_component id="oc-25e">
         <name>.text</name>
         <load_address>0xc070</load_address>
         <run_address>0xc070</run_address>
         <size>0xb0</size>
         <input_file_ref idref="fl-15d"/>
      </object_component>
      <object_component id="oc-28c">
         <name>.text</name>
         <load_address>0xc120</load_address>
         <run_address>0xc120</run_address>
         <size>0xa8</size>
         <input_file_ref idref="fl-158"/>
      </object_component>
      <object_component id="oc-a6">
         <name>.text</name>
         <load_address>0xc1c8</load_address>
         <run_address>0xc1c8</run_address>
         <size>0x98</size>
         <input_file_ref idref="fl-14d"/>
      </object_component>
      <object_component id="oc-291">
         <name>.text:__aeabi_cfcmple</name>
         <load_address>0xc260</load_address>
         <run_address>0xc260</run_address>
         <size>0x88</size>
         <input_file_ref idref="fl-156"/>
      </object_component>
      <object_component id="oc-3e">
         <name>.text:retain</name>
         <load_address>0xc2e8</load_address>
         <run_address>0xc2e8</run_address>
         <size>0x88</size>
         <input_file_ref idref="fl-a"/>
      </object_component>
      <object_component id="oc-385">
         <name>.text</name>
         <load_address>0xc370</load_address>
         <run_address>0xc370</run_address>
         <size>0x84</size>
         <input_file_ref idref="fl-167"/>
      </object_component>
      <object_component id="oc-2b2">
         <name>.text</name>
         <load_address>0xc3f4</load_address>
         <run_address>0xc3f4</run_address>
         <size>0x84</size>
         <input_file_ref idref="fl-164"/>
      </object_component>
      <object_component id="oc-3a5">
         <name>.text</name>
         <load_address>0xc478</load_address>
         <run_address>0xc478</run_address>
         <size>0x84</size>
         <input_file_ref idref="fl-170"/>
      </object_component>
      <object_component id="oc-fc">
         <name>.text</name>
         <load_address>0xc4fc</load_address>
         <run_address>0xc4fc</run_address>
         <size>0x80</size>
         <input_file_ref idref="fl-14f"/>
      </object_component>
      <object_component id="oc-36e">
         <name>.text</name>
         <load_address>0xc57c</load_address>
         <run_address>0xc57c</run_address>
         <size>0x80</size>
         <input_file_ref idref="fl-16c"/>
      </object_component>
      <object_component id="oc-8c">
         <name>.text</name>
         <load_address>0xc5fc</load_address>
         <run_address>0xc5fc</run_address>
         <size>0x78</size>
         <input_file_ref idref="fl-150"/>
      </object_component>
      <object_component id="oc-14f">
         <name>.text</name>
         <load_address>0xc674</load_address>
         <run_address>0xc674</run_address>
         <size>0x60</size>
         <input_file_ref idref="fl-159"/>
      </object_component>
      <object_component id="oc-369">
         <name>.text</name>
         <load_address>0xc6d4</load_address>
         <run_address>0xc6d4</run_address>
         <size>0x5c</size>
         <input_file_ref idref="fl-16a"/>
      </object_component>
      <object_component id="oc-24c">
         <name>.text</name>
         <load_address>0xc730</load_address>
         <run_address>0xc730</run_address>
         <size>0x5c</size>
         <input_file_ref idref="fl-155"/>
      </object_component>
      <object_component id="oc-2c">
         <name>.text:retain</name>
         <load_address>0xc78c</load_address>
         <run_address>0xc78c</run_address>
         <size>0x58</size>
         <input_file_ref idref="fl-7"/>
      </object_component>
      <object_component id="oc-287">
         <name>.text</name>
         <load_address>0xc7e4</load_address>
         <run_address>0xc7e4</run_address>
         <size>0x58</size>
         <input_file_ref idref="fl-154"/>
      </object_component>
      <object_component id="oc-29f">
         <name>.text</name>
         <load_address>0xc83c</load_address>
         <run_address>0xc83c</run_address>
         <size>0x58</size>
         <input_file_ref idref="fl-15a"/>
      </object_component>
      <object_component id="oc-23">
         <name>.text:retain</name>
         <load_address>0xc894</load_address>
         <run_address>0xc894</run_address>
         <size>0x54</size>
         <input_file_ref idref="fl-2"/>
      </object_component>
      <object_component id="oc-26e">
         <name>.text</name>
         <load_address>0xc8e8</load_address>
         <run_address>0xc8e8</run_address>
         <size>0x54</size>
         <input_file_ref idref="fl-161"/>
      </object_component>
      <object_component id="oc-38">
         <name>.text:retain</name>
         <load_address>0xc93c</load_address>
         <run_address>0xc93c</run_address>
         <size>0x4c</size>
         <input_file_ref idref="fl-9"/>
      </object_component>
      <object_component id="oc-44">
         <name>.text:retain</name>
         <load_address>0xc988</load_address>
         <run_address>0xc988</run_address>
         <size>0x44</size>
         <input_file_ref idref="fl-10"/>
      </object_component>
      <object_component id="oc-374">
         <name>.text</name>
         <load_address>0xc9cc</load_address>
         <run_address>0xc9cc</run_address>
         <size>0x3c</size>
         <input_file_ref idref="fl-16b"/>
      </object_component>
      <object_component id="oc-139">
         <name>.text</name>
         <load_address>0xca08</load_address>
         <run_address>0xca08</run_address>
         <size>0x38</size>
         <input_file_ref idref="fl-163"/>
      </object_component>
      <object_component id="oc-23d">
         <name>.text</name>
         <load_address>0xca40</load_address>
         <run_address>0xca40</run_address>
         <size>0x34</size>
         <input_file_ref idref="fl-162"/>
      </object_component>
      <object_component id="oc-37f">
         <name>.text</name>
         <load_address>0xca74</load_address>
         <run_address>0xca74</run_address>
         <size>0x2c</size>
         <input_file_ref idref="fl-16d"/>
      </object_component>
      <object_component id="oc-2a6">
         <name>.text</name>
         <load_address>0xcaa0</load_address>
         <run_address>0xcaa0</run_address>
         <size>0x2c</size>
         <input_file_ref idref="fl-15e"/>
      </object_component>
      <object_component id="oc-19a">
         <name>.text</name>
         <load_address>0xcacc</load_address>
         <run_address>0xcacc</run_address>
         <size>0x28</size>
         <input_file_ref idref="fl-15f"/>
      </object_component>
      <object_component id="oc-2f5">
         <name>.text</name>
         <load_address>0xcaf4</load_address>
         <run_address>0xcaf4</run_address>
         <size>0x24</size>
         <input_file_ref idref="fl-165"/>
      </object_component>
      <object_component id="oc-17">
         <name>.text:decompress:ZI</name>
         <load_address>0xcb18</load_address>
         <run_address>0xcb18</run_address>
         <size>0x20</size>
         <input_file_ref idref="fl-14e"/>
      </object_component>
      <object_component id="oc-2ac">
         <name>.text</name>
         <load_address>0xcb38</load_address>
         <run_address>0xcb38</run_address>
         <size>0x20</size>
         <input_file_ref idref="fl-160"/>
      </object_component>
      <object_component id="oc-11">
         <name>.text:decompress:none</name>
         <load_address>0xcb58</load_address>
         <run_address>0xcb58</run_address>
         <size>0x14</size>
         <input_file_ref idref="fl-14c"/>
      </object_component>
      <object_component id="oc-379">
         <name>.text</name>
         <load_address>0xcb6c</load_address>
         <run_address>0xcb6c</run_address>
         <size>0x14</size>
         <input_file_ref idref="fl-16f"/>
      </object_component>
      <object_component id="oc-1d">
         <name>.text:decompress:rle24</name>
         <load_address>0xcb80</load_address>
         <run_address>0xcb80</run_address>
         <size>0x8</size>
         <input_file_ref idref="fl-14d"/>
      </object_component>
      <object_component id="oc-55">
         <name>.text:retain</name>
         <load_address>0xcb88</load_address>
         <run_address>0xcb88</run_address>
         <size>0x4</size>
         <input_file_ref idref="fl-18"/>
      </object_component>
      <object_component id="oc-278">
         <name>.const:het1PROGRAM</name>
         <load_address>0xcb8c</load_address>
         <run_address>0xcb8c</run_address>
         <size>0x3a0</size>
         <input_file_ref idref="fl-a"/>
      </object_component>
      <object_component id="oc-29">
         <name>.const:s_vim_init</name>
         <load_address>0xcf2c</load_address>
         <run_address>0xcf2c</run_address>
         <size>0x180</size>
         <input_file_ref idref="fl-1c"/>
      </object_component>
      <object_component id="oc-3ae">
         <name>.const:.string:_ctypes_</name>
         <load_address>0xd0ac</load_address>
         <run_address>0xd0ac</run_address>
         <size>0x104</size>
         <input_file_ref idref="fl-168"/>
      </object_component>
      <object_component id="oc-160">
         <name>.const:$P$T0$1</name>
         <load_address>0xd1b0</load_address>
         <run_address>0xd1b0</run_address>
         <size>0x24</size>
         <input_file_ref idref="fl-15"/>
      </object_component>
      <object_component id="oc-163">
         <name>.const:$P$T1$2</name>
         <load_address>0xd1d4</load_address>
         <run_address>0xd1d4</run_address>
         <size>0x24</size>
         <input_file_ref idref="fl-15"/>
      </object_component>
      <object_component id="oc-27b">
         <name>.const</name>
         <load_address>0xd1f8</load_address>
         <run_address>0xd1f8</run_address>
         <size>0x20</size>
         <input_file_ref idref="fl-a"/>
      </object_component>
      <object_component id="oc-263">
         <name>.const</name>
         <load_address>0xd218</load_address>
         <run_address>0xd218</run_address>
         <size>0x18</size>
         <input_file_ref idref="fl-2"/>
      </object_component>
      <object_component id="oc-2e8">
         <name>.const</name>
         <load_address>0xd230</load_address>
         <run_address>0xd230</run_address>
         <size>0x8</size>
         <input_file_ref idref="fl-15"/>
      </object_component>
      <object_component id="oc-3e5">
         <name>.cinit..data.load</name>
         <load_address>0xd238</load_address>
         <run_address>0xd238</run_address>
         <size>0x36</size>
      </object_component>
      <object_component id="oc-3e2">
         <name>__TI_handler_table</name>
         <load_address>0xd270</load_address>
         <run_address>0xd270</run_address>
         <size>0xc</size>
      </object_component>
      <object_component id="oc-3e4">
         <name>.cinit..bss.load</name>
         <load_address>0xd280</load_address>
         <run_address>0xd280</run_address>
         <size>0x8</size>
      </object_component>
      <object_component id="oc-3e3">
         <name>__TI_cinit_table</name>
         <load_address>0xd288</load_address>
         <run_address>0xd288</run_address>
         <size>0x10</size>
      </object_component>
      <object_component id="oc-166">
         <name>.bss:command</name>
         <uninitialized>true</uninitialized>
         <run_address>0x8001dfc</run_address>
         <size>0x64</size>
         <input_file_ref idref="fl-6"/>
      </object_component>
      <object_component id="oc-16c">
         <name>.bss:irArray</name>
         <uninitialized>true</uninitialized>
         <run_address>0x8001e60</run_address>
         <size>0x43</size>
         <input_file_ref idref="fl-6"/>
      </object_component>
      <object_component id="oc-2a4">
         <name>.common:adc_data</name>
         <uninitialized>true</uninitialized>
         <run_address>0x8001eb8</run_address>
         <size>0x4</size>
      </object_component>
      <object_component id="oc-255">
         <name>.common:g_sciTransfer_t</name>
         <uninitialized>true</uninitialized>
         <run_address>0x8001ea4</run_address>
         <size>0x14</size>
      </object_component>
      <object_component id="oc-297">
         <name>.common:sonar$1</name>
         <uninitialized>true</uninitialized>
         <run_address>0x8001ebc</run_address>
         <size>0x4</size>
      </object_component>
      <object_component id="oc-29b">
         <name>.common:sonar$3</name>
         <uninitialized>true</uninitialized>
         <run_address>0x8001ec0</run_address>
         <size>0x4</size>
      </object_component>
      <object_component id="oc-15d">
         <name>.data</name>
         <load_address>0x8001dbc</load_address>
         <run_address>0x8001dbc</run_address>
         <size>0x1c</size>
         <input_file_ref idref="fl-15"/>
      </object_component>
      <object_component id="oc-169">
         <name>.data</name>
         <load_address>0x8001d80</load_address>
         <run_address>0x8001d80</run_address>
         <size>0x3c</size>
         <input_file_ref idref="fl-6"/>
      </object_component>
      <object_component id="oc-17f">
         <name>.data</name>
         <load_address>0x8001de4</load_address>
         <run_address>0x8001de4</run_address>
         <size>0x8</size>
         <input_file_ref idref="fl-165"/>
      </object_component>
      <object_component id="oc-182">
         <name>.data</name>
         <load_address>0x8001dec</load_address>
         <run_address>0x8001dec</run_address>
         <size>0x8</size>
         <input_file_ref idref="fl-150"/>
      </object_component>
      <object_component id="oc-237">
         <name>.data</name>
         <load_address>0x8001dd8</load_address>
         <run_address>0x8001dd8</run_address>
         <size>0xc</size>
         <input_file_ref idref="fl-15c"/>
      </object_component>
      <object_component id="oc-296">
         <name>.data:_skip_first_call$2</name>
         <load_address>0x8001d00</load_address>
         <run_address>0x8001d00</run_address>
         <size>0x80</size>
         <input_file_ref idref="fl-12"/>
      </object_component>
      <object_component id="oc-298">
         <name>.data</name>
         <load_address>0x8001df4</load_address>
         <run_address>0x8001df4</run_address>
         <size>0x8</size>
         <input_file_ref idref="fl-12"/>
      </object_component>
      <object_component id="oc-67">
         <name>.sysmem</name>
         <uninitialized>true</uninitialized>
         <run_address>0x8001500</run_address>
         <size>0x8</size>
         <input_file_ref idref="fl-15c"/>
      </object_component>
      <object_component id="oc-3e6">
         <name>.sysmem</name>
         <uninitialized>true</uninitialized>
         <run_address>0x8001500</run_address>
         <size>0x0</size>
      </object_component>
      <object_component id="oc-c">
         <name>.debug_info</name>
         <load_address>0x0</load_address>
         <run_address>0x0</run_address>
         <size>0x4e0</size>
         <input_file_ref idref="fl-1b"/>
      </object_component>
      <object_component id="oc-14">
         <name>.debug_info</name>
         <load_address>0x4e0</load_address>
         <run_address>0x4e0</run_address>
         <size>0x1ac</size>
         <input_file_ref idref="fl-14c"/>
      </object_component>
      <object_component id="oc-1b">
         <name>.debug_info</name>
         <load_address>0x68c</load_address>
         <run_address>0x68c</run_address>
         <size>0x182</size>
         <input_file_ref idref="fl-14e"/>
      </object_component>
      <object_component id="oc-20">
         <name>.debug_info</name>
         <load_address>0x80e</load_address>
         <run_address>0x80e</run_address>
         <size>0x1a6</size>
         <input_file_ref idref="fl-14d"/>
      </object_component>
      <object_component id="oc-24">
         <name>.debug_info</name>
         <load_address>0x9b4</load_address>
         <run_address>0x9b4</run_address>
         <size>0x1d5</size>
         <input_file_ref idref="fl-2"/>
      </object_component>
      <object_component id="oc-2a">
         <name>.debug_info</name>
         <load_address>0xb89</load_address>
         <run_address>0xb89</run_address>
         <size>0xf7</size>
         <input_file_ref idref="fl-1c"/>
      </object_component>
      <object_component id="oc-2d">
         <name>.debug_info</name>
         <load_address>0xc80</load_address>
         <run_address>0xc80</run_address>
         <size>0x168</size>
         <input_file_ref idref="fl-7"/>
      </object_component>
      <object_component id="oc-33">
         <name>.debug_info</name>
         <load_address>0xde8</load_address>
         <run_address>0xde8</run_address>
         <size>0x1ba</size>
         <input_file_ref idref="fl-8"/>
      </object_component>
      <object_component id="oc-39">
         <name>.debug_info</name>
         <load_address>0xfa2</load_address>
         <run_address>0xfa2</run_address>
         <size>0x170</size>
         <input_file_ref idref="fl-9"/>
      </object_component>
      <object_component id="oc-3f">
         <name>.debug_info</name>
         <load_address>0x1112</load_address>
         <run_address>0x1112</run_address>
         <size>0x197</size>
         <input_file_ref idref="fl-a"/>
      </object_component>
      <object_component id="oc-45">
         <name>.debug_info</name>
         <load_address>0x12a9</load_address>
         <run_address>0x12a9</run_address>
         <size>0x1d9</size>
         <input_file_ref idref="fl-10"/>
      </object_component>
      <object_component id="oc-4b">
         <name>.debug_info</name>
         <load_address>0x1482</load_address>
         <run_address>0x1482</run_address>
         <size>0x36f</size>
         <input_file_ref idref="fl-11"/>
      </object_component>
      <object_component id="oc-51">
         <name>.debug_info</name>
         <load_address>0x17f1</load_address>
         <run_address>0x17f1</run_address>
         <size>0x123</size>
         <input_file_ref idref="fl-14"/>
      </object_component>
      <object_component id="oc-56">
         <name>.debug_info</name>
         <load_address>0x1914</load_address>
         <run_address>0x1914</run_address>
         <size>0x14f</size>
         <input_file_ref idref="fl-18"/>
      </object_component>
      <object_component id="oc-5d">
         <name>.debug_info</name>
         <load_address>0x1a63</load_address>
         <run_address>0x1a63</run_address>
         <size>0x489</size>
         <input_file_ref idref="fl-1c"/>
      </object_component>
      <object_component id="oc-62">
         <name>.debug_info</name>
         <load_address>0x1eec</load_address>
         <run_address>0x1eec</run_address>
         <size>0x212</size>
         <input_file_ref idref="fl-1c"/>
      </object_component>
      <object_component id="oc-68">
         <name>.debug_info</name>
         <load_address>0x20fe</load_address>
         <run_address>0x20fe</run_address>
         <size>0xce</size>
         <input_file_ref idref="fl-15c"/>
      </object_component>
      <object_component id="oc-6b">
         <name>.debug_info</name>
         <load_address>0x21cc</load_address>
         <run_address>0x21cc</run_address>
         <size>0x7d4</size>
         <input_file_ref idref="fl-13"/>
      </object_component>
      <object_component id="oc-70">
         <name>.debug_info</name>
         <load_address>0x29a0</load_address>
         <run_address>0x29a0</run_address>
         <size>0x748</size>
         <input_file_ref idref="fl-1d"/>
      </object_component>
      <object_component id="oc-76">
         <name>.debug_info</name>
         <load_address>0x30e8</load_address>
         <run_address>0x30e8</run_address>
         <size>0x2814</size>
         <input_file_ref idref="fl-1a"/>
      </object_component>
      <object_component id="oc-7c">
         <name>.debug_info</name>
         <load_address>0x58fc</load_address>
         <run_address>0x58fc</run_address>
         <size>0xb80</size>
         <input_file_ref idref="fl-8"/>
      </object_component>
      <object_component id="oc-83">
         <name>.debug_info</name>
         <load_address>0x647c</load_address>
         <run_address>0x647c</run_address>
         <size>0x158</size>
         <input_file_ref idref="fl-14b"/>
      </object_component>
      <object_component id="oc-87">
         <name>.debug_info</name>
         <load_address>0x65d4</load_address>
         <run_address>0x65d4</run_address>
         <size>0x648</size>
         <input_file_ref idref="fl-15"/>
      </object_component>
      <object_component id="oc-8d">
         <name>.debug_info</name>
         <load_address>0x6c1c</load_address>
         <run_address>0x6c1c</run_address>
         <size>0x1da</size>
         <input_file_ref idref="fl-150"/>
      </object_component>
      <object_component id="oc-94">
         <name>.debug_info</name>
         <load_address>0x6df6</load_address>
         <run_address>0x6df6</run_address>
         <size>0x14f</size>
         <input_file_ref idref="fl-15b"/>
      </object_component>
      <object_component id="oc-99">
         <name>.debug_info</name>
         <load_address>0x6f45</load_address>
         <run_address>0x6f45</run_address>
         <size>0x46</size>
         <input_file_ref idref="fl-14c"/>
      </object_component>
      <object_component id="oc-9e">
         <name>.debug_info</name>
         <load_address>0x6f8b</load_address>
         <run_address>0x6f8b</run_address>
         <size>0x10a</size>
         <input_file_ref idref="fl-14c"/>
      </object_component>
      <object_component id="oc-a0">
         <name>.debug_info</name>
         <load_address>0x7095</load_address>
         <run_address>0x7095</run_address>
         <size>0x46</size>
         <input_file_ref idref="fl-14e"/>
      </object_component>
      <object_component id="oc-a5">
         <name>.debug_info</name>
         <load_address>0x70db</load_address>
         <run_address>0x70db</run_address>
         <size>0xc5</size>
         <input_file_ref idref="fl-14e"/>
      </object_component>
      <object_component id="oc-aa">
         <name>.debug_info</name>
         <load_address>0x71a0</load_address>
         <run_address>0x71a0</run_address>
         <size>0x207</size>
         <input_file_ref idref="fl-14d"/>
      </object_component>
      <object_component id="oc-ad">
         <name>.debug_info</name>
         <load_address>0x73a7</load_address>
         <run_address>0x73a7</run_address>
         <size>0xcf</size>
         <input_file_ref idref="fl-14d"/>
      </object_component>
      <object_component id="oc-ae">
         <name>.debug_info</name>
         <load_address>0x7476</load_address>
         <run_address>0x7476</run_address>
         <size>0x39</size>
         <input_file_ref idref="fl-14d"/>
      </object_component>
      <object_component id="oc-b4">
         <name>.debug_info</name>
         <load_address>0x74af</load_address>
         <run_address>0x74af</run_address>
         <size>0xb5a</size>
         <input_file_ref idref="fl-d"/>
      </object_component>
      <object_component id="oc-bc">
         <name>.debug_info</name>
         <load_address>0x8009</load_address>
         <run_address>0x8009</run_address>
         <size>0x44e</size>
         <input_file_ref idref="fl-1c"/>
      </object_component>
      <object_component id="oc-be">
         <name>.debug_info</name>
         <load_address>0x8457</load_address>
         <run_address>0x8457</run_address>
         <size>0xae</size>
         <input_file_ref idref="fl-2"/>
      </object_component>
      <object_component id="oc-c8">
         <name>.debug_info</name>
         <load_address>0x8505</load_address>
         <run_address>0x8505</run_address>
         <size>0x187</size>
         <input_file_ref idref="fl-11"/>
      </object_component>
      <object_component id="oc-cf">
         <name>.debug_info</name>
         <load_address>0x868c</load_address>
         <run_address>0x868c</run_address>
         <size>0x11b</size>
         <input_file_ref idref="fl-4"/>
      </object_component>
      <object_component id="oc-d6">
         <name>.debug_info</name>
         <load_address>0x87a7</load_address>
         <run_address>0x87a7</run_address>
         <size>0x18c</size>
         <input_file_ref idref="fl-2"/>
      </object_component>
      <object_component id="oc-db">
         <name>.debug_info</name>
         <load_address>0x8933</load_address>
         <run_address>0x8933</run_address>
         <size>0x86</size>
         <input_file_ref idref="fl-2"/>
      </object_component>
      <object_component id="oc-e3">
         <name>.debug_info</name>
         <load_address>0x89b9</load_address>
         <run_address>0x89b9</run_address>
         <size>0x1ef</size>
         <input_file_ref idref="fl-15c"/>
      </object_component>
      <object_component id="oc-e7">
         <name>.debug_info</name>
         <load_address>0x8ba8</load_address>
         <run_address>0x8ba8</run_address>
         <size>0x1f8</size>
         <input_file_ref idref="fl-e"/>
      </object_component>
      <object_component id="oc-ed">
         <name>.debug_info</name>
         <load_address>0x8da0</load_address>
         <run_address>0x8da0</run_address>
         <size>0x37a</size>
         <input_file_ref idref="fl-1d"/>
      </object_component>
      <object_component id="oc-ef">
         <name>.debug_info</name>
         <load_address>0x911a</load_address>
         <run_address>0x911a</run_address>
         <size>0x399</size>
         <input_file_ref idref="fl-19"/>
      </object_component>
      <object_component id="oc-f4">
         <name>.debug_info</name>
         <load_address>0x94b3</load_address>
         <run_address>0x94b3</run_address>
         <size>0x4ce</size>
         <input_file_ref idref="fl-1a"/>
      </object_component>
      <object_component id="oc-f6">
         <name>.debug_info</name>
         <load_address>0x9981</load_address>
         <run_address>0x9981</run_address>
         <size>0x129</size>
         <input_file_ref idref="fl-8"/>
      </object_component>
      <object_component id="oc-fb">
         <name>.debug_info</name>
         <load_address>0x9aaa</load_address>
         <run_address>0x9aaa</run_address>
         <size>0x183</size>
         <input_file_ref idref="fl-8"/>
      </object_component>
      <object_component id="oc-ff">
         <name>.debug_info</name>
         <load_address>0x9c2d</load_address>
         <run_address>0x9c2d</run_address>
         <size>0x163</size>
         <input_file_ref idref="fl-14f"/>
      </object_component>
      <object_component id="oc-107">
         <name>.debug_info</name>
         <load_address>0x9d90</load_address>
         <run_address>0x9d90</run_address>
         <size>0x873</size>
         <input_file_ref idref="fl-15c"/>
      </object_component>
      <object_component id="oc-10a">
         <name>.debug_info</name>
         <load_address>0xa603</load_address>
         <run_address>0xa603</run_address>
         <size>0x6eb</size>
         <input_file_ref idref="fl-9"/>
      </object_component>
      <object_component id="oc-110">
         <name>.debug_info</name>
         <load_address>0xacee</load_address>
         <run_address>0xacee</run_address>
         <size>0xb28</size>
         <input_file_ref idref="fl-11"/>
      </object_component>
      <object_component id="oc-116">
         <name>.debug_info</name>
         <load_address>0xb816</load_address>
         <run_address>0xb816</run_address>
         <size>0x2bb3</size>
         <input_file_ref idref="fl-7"/>
      </object_component>
      <object_component id="oc-11c">
         <name>.debug_info</name>
         <load_address>0xe3c9</load_address>
         <run_address>0xe3c9</run_address>
         <size>0xb2e</size>
         <input_file_ref idref="fl-2"/>
      </object_component>
      <object_component id="oc-122">
         <name>.debug_info</name>
         <load_address>0xeef7</load_address>
         <run_address>0xeef7</run_address>
         <size>0xd3a</size>
         <input_file_ref idref="fl-10"/>
      </object_component>
      <object_component id="oc-128">
         <name>.debug_info</name>
         <load_address>0xfc31</load_address>
         <run_address>0xfc31</run_address>
         <size>0xeaf</size>
         <input_file_ref idref="fl-a"/>
      </object_component>
      <object_component id="oc-12e">
         <name>.debug_info</name>
         <load_address>0x10ae0</load_address>
         <run_address>0x10ae0</run_address>
         <size>0x44b</size>
         <input_file_ref idref="fl-5"/>
      </object_component>
      <object_component id="oc-134">
         <name>.debug_info</name>
         <load_address>0x10f2b</load_address>
         <run_address>0x10f2b</run_address>
         <size>0xf0f</size>
         <input_file_ref idref="fl-12"/>
      </object_component>
      <object_component id="oc-13b">
         <name>.debug_info</name>
         <load_address>0x11e3a</load_address>
         <run_address>0x11e3a</run_address>
         <size>0xf9</size>
         <input_file_ref idref="fl-163"/>
      </object_component>
      <object_component id="oc-140">
         <name>.debug_info</name>
         <load_address>0x11f33</load_address>
         <run_address>0x11f33</run_address>
         <size>0x113</size>
         <input_file_ref idref="fl-157"/>
      </object_component>
      <object_component id="oc-144">
         <name>.debug_info</name>
         <load_address>0x12046</load_address>
         <run_address>0x12046</run_address>
         <size>0x346</size>
         <input_file_ref idref="fl-6"/>
      </object_component>
      <object_component id="oc-14a">
         <name>.debug_info</name>
         <load_address>0x1238c</load_address>
         <run_address>0x1238c</run_address>
         <size>0x5f3</size>
         <input_file_ref idref="fl-f"/>
      </object_component>
      <object_component id="oc-151">
         <name>.debug_info</name>
         <load_address>0x1297f</load_address>
         <run_address>0x1297f</run_address>
         <size>0xff</size>
         <input_file_ref idref="fl-159"/>
      </object_component>
      <object_component id="oc-155">
         <name>.debug_info</name>
         <load_address>0x12a7e</load_address>
         <run_address>0x12a7e</run_address>
         <size>0x1f0</size>
         <input_file_ref idref="fl-6"/>
      </object_component>
      <object_component id="oc-157">
         <name>.debug_info</name>
         <load_address>0x12c6e</load_address>
         <run_address>0x12c6e</run_address>
         <size>0x6d3</size>
         <input_file_ref idref="fl-d"/>
      </object_component>
      <object_component id="oc-159">
         <name>.debug_info</name>
         <load_address>0x13341</load_address>
         <run_address>0x13341</run_address>
         <size>0x483</size>
         <input_file_ref idref="fl-12"/>
      </object_component>
      <object_component id="oc-15b">
         <name>.debug_info</name>
         <load_address>0x137c4</load_address>
         <run_address>0x137c4</run_address>
         <size>0xb4b</size>
         <input_file_ref idref="fl-15"/>
      </object_component>
      <object_component id="oc-15e">
         <name>.debug_info</name>
         <load_address>0x1430f</load_address>
         <run_address>0x1430f</run_address>
         <size>0x112</size>
         <input_file_ref idref="fl-15"/>
      </object_component>
      <object_component id="oc-161">
         <name>.debug_info</name>
         <load_address>0x14421</load_address>
         <run_address>0x14421</run_address>
         <size>0xf2</size>
         <input_file_ref idref="fl-15"/>
      </object_component>
      <object_component id="oc-164">
         <name>.debug_info</name>
         <load_address>0x14513</load_address>
         <run_address>0x14513</run_address>
         <size>0xf2</size>
         <input_file_ref idref="fl-15"/>
      </object_component>
      <object_component id="oc-167">
         <name>.debug_info</name>
         <load_address>0x14605</load_address>
         <run_address>0x14605</run_address>
         <size>0xf2</size>
         <input_file_ref idref="fl-6"/>
      </object_component>
      <object_component id="oc-16a">
         <name>.debug_info</name>
         <load_address>0x146f7</load_address>
         <run_address>0x146f7</run_address>
         <size>0x452</size>
         <input_file_ref idref="fl-6"/>
      </object_component>
      <object_component id="oc-16d">
         <name>.debug_info</name>
         <load_address>0x14b49</load_address>
         <run_address>0x14b49</run_address>
         <size>0xf2</size>
         <input_file_ref idref="fl-6"/>
      </object_component>
      <object_component id="oc-170">
         <name>.debug_info</name>
         <load_address>0x14c3b</load_address>
         <run_address>0x14c3b</run_address>
         <size>0x161</size>
         <input_file_ref idref="fl-6"/>
      </object_component>
      <object_component id="oc-175">
         <name>.debug_info</name>
         <load_address>0x14d9c</load_address>
         <run_address>0x14d9c</run_address>
         <size>0x1c6</size>
         <input_file_ref idref="fl-d"/>
      </object_component>
      <object_component id="oc-17a">
         <name>.debug_info</name>
         <load_address>0x14f62</load_address>
         <run_address>0x14f62</run_address>
         <size>0x84</size>
         <input_file_ref idref="fl-2"/>
      </object_component>
      <object_component id="oc-180">
         <name>.debug_info</name>
         <load_address>0x14fe6</load_address>
         <run_address>0x14fe6</run_address>
         <size>0xe0</size>
         <input_file_ref idref="fl-165"/>
      </object_component>
      <object_component id="oc-183">
         <name>.debug_info</name>
         <load_address>0x150c6</load_address>
         <run_address>0x150c6</run_address>
         <size>0x103</size>
         <input_file_ref idref="fl-150"/>
      </object_component>
      <object_component id="oc-186">
         <name>.debug_info</name>
         <load_address>0x151c9</load_address>
         <run_address>0x151c9</run_address>
         <size>0x15e</size>
         <input_file_ref idref="fl-150"/>
      </object_component>
      <object_component id="oc-189">
         <name>.debug_info</name>
         <load_address>0x15327</load_address>
         <run_address>0x15327</run_address>
         <size>0x2c</size>
         <input_file_ref idref="fl-14c"/>
      </object_component>
      <object_component id="oc-190">
         <name>.debug_info</name>
         <load_address>0x15353</load_address>
         <run_address>0x15353</run_address>
         <size>0x2c</size>
         <input_file_ref idref="fl-a"/>
      </object_component>
      <object_component id="oc-19e">
         <name>.debug_info</name>
         <load_address>0x1537f</load_address>
         <run_address>0x1537f</run_address>
         <size>0x1ca</size>
         <input_file_ref idref="fl-15f"/>
      </object_component>
      <object_component id="oc-1a4">
         <name>.debug_info</name>
         <load_address>0x15549</load_address>
         <run_address>0x15549</run_address>
         <size>0x1f2</size>
         <input_file_ref idref="fl-8"/>
      </object_component>
      <object_component id="oc-1a9">
         <name>.debug_info</name>
         <load_address>0x1573b</load_address>
         <run_address>0x1573b</run_address>
         <size>0x435</size>
         <input_file_ref idref="fl-d"/>
      </object_component>
      <object_component id="oc-1ae">
         <name>.debug_info</name>
         <load_address>0x15b70</load_address>
         <run_address>0x15b70</run_address>
         <size>0x1d1</size>
         <input_file_ref idref="fl-5"/>
      </object_component>
      <object_component id="oc-1b3">
         <name>.debug_info</name>
         <load_address>0x15d41</load_address>
         <run_address>0x15d41</run_address>
         <size>0x642</size>
         <input_file_ref idref="fl-d"/>
      </object_component>
      <object_component id="oc-1b8">
         <name>.debug_info</name>
         <load_address>0x16383</load_address>
         <run_address>0x16383</run_address>
         <size>0x13e</size>
         <input_file_ref idref="fl-d"/>
      </object_component>
      <object_component id="oc-1bd">
         <name>.debug_info</name>
         <load_address>0x164c1</load_address>
         <run_address>0x164c1</run_address>
         <size>0x2cf</size>
         <input_file_ref idref="fl-2"/>
      </object_component>
      <object_component id="oc-1c2">
         <name>.debug_info</name>
         <load_address>0x16790</load_address>
         <run_address>0x16790</run_address>
         <size>0x4f</size>
         <input_file_ref idref="fl-1c"/>
      </object_component>
      <object_component id="oc-1c7">
         <name>.debug_info</name>
         <load_address>0x167df</load_address>
         <run_address>0x167df</run_address>
         <size>0x18b</size>
         <input_file_ref idref="fl-2"/>
      </object_component>
      <object_component id="oc-1cc">
         <name>.debug_info</name>
         <load_address>0x1696a</load_address>
         <run_address>0x1696a</run_address>
         <size>0x2c</size>
         <input_file_ref idref="fl-2"/>
      </object_component>
      <object_component id="oc-1d3">
         <name>.debug_info</name>
         <load_address>0x16996</load_address>
         <run_address>0x16996</run_address>
         <size>0x91</size>
         <input_file_ref idref="fl-11"/>
      </object_component>
      <object_component id="oc-1d8">
         <name>.debug_info</name>
         <load_address>0x16a27</load_address>
         <run_address>0x16a27</run_address>
         <size>0x243</size>
         <input_file_ref idref="fl-6"/>
      </object_component>
      <object_component id="oc-1dd">
         <name>.debug_info</name>
         <load_address>0x16c6a</load_address>
         <run_address>0x16c6a</run_address>
         <size>0x18e</size>
         <input_file_ref idref="fl-6"/>
      </object_component>
      <object_component id="oc-1e3">
         <name>.debug_info</name>
         <load_address>0x16df8</load_address>
         <run_address>0x16df8</run_address>
         <size>0x1b2</size>
         <input_file_ref idref="fl-2"/>
      </object_component>
      <object_component id="oc-1e6">
         <name>.debug_info</name>
         <load_address>0x16faa</load_address>
         <run_address>0x16faa</run_address>
         <size>0x2c</size>
         <input_file_ref idref="fl-15c"/>
      </object_component>
      <object_component id="oc-1eb">
         <name>.debug_info</name>
         <load_address>0x16fd6</load_address>
         <run_address>0x16fd6</run_address>
         <size>0x62</size>
         <input_file_ref idref="fl-15c"/>
      </object_component>
      <object_component id="oc-1f1">
         <name>.debug_info</name>
         <load_address>0x17038</load_address>
         <run_address>0x17038</run_address>
         <size>0xed</size>
         <input_file_ref idref="fl-e"/>
      </object_component>
      <object_component id="oc-1f4">
         <name>.debug_info</name>
         <load_address>0x17125</load_address>
         <run_address>0x17125</run_address>
         <size>0x791</size>
         <input_file_ref idref="fl-2"/>
      </object_component>
      <object_component id="oc-1f9">
         <name>.debug_info</name>
         <load_address>0x178b6</load_address>
         <run_address>0x178b6</run_address>
         <size>0x4de</size>
         <input_file_ref idref="fl-d"/>
      </object_component>
      <object_component id="oc-1fe">
         <name>.debug_info</name>
         <load_address>0x17d94</load_address>
         <run_address>0x17d94</run_address>
         <size>0x3ce</size>
         <input_file_ref idref="fl-d"/>
      </object_component>
      <object_component id="oc-203">
         <name>.debug_info</name>
         <load_address>0x18162</load_address>
         <run_address>0x18162</run_address>
         <size>0x437</size>
         <input_file_ref idref="fl-d"/>
      </object_component>
      <object_component id="oc-208">
         <name>.debug_info</name>
         <load_address>0x18599</load_address>
         <run_address>0x18599</run_address>
         <size>0x1ca</size>
         <input_file_ref idref="fl-d"/>
      </object_component>
      <object_component id="oc-20d">
         <name>.debug_info</name>
         <load_address>0x18763</load_address>
         <run_address>0x18763</run_address>
         <size>0x3d3</size>
         <input_file_ref idref="fl-a"/>
      </object_component>
      <object_component id="oc-212">
         <name>.debug_info</name>
         <load_address>0x18b36</load_address>
         <run_address>0x18b36</run_address>
         <size>0x1d8</size>
         <input_file_ref idref="fl-e"/>
      </object_component>
      <object_component id="oc-217">
         <name>.debug_info</name>
         <load_address>0x18d0e</load_address>
         <run_address>0x18d0e</run_address>
         <size>0x1de</size>
         <input_file_ref idref="fl-d"/>
      </object_component>
      <object_component id="oc-21c">
         <name>.debug_info</name>
         <load_address>0x18eec</load_address>
         <run_address>0x18eec</run_address>
         <size>0x2af</size>
         <input_file_ref idref="fl-17"/>
      </object_component>
      <object_component id="oc-221">
         <name>.debug_info</name>
         <load_address>0x1919b</load_address>
         <run_address>0x1919b</run_address>
         <size>0x510</size>
         <input_file_ref idref="fl-d"/>
      </object_component>
      <object_component id="oc-226">
         <name>.debug_info</name>
         <load_address>0x196ab</load_address>
         <run_address>0x196ab</run_address>
         <size>0x17a</size>
         <input_file_ref idref="fl-d"/>
      </object_component>
      <object_component id="oc-22e">
         <name>.debug_info</name>
         <load_address>0x19825</load_address>
         <run_address>0x19825</run_address>
         <size>0x37b</size>
         <input_file_ref idref="fl-d"/>
      </object_component>
      <object_component id="oc-236">
         <name>.debug_info</name>
         <load_address>0x19ba0</load_address>
         <run_address>0x19ba0</run_address>
         <size>0x160</size>
         <input_file_ref idref="fl-14f"/>
      </object_component>
      <object_component id="oc-238">
         <name>.debug_info</name>
         <load_address>0x19d00</load_address>
         <run_address>0x19d00</run_address>
         <size>0x119</size>
         <input_file_ref idref="fl-15c"/>
      </object_component>
      <object_component id="oc-23c">
         <name>.debug_info</name>
         <load_address>0x19e19</load_address>
         <run_address>0x19e19</run_address>
         <size>0x13b</size>
         <input_file_ref idref="fl-9"/>
      </object_component>
      <object_component id="oc-23e">
         <name>.debug_info</name>
         <load_address>0x19f54</load_address>
         <run_address>0x19f54</run_address>
         <size>0xf8</size>
         <input_file_ref idref="fl-162"/>
      </object_component>
      <object_component id="oc-244">
         <name>.debug_info</name>
         <load_address>0x1a04c</load_address>
         <run_address>0x1a04c</run_address>
         <size>0x113</size>
         <input_file_ref idref="fl-152"/>
      </object_component>
      <object_component id="oc-248">
         <name>.debug_info</name>
         <load_address>0x1a15f</load_address>
         <run_address>0x1a15f</run_address>
         <size>0x12e</size>
         <input_file_ref idref="fl-151"/>
      </object_component>
      <object_component id="oc-24f">
         <name>.debug_info</name>
         <load_address>0x1a28d</load_address>
         <run_address>0x1a28d</run_address>
         <size>0x10c</size>
         <input_file_ref idref="fl-155"/>
      </object_component>
      <object_component id="oc-258">
         <name>.debug_info</name>
         <load_address>0x1a399</load_address>
         <run_address>0x1a399</run_address>
         <size>0x13a</size>
         <input_file_ref idref="fl-7"/>
      </object_component>
      <object_component id="oc-259">
         <name>.debug_info</name>
         <load_address>0x1a4d3</load_address>
         <run_address>0x1a4d3</run_address>
         <size>0x669</size>
         <input_file_ref idref="fl-7"/>
      </object_component>
      <object_component id="oc-261">
         <name>.debug_info</name>
         <load_address>0x1ab3c</load_address>
         <run_address>0x1ab3c</run_address>
         <size>0x119</size>
         <input_file_ref idref="fl-15d"/>
      </object_component>
      <object_component id="oc-264">
         <name>.debug_info</name>
         <load_address>0x1ac55</load_address>
         <run_address>0x1ac55</run_address>
         <size>0x120</size>
         <input_file_ref idref="fl-2"/>
      </object_component>
      <object_component id="oc-268">
         <name>.debug_info</name>
         <load_address>0x1ad75</load_address>
         <run_address>0x1ad75</run_address>
         <size>0x1d4</size>
         <input_file_ref idref="fl-d"/>
      </object_component>
      <object_component id="oc-26d">
         <name>.debug_info</name>
         <load_address>0x1af49</load_address>
         <run_address>0x1af49</run_address>
         <size>0x156</size>
         <input_file_ref idref="fl-10"/>
      </object_component>
      <object_component id="oc-270">
         <name>.debug_info</name>
         <load_address>0x1b09f</load_address>
         <run_address>0x1b09f</run_address>
         <size>0x15e</size>
         <input_file_ref idref="fl-161"/>
      </object_component>
      <object_component id="oc-275">
         <name>.debug_info</name>
         <load_address>0x1b1fd</load_address>
         <run_address>0x1b1fd</run_address>
         <size>0x113</size>
         <input_file_ref idref="fl-153"/>
      </object_component>
      <object_component id="oc-279">
         <name>.debug_info</name>
         <load_address>0x1b310</load_address>
         <run_address>0x1b310</run_address>
         <size>0xf5</size>
         <input_file_ref idref="fl-a"/>
      </object_component>
      <object_component id="oc-27c">
         <name>.debug_info</name>
         <load_address>0x1b405</load_address>
         <run_address>0x1b405</run_address>
         <size>0x101</size>
         <input_file_ref idref="fl-a"/>
      </object_component>
      <object_component id="oc-27f">
         <name>.debug_info</name>
         <load_address>0x1b506</load_address>
         <run_address>0x1b506</run_address>
         <size>0x206</size>
         <input_file_ref idref="fl-a"/>
      </object_component>
      <object_component id="oc-280">
         <name>.debug_info</name>
         <load_address>0x1b70c</load_address>
         <run_address>0x1b70c</run_address>
         <size>0x2e3</size>
         <input_file_ref idref="fl-a"/>
      </object_component>
      <object_component id="oc-286">
         <name>.debug_info</name>
         <load_address>0x1b9ef</load_address>
         <run_address>0x1b9ef</run_address>
         <size>0x170</size>
         <input_file_ref idref="fl-5"/>
      </object_component>
      <object_component id="oc-288">
         <name>.debug_info</name>
         <load_address>0x1bb5f</load_address>
         <run_address>0x1bb5f</run_address>
         <size>0xff</size>
         <input_file_ref idref="fl-154"/>
      </object_component>
      <object_component id="oc-28e">
         <name>.debug_info</name>
         <load_address>0x1bc5e</load_address>
         <run_address>0x1bc5e</run_address>
         <size>0x113</size>
         <input_file_ref idref="fl-158"/>
      </object_component>
      <object_component id="oc-294">
         <name>.debug_info</name>
         <load_address>0x1bd71</load_address>
         <run_address>0x1bd71</run_address>
         <size>0xf5</size>
         <input_file_ref idref="fl-156"/>
      </object_component>
      <object_component id="oc-299">
         <name>.debug_info</name>
         <load_address>0x1be66</load_address>
         <run_address>0x1be66</run_address>
         <size>0xf8</size>
         <input_file_ref idref="fl-12"/>
      </object_component>
      <object_component id="oc-2a2">
         <name>.debug_info</name>
         <load_address>0x1bf5e</load_address>
         <run_address>0x1bf5e</run_address>
         <size>0x15c</size>
         <input_file_ref idref="fl-15a"/>
      </object_component>
      <object_component id="oc-2a9">
         <name>.debug_info</name>
         <load_address>0x1c0ba</load_address>
         <run_address>0x1c0ba</run_address>
         <size>0x1d5</size>
         <input_file_ref idref="fl-15e"/>
      </object_component>
      <object_component id="oc-2b0">
         <name>.debug_info</name>
         <load_address>0x1c28f</load_address>
         <run_address>0x1c28f</run_address>
         <size>0x19f</size>
         <input_file_ref idref="fl-160"/>
      </object_component>
      <object_component id="oc-2b5">
         <name>.debug_info</name>
         <load_address>0x1c42e</load_address>
         <run_address>0x1c42e</run_address>
         <size>0x2fa</size>
         <input_file_ref idref="fl-164"/>
      </object_component>
      <object_component id="oc-2b9">
         <name>.debug_info</name>
         <load_address>0x1c728</load_address>
         <run_address>0x1c728</run_address>
         <size>0x1e5</size>
         <input_file_ref idref="fl-f"/>
      </object_component>
      <object_component id="oc-2ba">
         <name>.debug_info</name>
         <load_address>0x1c90d</load_address>
         <run_address>0x1c90d</run_address>
         <size>0x4e</size>
         <input_file_ref idref="fl-2"/>
      </object_component>
      <object_component id="oc-2c2">
         <name>.debug_info</name>
         <load_address>0x1c95b</load_address>
         <run_address>0x1c95b</run_address>
         <size>0x273</size>
         <input_file_ref idref="fl-2"/>
      </object_component>
      <object_component id="oc-2c7">
         <name>.debug_info</name>
         <load_address>0x1cbce</load_address>
         <run_address>0x1cbce</run_address>
         <size>0xc8</size>
         <input_file_ref idref="fl-6"/>
      </object_component>
      <object_component id="oc-2ce">
         <name>.debug_info</name>
         <load_address>0x1cc96</load_address>
         <run_address>0x1cc96</run_address>
         <size>0x306</size>
         <input_file_ref idref="fl-d"/>
      </object_component>
      <object_component id="oc-2d3">
         <name>.debug_info</name>
         <load_address>0x1cf9c</load_address>
         <run_address>0x1cf9c</run_address>
         <size>0x22e</size>
         <input_file_ref idref="fl-7"/>
      </object_component>
      <object_component id="oc-2da">
         <name>.debug_info</name>
         <load_address>0x1d1ca</load_address>
         <run_address>0x1d1ca</run_address>
         <size>0x110</size>
         <input_file_ref idref="fl-12"/>
      </object_component>
      <object_component id="oc-2e1">
         <name>.debug_info</name>
         <load_address>0x1d2da</load_address>
         <run_address>0x1d2da</run_address>
         <size>0x8a</size>
         <input_file_ref idref="fl-5"/>
      </object_component>
      <object_component id="oc-2e9">
         <name>.debug_info</name>
         <load_address>0x1d364</load_address>
         <run_address>0x1d364</run_address>
         <size>0xf0</size>
         <input_file_ref idref="fl-15"/>
      </object_component>
      <object_component id="oc-2f9">
         <name>.debug_info</name>
         <load_address>0x1d454</load_address>
         <run_address>0x1d454</run_address>
         <size>0x1ec</size>
         <input_file_ref idref="fl-165"/>
      </object_component>
      <object_component id="oc-2fd">
         <name>.debug_info</name>
         <load_address>0x1d640</load_address>
         <run_address>0x1d640</run_address>
         <size>0xf1</size>
         <input_file_ref idref="fl-165"/>
      </object_component>
      <object_component id="oc-304">
         <name>.debug_info</name>
         <load_address>0x1d731</load_address>
         <run_address>0x1d731</run_address>
         <size>0xb2</size>
         <input_file_ref idref="fl-15f"/>
      </object_component>
      <object_component id="oc-309">
         <name>.debug_info</name>
         <load_address>0x1d7e3</load_address>
         <run_address>0x1d7e3</run_address>
         <size>0xc6</size>
         <input_file_ref idref="fl-e"/>
      </object_component>
      <object_component id="oc-30e">
         <name>.debug_info</name>
         <load_address>0x1d8a9</load_address>
         <run_address>0x1d8a9</run_address>
         <size>0x10c</size>
         <input_file_ref idref="fl-17"/>
      </object_component>
      <object_component id="oc-311">
         <name>.debug_info</name>
         <load_address>0x1d9b5</load_address>
         <run_address>0x1d9b5</run_address>
         <size>0xcd</size>
         <input_file_ref idref="fl-14f"/>
      </object_component>
      <object_component id="oc-31a">
         <name>.debug_info</name>
         <load_address>0x1da82</load_address>
         <run_address>0x1da82</run_address>
         <size>0xda</size>
         <input_file_ref idref="fl-5"/>
      </object_component>
      <object_component id="oc-33b">
         <name>.debug_info</name>
         <load_address>0x1db5c</load_address>
         <run_address>0x1db5c</run_address>
         <size>0xc2</size>
         <input_file_ref idref="fl-15e"/>
      </object_component>
      <object_component id="oc-33d">
         <name>.debug_info</name>
         <load_address>0x1dc1e</load_address>
         <run_address>0x1dc1e</run_address>
         <size>0xb7</size>
         <input_file_ref idref="fl-160"/>
      </object_component>
      <object_component id="oc-340">
         <name>.debug_info</name>
         <load_address>0x1dcd5</load_address>
         <run_address>0x1dcd5</run_address>
         <size>0x12c9</size>
         <input_file_ref idref="fl-166"/>
      </object_component>
      <object_component id="oc-345">
         <name>.debug_info</name>
         <load_address>0x1ef9e</load_address>
         <run_address>0x1ef9e</run_address>
         <size>0x18e</size>
         <input_file_ref idref="fl-164"/>
      </object_component>
      <object_component id="oc-351">
         <name>.debug_info</name>
         <load_address>0x1f12c</load_address>
         <run_address>0x1f12c</run_address>
         <size>0x242</size>
         <input_file_ref idref="fl-17"/>
      </object_component>
      <object_component id="oc-35c">
         <name>.debug_info</name>
         <load_address>0x1f36e</load_address>
         <run_address>0x1f36e</run_address>
         <size>0x157</size>
         <input_file_ref idref="fl-16e"/>
      </object_component>
      <object_component id="oc-361">
         <name>.debug_info</name>
         <load_address>0x1f4c5</load_address>
         <run_address>0x1f4c5</run_address>
         <size>0xf5</size>
         <input_file_ref idref="fl-169"/>
      </object_component>
      <object_component id="oc-365">
         <name>.debug_info</name>
         <load_address>0x1f5ba</load_address>
         <run_address>0x1f5ba</run_address>
         <size>0xf7</size>
         <input_file_ref idref="fl-169"/>
      </object_component>
      <object_component id="oc-36b">
         <name>.debug_info</name>
         <load_address>0x1f6b1</load_address>
         <run_address>0x1f6b1</run_address>
         <size>0x101</size>
         <input_file_ref idref="fl-16a"/>
      </object_component>
      <object_component id="oc-372">
         <name>.debug_info</name>
         <load_address>0x1f7b2</load_address>
         <run_address>0x1f7b2</run_address>
         <size>0x1a7</size>
         <input_file_ref idref="fl-16c"/>
      </object_component>
      <object_component id="oc-377">
         <name>.debug_info</name>
         <load_address>0x1f959</load_address>
         <run_address>0x1f959</run_address>
         <size>0xf6</size>
         <input_file_ref idref="fl-16b"/>
      </object_component>
      <object_component id="oc-37d">
         <name>.debug_info</name>
         <load_address>0x1fa4f</load_address>
         <run_address>0x1fa4f</run_address>
         <size>0x128</size>
         <input_file_ref idref="fl-16f"/>
      </object_component>
      <object_component id="oc-383">
         <name>.debug_info</name>
[...]
         <name>can1ParityCheck</name>
         <value>0x109c</value>
         <object_component_ref idref="oc-75"/>
      </symbol>
      <symbol id="sm-7d4">
         <name>enableParity</name>
         <value>0x23b8</value>
         <object_component_ref idref="oc-75"/>
      </symbol>
      <symbol id="sm-7d5">
         <name>custom_dabort</name>
         <value>0xdd4</value>
         <object_component_ref idref="oc-75"/>
      </symbol>
      <symbol id="sm-7d6">
         <name>memoryInit</name>
         <value>0x174</value>
         <object_component_ref idref="oc-75"/>
      </symbol>
      <symbol id="sm-7d7">
         <name>stcSelfCheck</name>
         <value>0x1b8</value>
         <object_component_ref idref="oc-75"/>
      </symbol>
      <symbol id="sm-7d8">
         <name>efcGetConfigValue</name>
         <value>0x1f78</value>
         <object_component_ref idref="oc-75"/>
      </symbol>
      <symbol id="sm-7d9">
         <name>can2ParityCheck</name>
         <value>0x1178</value>
         <object_component_ref idref="oc-75"/>
      </symbol>
      <symbol id="sm-7da">
         <name>het1ParityCheck</name>
         <value>0xe8c</value>
         <object_component_ref idref="oc-75"/>
      </symbol>
      <symbol id="sm-7db">
         <name>adc1ParityCheck</name>
         <value>0xfe4</value>
         <object_component_ref idref="oc-75"/>
      </symbol>
      <symbol id="sm-7dc">
         <name>checkefcSelfTest</name>
         <value>0x79c</value>
         <object_component_ref idref="oc-75"/>
      </symbol>
      <symbol id="sm-7dd">
         <name>checkRAMECC</name>
         <value>0x139c</value>
         <object_component_ref idref="oc-75"/>
      </symbol>
      <symbol id="sm-7de">
         <name>stcSelfCheckFail</name>
         <value>0xdd8</value>
         <object_component_ref idref="oc-75"/>
      </symbol>
      <symbol id="sm-7df">
         <name>ccmSelfCheck</name>
         <value>0x30</value>
         <object_component_ref idref="oc-75"/>
      </symbol>
      <symbol id="sm-7e0">
         <name>efcCheck</name>
         <value>0x640</value>
         <object_component_ref idref="oc-75"/>
      </symbol>
      <symbol id="sm-7e1">
         <name>cpuSelfTest</name>
         <value>0x234</value>
         <object_component_ref idref="oc-75"/>
      </symbol>
      <symbol id="sm-7e2">
         <name>htu1ParityCheck</name>
         <value>0xf2c</value>
         <object_component_ref idref="oc-75"/>
      </symbol>
      <symbol id="sm-7e3">
         <name>checkFlashECC</name>
         <value>0xcf8</value>
         <object_component_ref idref="oc-75"/>
      </symbol>
      <symbol id="sm-7e4">
         <name>cpuSelfTestFail</name>
         <value>0xddc</value>
         <object_component_ref idref="oc-75"/>
      </symbol>
      <symbol id="sm-7e5">
         <name>checkPLL1Slip</name>
         <value>0x1860</value>
         <object_component_ref idref="oc-75"/>
      </symbol>
      <symbol id="sm-7e6">
         <name>mibspi1ParityCheck</name>
         <value>0x1240</value>
         <object_component_ref idref="oc-75"/>
      </symbol>
      <symbol id="sm-7e7">
         <name>ccmr4GetConfigValue</name>
         <value>0x2014</value>
         <object_component_ref idref="oc-75"/>
      </symbol>
      <symbol id="sm-7e8">
         <name>pbistPortTestStatus</name>
         <value>0x5f8</value>
         <object_component_ref idref="oc-75"/>
      </symbol>
      <symbol id="sm-7e9">
         <name>checkFlashEEPROMECC</name>
         <value>0x16b8</value>
         <object_component_ref idref="oc-75"/>
      </symbol>
      <symbol id="sm-7ea">
         <name>pbistGetConfigValue</name>
         <value>0x1d90</value>
         <object_component_ref idref="oc-75"/>
      </symbol>
      <symbol id="sm-7eb">
         <name>vimParityCheck</name>
         <value>0xde0</value>
         <object_component_ref idref="oc-75"/>
      </symbol>
      <symbol id="sm-7ec">
         <name>pbistIsTestCompleted</name>
         <value>0x5a8</value>
         <object_component_ref idref="oc-75"/>
      </symbol>
      <symbol id="sm-7ed">
         <name>disableParity</name>
         <value>0x240c</value>
         <object_component_ref idref="oc-75"/>
      </symbol>
      <symbol id="sm-7ee">
         <name>pbistRun</name>
         <value>0x4ac</value>
         <object_component_ref idref="oc-75"/>
      </symbol>
      <symbol id="sm-7ef">
         <name>pbistFail</name>
         <value>0x1d0c</value>
         <object_component_ref idref="oc-75"/>
      </symbol>
      <symbol id="sm-7f0">
         <name>selftestFailNotification</name>
         <value>0x20</value>
         <object_component_ref idref="oc-75"/>
      </symbol>
      <symbol id="sm-7f1">
         <name>errata_PBIST_4</name>
         <value>0x2090</value>
         <object_component_ref idref="oc-75"/>
      </symbol>
      <symbol id="sm-7f2">
         <name>efcSelfTest</name>
         <value>0x774</value>
         <object_component_ref idref="oc-75"/>
      </symbol>
      <symbol id="sm-7f3">
         <name>checkB1RAMECC</name>
         <value>0xb08</value>
         <object_component_ref idref="oc-75"/>
      </symbol>
      <symbol id="sm-7f4">
         <name>pbistStop</name>
         <value>0x578</value>
         <object_component_ref idref="oc-75"/>
      </symbol>
      <symbol id="sm-7f5">
         <name>checkRAMAddrParity</name>
         <value>0x197c</value>
         <object_component_ref idref="oc-75"/>
      </symbol>
      <symbol id="sm-7f6">
         <name>checkB0RAMECC</name>
         <value>0x918</value>
         <object_component_ref idref="oc-75"/>
      </symbol>
      <symbol id="sm-7f7">
         <name>stcGetConfigValue</name>
         <value>0x1ed8</value>
         <object_component_ref idref="oc-75"/>
      </symbol>
      <symbol id="sm-7f8">
         <name>pbistIsTestPassed</name>
         <value>0x5c4</value>
         <object_component_ref idref="oc-75"/>
      </symbol>
      <symbol id="sm-7f9">
         <name>checkClockMonitor</name>
         <value>0x15e4</value>
         <object_component_ref idref="oc-75"/>
      </symbol>
      <symbol id="sm-7fa">
         <name>fmcECCcheck</name>
         <value>0x878</value>
         <object_component_ref idref="oc-75"/>
      </symbol>
      <symbol id="sm-7fb">
         <name>fmcBus2Check</name>
         <value>0x83c</value>
         <object_component_ref idref="oc-75"/>
      </symbol>
      <symbol id="sm-7fc">
         <name>checkRAMUERRTest</name>
         <value>0x1a84</value>
         <object_component_ref idref="oc-75"/>
      </symbol>
      <symbol id="sm-7fd">
         <name>efcStuckZeroTest</name>
         <value>0x6c8</value>
         <object_component_ref idref="oc-75"/>
      </symbol>
      <symbol id="sm-81c">
         <name>_c_int00</name>
         <value>0xb250</value>
         <object_component_ref idref="oc-b"/>
      </symbol>
      <symbol id="sm-8b3">
         <name>vimChannelMap</name>
         <value>0x6718</value>
         <object_component_ref idref="oc-5c"/>
      </symbol>
      <symbol id="sm-8b4">
         <name>vimInit</name>
         <value>0x6644</value>
         <object_component_ref idref="oc-5c"/>
      </symbol>
      <symbol id="sm-8b5">
         <name>vimEnableInterrupt</name>
         <value>0x67b4</value>
         <object_component_ref idref="oc-5c"/>
      </symbol>
      <symbol id="sm-8b6">
         <name>vimDisableInterrupt</name>
         <value>0x690c</value>
         <object_component_ref idref="oc-5c"/>
      </symbol>
      <symbol id="sm-8b7">
         <name>vimGetConfigValue</name>
         <value>0x6990</value>
         <object_component_ref idref="oc-5c"/>
      </symbol>
      <symbol id="sm-8b8">
         <name>vimParityErrorHandler</name>
         <value>0xadd0</value>
         <object_component_ref idref="oc-5b"/>
      </symbol>
      <symbol id="sm-90b">
         <name>systemGetConfigValue</name>
         <value>0x55d0</value>
         <object_component_ref idref="oc-6f"/>
      </symbol>
      <symbol id="sm-90c">
         <name>trimLPO</name>
         <value>0x5314</value>
         <object_component_ref idref="oc-6f"/>
      </symbol>
      <symbol id="sm-90d">
         <name>systemInit</name>
         <value>0x54d4</value>
         <object_component_ref idref="oc-6f"/>
      </symbol>
      <symbol id="sm-90e">
         <name>tcmflashGetConfigValue</name>
         <value>0x5990</value>
         <object_component_ref idref="oc-6f"/>
      </symbol>
      <symbol id="sm-90f">
         <name>sramGetConfigValue</name>
         <value>0x5b3c</value>
         <object_component_ref idref="oc-6f"/>
      </symbol>
      <symbol id="sm-910">
         <name>periphInit</name>
         <value>0x539c</value>
         <object_component_ref idref="oc-6f"/>
      </symbol>
      <symbol id="sm-911">
         <name>setupFlash</name>
         <value>0x535c</value>
         <object_component_ref idref="oc-6f"/>
      </symbol>
      <symbol id="sm-912">
         <name>setupPLL</name>
         <value>0x52c4</value>
         <object_component_ref idref="oc-6f"/>
      </symbol>
      <symbol id="sm-913">
         <name>mapClocks</name>
         <value>0x53f0</value>
         <object_component_ref idref="oc-6f"/>
      </symbol>
      <symbol id="sm-914">
         <name>systemPowerDown</name>
         <value>0x55a0</value>
         <object_component_ref idref="oc-6f"/>
      </symbol>
      <symbol id="sm-930">
         <name>__TI_auto_init</name>
         <value>0xbec8</value>
         <object_component_ref idref="oc-81"/>
      </symbol>
      <symbol id="sm-947">
         <name>__TI_decompress_none</name>
         <value>0xcb58</value>
         <object_component_ref idref="oc-11"/>
      </symbol>
      <symbol id="sm-969">
         <name>__TI_decompress_rle24</name>
         <value>0xcb80</value>
         <object_component_ref idref="oc-1d"/>
      </symbol>
      <symbol id="sm-97c">
         <name>__TI_zero_init</name>
         <value>0xcb18</value>
         <object_component_ref idref="oc-17"/>
      </symbol>
      <symbol id="sm-995">
         <name>copy_in</name>
         <value>0xc4fc</value>
         <object_component_ref idref="oc-fc"/>
      </symbol>
      <symbol id="sm-9b5">
         <name>C$$EXIT</name>
         <value>0xc5fc</value>
         <object_component_ref idref="oc-8c"/>
      </symbol>
      <symbol id="sm-9b6">
         <name>abort</name>
         <value>0xc604</value>
         <object_component_ref idref="oc-8c"/>
      </symbol>
      <symbol id="sm-9b7">
         <name>exit</name>
         <value>0xc610</value>
         <object_component_ref idref="oc-8c"/>
      </symbol>
      <symbol id="sm-9b8">
         <name>__TI_dtors_ptr</name>
         <value>0x8001df0</value>
         <object_component_ref idref="oc-182"/>
      </symbol>
      <symbol id="sm-9b9">
         <name>__TI_cleanup_ptr</name>
         <value>0x8001dec</value>
         <object_component_ref idref="oc-182"/>
      </symbol>
      <symbol id="sm-9d0">
         <name>__aeabi_dsub</name>
         <value>0xb03c</value>
         <object_component_ref idref="oc-247"/>
      </symbol>
      <symbol id="sm-9d1">
         <name>__aeabi_dadd</name>
         <value>0xb048</value>
         <object_component_ref idref="oc-247"/>
      </symbol>
      <symbol id="sm-9e5">
         <name>__aeabi_ddiv</name>
         <value>0xb450</value>
         <object_component_ref idref="oc-242"/>
      </symbol>
      <symbol id="sm-9f0">
         <name>__aeabi_dmul</name>
         <value>0xb9e4</value>
         <object_component_ref idref="oc-273"/>
      </symbol>
      <symbol id="sm-9fa">
         <name>__aeabi_d2f</name>
         <value>0xc7e4</value>
         <object_component_ref idref="oc-287"/>
      </symbol>
      <symbol id="sm-a04">
         <name>__aeabi_d2uiz</name>
         <value>0xc730</value>
         <object_component_ref idref="oc-24c"/>
      </symbol>
      <symbol id="sm-a11">
         <name>__aeabi_cfcmpeq</name>
         <value>0xc260</value>
         <object_component_ref idref="oc-291"/>
      </symbol>
      <symbol id="sm-a12">
         <name>__aeabi_cfcmple</name>
         <value>0xc260</value>
         <object_component_ref idref="oc-291"/>
      </symbol>
      <symbol id="sm-a1f">
         <name>__aeabi_fdiv</name>
         <value>0xbf9c</value>
         <object_component_ref idref="oc-13e"/>
      </symbol>
      <symbol id="sm-a29">
         <name>__aeabi_fmul</name>
         <value>0xc120</value>
         <object_component_ref idref="oc-28c"/>
      </symbol>
      <symbol id="sm-a34">
         <name>__aeabi_f2d</name>
         <value>0xc674</value>
         <object_component_ref idref="oc-14f"/>
      </symbol>
      <symbol id="sm-a41">
         <name>__aeabi_idivmod</name>
         <value>0xc83c</value>
         <object_component_ref idref="oc-29f"/>
      </symbol>
      <symbol id="sm-a5a">
         <name>memcpy</name>
         <value>0xb5e0</value>
         <object_component_ref idref="oc-93"/>
      </symbol>
      <symbol id="sm-a5b">
         <name>__aeabi_memcpy</name>
         <value>0xb5e0</value>
         <object_component_ref idref="oc-93"/>
      </symbol>
      <symbol id="sm-a5c">
         <name>__aeabi_memcpy8</name>
         <value>0xb5e0</value>
         <object_component_ref idref="oc-93"/>
      </symbol>
      <symbol id="sm-a5d">
         <name>__aeabi_memcpy4</name>
         <value>0xb5e0</value>
         <object_component_ref idref="oc-93"/>
      </symbol>
      <symbol id="sm-ac6">
         <name>_sys_memory</name>
         <value>0x8001500</value>
         <object_component_ref idref="oc-67"/>
      </symbol>
      <symbol id="sm-ac7">
         <name>free</name>
         <value>0x9160</value>
         <object_component_ref idref="oc-103"/>
      </symbol>
      <symbol id="sm-ac8">
         <name>realloc</name>
         <value>0x92b4</value>
         <object_component_ref idref="oc-103"/>
      </symbol>
      <symbol id="sm-ac9">
         <name>memalign</name>
         <value>0x9438</value>
         <object_component_ref idref="oc-103"/>
      </symbol>
      <symbol id="sm-aca">
         <name>calloc</name>
         <value>0x9570</value>
         <object_component_ref idref="oc-103"/>
      </symbol>
      <symbol id="sm-acb">
         <name>malloc</name>
         <value>0x90ac</value>
         <object_component_ref idref="oc-103"/>
      </symbol>
      <symbol id="sm-acc">
         <name>minit</name>
         <value>0x8fb4</value>
         <object_component_ref idref="oc-103"/>
      </symbol>
      <symbol id="sm-adb">
         <name>__aeabi_memset</name>
         <value>0xc074</value>
         <object_component_ref idref="oc-25e"/>
      </symbol>
      <symbol id="sm-adc">
         <name>memset</name>
         <value>0xc080</value>
         <object_component_ref idref="oc-25e"/>
      </symbol>
      <symbol id="sm-add">
         <name>__aeabi_memset8</name>
         <value>0xc074</value>
         <object_component_ref idref="oc-25e"/>
      </symbol>
      <symbol id="sm-ade">
         <name>__aeabi_memset4</name>
         <value>0xc074</value>
         <object_component_ref idref="oc-25e"/>
      </symbol>
      <symbol id="sm-adf">
         <name>__aeabi_memclr8</name>
         <value>0xc070</value>
         <object_component_ref idref="oc-25e"/>
      </symbol>
      <symbol id="sm-ae0">
         <name>__aeabi_memclr4</name>
         <value>0xc070</value>
         <object_component_ref idref="oc-25e"/>
      </symbol>
      <symbol id="sm-ae1">
         <name>__aeabi_memclr</name>
         <value>0xc070</value>
         <object_component_ref idref="oc-25e"/>
      </symbol>
      <symbol id="sm-af0">
         <name>strcat</name>
         <value>0xcaa0</value>
         <object_component_ref idref="oc-2a6"/>
      </symbol>
      <symbol id="sm-afe">
         <name>strcmp</name>
         <value>0xcacc</value>
         <object_component_ref idref="oc-19a"/>
      </symbol>
      <symbol id="sm-b0c">
         <name>strlen</name>
         <value>0xcb38</value>
         <object_component_ref idref="oc-2ac"/>
      </symbol>
      <symbol id="sm-b19">
         <name>__aeabi_uidivmod</name>
         <value>0xc8e8</value>
         <object_component_ref idref="oc-26e"/>
      </symbol>
      <symbol id="sm-b23">
         <name>__aeabi_ui2d</name>
         <value>0xca40</value>
         <object_component_ref idref="oc-23d"/>
      </symbol>
      <symbol id="sm-b2e">
         <name>__aeabi_ui2f</name>
         <value>0xca08</value>
         <object_component_ref idref="oc-139"/>
      </symbol>
      <symbol id="sm-b47">
         <name>vsprintf</name>
         <value>0xc3f4</value>
         <object_component_ref idref="oc-2b2"/>
      </symbol>
      <symbol id="sm-b61">
         <name>_nop</name>
         <value>0xcb0c</value>
         <object_component_ref idref="oc-2f5"/>
      </symbol>
      <symbol id="sm-b62">
         <name>_lock</name>
         <value>0x8001de4</value>
         <object_component_ref idref="oc-17f"/>
      </symbol>
      <symbol id="sm-b63">
         <name>_unlock</name>
         <value>0x8001de8</value>
         <object_component_ref idref="oc-17f"/>
      </symbol>
      <symbol id="sm-b64">
         <name>_register_lock</name>
         <value>0xcb00</value>
         <object_component_ref idref="oc-2f5"/>
      </symbol>
      <symbol id="sm-b65">
         <name>_register_unlock</name>
         <value>0xcaf4</value>
         <object_component_ref idref="oc-2f5"/>
      </symbol>
      <symbol id="sm-c3f">
         <name>__TI_printfi</name>
         <value>0x3708</value>
         <object_component_ref idref="oc-33e"/>
      </symbol>
      <symbol id="sm-c52">
         <name>atoi</name>
         <value>0xc370</value>
         <object_component_ref idref="oc-385"/>
      </symbol>
      <symbol id="sm-c5d">
         <name>_ctypes_</name>
         <value>0xd0ac</value>
         <object_component_ref idref="oc-3ae"/>
      </symbol>
      <symbol id="sm-c7f">
         <name>__aeabi_cdcmpeq</name>
         <value>0xbd08</value>
         <object_component_ref idref="oc-35f"/>
      </symbol>
      <symbol id="sm-c80">
         <name>__aeabi_cdcmple</name>
         <value>0xbd08</value>
         <object_component_ref idref="oc-35f"/>
      </symbol>
      <symbol id="sm-c81">
         <name>__aeabi_cdrcmple</name>
         <value>0xbde8</value>
         <object_component_ref idref="oc-364"/>
      </symbol>
      <symbol id="sm-c8b">
         <name>__aeabi_d2iz</name>
         <value>0xc6d4</value>
         <object_component_ref idref="oc-369"/>
      </symbol>
      <symbol id="sm-c95">
         <name>__aeabi_i2d</name>
         <value>0xc9cc</value>
         <object_component_ref idref="oc-374"/>
      </symbol>
      <symbol id="sm-ca3">
         <name>ltoa</name>
         <value>0xc57c</value>
         <object_component_ref idref="oc-36e"/>
      </symbol>
      <symbol id="sm-cb2">
         <name>memccpy</name>
         <value>0xca74</value>
         <object_component_ref idref="oc-37f"/>
      </symbol>
      <symbol id="sm-cce">
         <name>__aeabi_uldivmod</name>
         <value>0xa8a8</value>
         <object_component_ref idref="oc-35a"/>
      </symbol>
      <symbol id="sm-cd8">
         <name>_Dclass</name>
         <value>0xcb6c</value>
         <object_component_ref idref="oc-379"/>
      </symbol>
      <symbol id="sm-cea">
         <name>_Dtest</name>
         <value>0xc478</value>
         <object_component_ref idref="oc-3a5"/>
      </symbol>
      <symbol id="sm-ceb">
         <name>__TI_static_base__</name>
         <value>0x0</value>
      </symbol>
      <symbol id="sm-cec">
         <name>SHT$$INIT_ARRAY$$Limit</name>
         <value>0x0</value>
      </symbol>
      <symbol id="sm-ced">
         <name>SHT$$INIT_ARRAY$$Base</name>
         <value>0x0</value>
      </symbol>
   </symbol_table>
   <title>Link successful</title>
</link_info>
