******************************************************************************
                  TI ARM Linker PC v5.1.6                      
******************************************************************************
>> Linked Wed Feb 03 21:06:07 2016

OUTPUT FILE NAME:   <Buddy_Firmware_Hercules.out>
ENTRY POINT SYMBOL: "_c_int00"  address: 0000afcc


MEMORY CONFIGURATION

         name            origin    length      used     unused   attr    fill
----------------------  --------  ---------  --------  --------  ----  --------
  VECTORS               00000000   00000020  00000020  00000000     X
  FLASH0                00000020   0005ffe0  0000d054  00052f8c  R  X
  STACKS                08000000   00001500  00000000  00001500  RW  
  RAM                   08001500   00006b00  00000944  000061bc  RW  


SEGMENT ALLOCATION MAP

run origin  load origin   length   init length attrs members
----------  ----------- ---------- ----------- ----- -------
00000000    00000000    0000d078   0000d078    r-x
  00000000    00000000    00000020   00000020    r-x .intvecs
  00000020    00000020    0000c958   0000c958    r-x .text
  0000c978    0000c978    000006ac   000006ac    r-- .const
  0000d028    0000d028    00000050   00000050    r-- .cinit
08001500    08001500    00000944   00000000    rw-
  08001500    08001500    00000800   00000000    rw- .sysmem
  08001d00    08001d00    000000c0   00000000    rw- .data
  08001dc0    08001dc0    00000084   00000000    rw- .bss


SECTION ALLOCATION MAP

 output                                  attributes/
section   page    origin      length       input sections
--------  ----  ----------  ----------   ----------------
.intvecs   0    00000000    00000020     
                  00000000    00000020     sys_intvecs.obj (.intvecs)

.text      0    00000020    0000c958     
                  00000020    000024dc     sys_selftest.obj (.text)
                  000024fc    00001714     rtsv7R4_A_le_eabi.lib : _printfi.obj (.text)
                  00003c10    00000c30     eqep.obj (.text)
                  00004840    00000a84     adc.obj (.text)
                  000052c4    00000a64     system.obj (.text)
                  00005d28    00000918     het.obj (.text)
                  00006640    00000894     sys_vim.obj (.text)
                  00006ed4    000007b8     sonar.obj (.text)
                  0000768c    000006b8     sys_main.obj (.text)
                  00007d44    00000688     sci.obj (.text)
                  000083cc    0000062c     esm.obj (.text)
                  000089f8    0000062c     rti.obj (.text)
                  00009024    00000620     rtsv7R4_A_le_eabi.lib : memory.obj (.text)
                  00009644    00000384     sci.obj (.text:retain)
                  000099c8    0000036c     gio.obj (.text)
                  00009d34    00000340     sys_core.obj (.text)
                  0000a074    000002e4     notification.obj (.text)
                  0000a358    000002cc     print_debug.obj (.text)
                  0000a624    000002b8     rtsv7R4_A_le_eabi.lib : ull_div32.obj (.text)
                  0000a8dc    00000270     dac_buddy.obj (.text)
                  0000ab4c    0000026c     sys_vim.obj (.text:retain)
                  0000adb8    00000214     rtsv7R4_A_le_eabi.lib : fd_add32.obj (.text)
                  0000afcc    00000200     sys_startup.obj (.text:retain)
                  0000b1cc    00000190     rtsv7R4_A_le_eabi.lib : fd_div32.obj (.text)
                  0000b35c    00000180                           : memcpy32.obj (.text)
                  0000b4dc    00000154     pinmux.obj (.text)
                  0000b630    00000130     esm.obj (.text:retain)
                  0000b760    00000128     rtsv7R4_A_le_eabi.lib : fd_mul32.obj (.text)
                  0000b888    00000114     sys_pmu.obj (.text)
                  0000b99c    000000e8     dabort.obj (.text)
                  0000ba84    000000e0     rtsv7R4_A_le_eabi.lib : fd_cmp32.obj (.text:__aeabi_cdcmple)
                  0000bb64    000000e0                           : fd_cmp32.obj (.text:__aeabi_cdrcmple)
                  0000bc44    000000d4                           : auto_init.obj (.text)
                  0000bd18    000000d4                           : fs_div32.obj (.text)
                  0000bdec    000000b0                           : memset32.obj (.text)
                  0000be9c    000000a8                           : fs_mul32.obj (.text)
                  0000bf44    00000098                           : copy_decompress_rle.obj (.text)
                  0000bfdc    00000088                           : fs_cmp32.obj (.text:__aeabi_cfcmple)
                  0000c064    00000088     het.obj (.text:retain)
                  0000c0ec    00000084     rtsv7R4_A_le_eabi.lib : atoi.obj (.text)
                  0000c170    00000084                           : vsprintf.obj (.text)
                  0000c1f4    00000084                           : xdtest.obj (.text)
                  0000c278    00000080                           : cpy_tbl.obj (.text)
                  0000c2f8    00000080                           : ltoa.obj (.text)
                  0000c378    00000078                           : exit.obj (.text)
                  0000c3f0    00000070     defines.obj (.text)
                  0000c460    00000060     rtsv7R4_A_le_eabi.lib : fs_tod32.obj (.text)
                  0000c4c0    0000005c                           : fd_toi32.obj (.text)
                  0000c51c    0000005c                           : fd_tou32.obj (.text)
                  0000c578    00000058     eqep.obj (.text:retain)
                  0000c5d0    00000058     rtsv7R4_A_le_eabi.lib : fd_tos32.obj (.text)
                  0000c628    00000058                           : i_div32.obj (.text)
                  0000c680    00000054     adc.obj (.text:retain)
                  0000c6d4    00000054     rtsv7R4_A_le_eabi.lib : u_div32.obj (.text)
                  0000c728    0000004c     gio.obj (.text:retain)
                  0000c774    00000044     rti.obj (.text:retain)
                  0000c7b8    0000003c     rtsv7R4_A_le_eabi.lib : i_tofd32.obj (.text)
                  0000c7f4    00000038                           : u_tofs32.obj (.text)
                  0000c82c    00000034                           : u_tofd32.obj (.text)
                  0000c860    0000002c                           : memccpy.obj (.text)
                  0000c88c    0000002c                           : strcat.obj (.text)
                  0000c8b8    00000028                           : strcmp.obj (.text)
                  0000c8e0    00000024                           : _lock.obj (.text)
                  0000c904    00000020                           : copy_zero_init.obj (.text:decompress:ZI)
                  0000c924    00000020                           : strlen.obj (.text)
                  0000c944    00000014                           : copy_decompress_none.obj (.text:decompress:none)
                  0000c958    00000014                           : xdclass.obj (.text)
                  0000c96c    00000008                           : copy_decompress_rle.obj (.text:decompress:rle24)
                  0000c974    00000004     sys_phantom.obj (.text:retain)

.const     0    0000c978    000006ac     
                  0000c978    000003a0     het.obj (.const:het1PROGRAM)
                  0000cd18    00000180     sys_vim.obj (.const:s_vim_init)
                  0000ce98    00000104     rtsv7R4_A_le_eabi.lib : ctype.obj (.const:.string:_ctypes_)
                  0000cf9c    00000024     sys_main.obj (.const:$P$T0$1)
                  0000cfc0    00000024     sys_main.obj (.const:$P$T1$2)
                  0000cfe4    00000020     het.obj (.const)
                  0000d004    00000018     adc.obj (.const)
                  0000d01c    00000008     sys_main.obj (.const)

.cinit     0    0000d028    00000050     
                  0000d028    0000002a     (.cinit..data.load) [load image, compression = rle]
                  0000d052    00000002     --HOLE-- [fill = 0]
                  0000d054    0000000c     (__TI_handler_table)
                  0000d060    00000008     (.cinit..bss.load) [load image, compression = zero_init]
                  0000d068    00000010     (__TI_cinit_table)

.sysmem    0    08001500    00000800     UNINITIALIZED
                  08001500    00000008     rtsv7R4_A_le_eabi.lib : memory.obj (.sysmem)
                  08001508    000007f8     --HOLE--

.data      0    08001d00    000000c0     UNINITIALIZED
                  08001d00    00000080     sonar.obj (.data:_skip_first_call$3)
                  08001d80    00000014     defines.obj (.data)
                  08001d94    0000000c     rtsv7R4_A_le_eabi.lib : memory.obj (.data)
                  08001da0    00000008                           : _lock.obj (.data)
                  08001da8    00000008                           : exit.obj (.data)
                  08001db0    00000008     sonar.obj (.data)
                  08001db8    00000008     sys_main.obj (.data)

.bss       0    08001dc0    00000084     UNINITIALIZED
                  08001dc0    00000064     defines.obj (.bss:command)
                  08001e24    00000014     (.common:g_sciTransfer_t)
                  08001e38    00000004     (.common:adc_data)
                  08001e3c    00000004     (.common:sonar$1)
                  08001e40    00000004     (.common:sonar$2)


LINKER GENERATED COPY TABLES

__TI_cinit_table @ 0000d068 records: 2, size/record: 8, table size: 16
	.data: load addr=0000d028, load size=0000002a bytes, run addr=08001d00, run size=000000c0 bytes, compression=rle
	.bss: load addr=0000d060, load size=00000008 bytes, run addr=08001dc0, run size=00000084 bytes, compression=zero_init


LINKER GENERATED HANDLER TABLE

__TI_handler_table @ 0000d054 records: 3, size/record: 4, table size: 12
	index: 0, handler: __TI_zero_init
	index: 1, handler: __TI_decompress_rle24
	index: 2, handler: __TI_decompress_none


GLOBAL SYMBOLS: SORTED ALPHABETICALLY BY Name 

address    name
--------   ----
0000c378   C$$EXIT
00008d58   IsdwdKeySequenceCorrect
00003c10   QEPInit
UNDEFED    SHT$$INIT_ARRAY$$Base
UNDEFED    SHT$$INIT_ARRAY$$Limit
08001db0   Sonar_Array
0000c958   _Dclass
0000c1f4   _Dtest
00000800   __SYSMEM_SIZE
0000d068   __TI_CINIT_Base
0000d078   __TI_CINIT_Limit
0000d054   __TI_Handler_Table_Base
0000d060   __TI_Handler_Table_Limit
0000a06c   __TI_PINIT_Base
0000a070   __TI_PINIT_Limit
0000bc44   __TI_auto_init
08001da8   __TI_cleanup_ptr
0000c944   __TI_decompress_none
0000c96c   __TI_decompress_rle24
08001dac   __TI_dtors_ptr
00003708   __TI_printfi
00000000   __TI_static_base__
0000c904   __TI_zero_init
0000ba84   __aeabi_cdcmpeq
0000ba84   __aeabi_cdcmple
0000bb64   __aeabi_cdrcmple
0000bfdc   __aeabi_cfcmpeq
0000bfdc   __aeabi_cfcmple
0000c5d0   __aeabi_d2f
0000c4c0   __aeabi_d2iz
0000c51c   __aeabi_d2uiz
0000adc4   __aeabi_dadd
0000b1cc   __aeabi_ddiv
0000b760   __aeabi_dmul
0000adb8   __aeabi_dsub
0000c460   __aeabi_f2d
0000bd18   __aeabi_fdiv
0000be9c   __aeabi_fmul
0000c7b8   __aeabi_i2d
0000c628   __aeabi_idivmod
0000bdec   __aeabi_memclr
0000bdec   __aeabi_memclr4
0000bdec   __aeabi_memclr8
0000b35c   __aeabi_memcpy
0000b35c   __aeabi_memcpy4
0000b35c   __aeabi_memcpy8
0000bdf0   __aeabi_memset
0000bdf0   __aeabi_memset4
0000bdf0   __aeabi_memset8
0000c82c   __aeabi_ui2d
0000c7f4   __aeabi_ui2f
0000c6d4   __aeabi_uidivmod
0000a624   __aeabi_uldivmod
ffffffff   __binit__
ffffffff   __c_args__
0000afcc   _c_int00
00009f7c   _coreClearAuxiliaryDataFault_
00009f98   _coreClearAuxiliaryInstructionFault_
00009f44   _coreClearDataFaultAddress_
00009f0c   _coreClearDataFault_
00009f60   _coreClearInstructionFaultAddress_
00009f28   _coreClearInstructionFault_
00009e70   _coreDisableEventBusExport_
00009ed4   _coreDisableFlashEcc_
00009ea0   _coreDisableRamEcc_
00009e58   _coreEnableEventBusExport_
00009eb8   _coreEnableFlashEcc_
00009eec   _coreEnableIrqVicOffset_
00009e88   _coreEnableRamEcc_
00009f74   _coreGetAuxiliaryDataFault_
00009f90   _coreGetAuxiliaryInstructionFault_
00009f3c   _coreGetDataFaultAddress_
00009f04   _coreGetDataFault_
00009f58   _coreGetInstructionFaultAddress_
00009f20   _coreGetInstructionFault_
00009d34   _coreInitRegisters_
00009dec   _coreInitStackPointer_
0000ce98   _ctypes_
0000b99c   _dabort
00006ed4   _delay
00009fb4   _disable_FIQ_interrupt_
00009fbc   _disable_IRQ_interrupt_
00009fac   _disable_interrupt_
00009fc4   _enable_interrupt_
0000a054   _errata_CORTEXR4_66_
00009fcc   _esmCcmErrorsClear_
00009e38   _getCPSRValue_
00009e40   _gotoCPUIdle_
08001da0   _lock
0000c8f8   _nop
0000b8f0   _pmuDisableCountersGlobal_
0000b8d8   _pmuEnableCountersGlobal_
0000b970   _pmuGetCycleCount_
0000b978   _pmuGetEventCount_
0000b988   _pmuGetOverflow_
0000b888   _pmuInit_
0000b938   _pmuResetCounters_
0000b908   _pmuResetCycleCounter_
0000b920   _pmuResetEventCounters_
0000b960   _pmuSetCountEvent_
0000b950   _pmuStartCounters_
0000b958   _pmuStopCounters_
0000c8ec   _register_lock
0000c8e0   _register_unlock
08001500   _sys_memory
08001da4   _unlock
0000c380   abort
00005054   adc1GetConfigValue
0000c680   adc1Group0Interrupt
0000c6a4   adc1Group1Interrupt
00000fe4   adc1ParityCheck
00004c28   adcCalibration
00004ff4   adcDisableNotification
00004fa4   adcEnableNotification
00004a38   adcGetData
0000503c   adcGetEVTPin
00004840   adcInit
00004bf8   adcIsConversionComplete
00004bc8   adcIsFifoFull
00004e04   adcMidPointCalibration
0000a0e0   adcNotification
00004a10   adcResetFiFo
0000501c   adcSetEVTPin
0000499c   adcStartConversion
000049e8   adcStopConversion
08001e38   adc_data
08001d88   adc_data_is_ready
00007110   addSonarSensor
0000c0ec   atoi
ffffffff   binit
00007424   calculateSonarDistance
000095e0   calloc
0000109c   can1ParityCheck
00001178   can2ParityCheck
00006348   capGetSignal
00000030   ccmSelfCheck
00002014   ccmr4GetConfigValue
00000918   checkB0RAMECC
00000b08   checkB1RAMECC
000015e4   checkClockMonitor
00000cf8   checkFlashECC
000016b8   checkFlashEEPROMECC
00001860   checkPLL1Slip
0000197c   checkRAMAddrParity
0000139c   checkRAMECC
00001a84   checkRAMUERRTest
0000079c   checkefcSelfTest
08001dc0   command
0000c278   copy_in
00000234   cpuSelfTest
00000ddc   cpuSelfTestFail
08001d90   current_speed
00000dd4   custom_dabort
0000c3f0   delay
08001d8c   deltaT
0000240c   disableParity
000072ec   doSonar
00008dc0   dwdClearFlag
00008cf4   dwdCounterEnable
00008d3c   dwdGenerateSysReset
00008d8c   dwdGetStatus
00008dd0   dwdGetViolationStatus
00008c78   dwdInit
00008d20   dwdReset
00008d04   dwdSetPreload
00008ce8   dwwdGetCurrentDownCounter
00008ca0   dwwdInit
00006308   edgeDisableNotification
000062cc   edgeEnableNotification
000062a0   edgeGetCounter
0000a2d4   edgeNotification
00006274   edgeResetCounter
00000640   efcCheck
00001f78   efcGetConfigValue
00000774   efcSelfTest
000006c8   efcStuckZeroTest
000023b8   enableParity
000046c0   eqep1GetConfigValue
00003ce0   eqepClearAllInterruptFlags
00003cfc   eqepClearInterruptFlag
00003d24   eqepClearPosnCounter
00003d40   eqepDisableAllInterrupts
00003d5c   eqepDisableCapture
00003d7c   eqepDisableGateIndex
00003da0   eqepDisableInterrupt
00003dd0   eqepDisablePosnCompare
00003df4   eqepDisablePosnCompareShadow
00003e14   eqepDisableSyncOut
00003e38   eqepDisableUnitTimer
00003e5c   eqepDisableWatchdog
00003e80   eqepEnableCapture
00003ea0   eqepEnableCounter
00003ec0   eqepEnableGateIndex
00003ee0   eqepEnableInterrupt
00003f08   eqepEnablePosnCompare
00003f28   eqepEnablePosnCompareShadow
00003f48   eqepEnableSyncOut
00003f68   eqepEnableUnitTimer
00003f88   eqepEnableWatchdog
00003fa8   eqepForceInterrupt
0000c578   eqepInterrupt
0000a304   eqepNotification
00003fd0   eqepReadCapturePeriodLatch
00003fe8   eqepReadCaptureTimerLatch
00004000   eqepReadInterruptFlag
00004024   eqepReadPosnCompare
0000403c   eqepReadPosnCount
00004054   eqepReadPosnIndexLatch
0000406c   eqepReadPosnLatch
00004084   eqepReadPosnStrobeLatch
0000409c   eqepReadStatus
000040b4   eqepResetCounter
000045f0   eqepSetAPolarity
0000462c   eqepSetBPolarity
000040d8   eqepSetCaptureLatchMode
00004114   eqepSetCapturePeriod
00004134   eqepSetCapturePrescale
00004170   eqepSetEmuControl
000041a8   eqepSetExtClockRate
000041e4   eqepSetIndexEventInit
00004220   eqepSetIndexEventLatch
0000425c   eqepSetIndexPolarity
00004298   eqepSetMaxPosnCount
000042b8   eqepSetPosnComparePulseWidth
000042fc   eqepSetPosnCompareShadowLoad
00004338   eqepSetPosnCountResetMode
00004374   eqepSetPosnInitCount
00004668   eqepSetQEPSource
00004394   eqepSetSelectSyncPin
000043d0   eqepSetSoftInit
0000440c   eqepSetStrobeEventInit
00004448   eqepSetStrobeEventLatch
00004484   eqepSetStrobePolarity
000044c0   eqepSetSwapQuadInputs
000044fc   eqepSetSynchOutputComparePolarity
00004538   eqepSetUnitPeriod
00004558   eqepSetUnitPosnPrescale
00004594   eqepSetWatchdogPeriod
000045b4   eqepSetupStrobeEventLatch
000046a0   eqepWritePosnCompare
00002090   errata_PBIST_4
0000857c   esmActivateNormalOperation
00008660   esmClearStatus
000086a0   esmClearStatusBuffer
00008540   esmDisableError
000085b8   esmDisableInterrupt
00008514   esmEnableError
0000858c   esmEnableInterrupt
000087c0   esmEnterSelfTest
000084f8   esmError
00008898   esmGetConfigValue
000086ec   esmGetStatus
00008760   esmGetStatusBuffer
0000a074   esmGroup1Notification
0000a084   esmGroup2Notification
0000b630   esmHighInterrupt
000083cc   esmInit
00008848   esmSelfTestStatus
000086cc   esmSetCounterPreloadValue
000085e4   esmSetInterruptLevel
0000856c   esmTriggerErrorPinReset
0000c38c   exit
00001be0   fmcBus1ParityCheck
0000083c   fmcBus2Check
00000878   fmcECCcheck
000091d0   free
000070f8   getDistance
0000728c   getNextSonar
00007240   getSonarSensor
08001d86   get_sonar_sensor
00009bc0   gioDisableNotification
00009b84   gioEnableNotification
00009aec   gioGetBit
00009bfc   gioGetConfigValue
00009b14   gioGetPort
0000c728   gioHighLevelInterrupt
000099c8   gioInit
0000a100   gioNotification
00009a7c   gioSetBit
00009a5c   gioSetDirection
00009acc   gioSetPort
00009b2c   gioToggleBit
00006464   het1GetConfigValue
0000c064   het1LowLevelInterrupt
00000e8c   het1ParityCheck
00006444   hetGetTimestamp
00005d28   hetInit
0000a2f0   hetNotification
00006428   hetResetTimestamp
00000f2c   htu1ParityCheck
0000a8dc   initDAC
00006f44   initSonar
08001d87   is_conversion_complete
08001d89   left_motor_speed
000097ec   linHighLevelInterrupt
00009644   linLowLevelInterrupt
0000c2f8   ltoa
0000768c   main
0000911c   malloc
000053f0   mapClocks
000094a8   memalign
0000c860   memccpy
0000b35c   memcpy
00000174   memoryInit
0000a094   memoryPort0TestFailNotification
0000a0b0   memoryPort1TestFailNotification
0000bdfc   memset
00001240   mibspi1ParityCheck
00009024   minit
0000b4dc   muxInit
00001d0c   pbistFail
00001d90   pbistGetConfigValue
000005a8   pbistIsTestCompleted
000005c4   pbistIsTestPassed
000005f8   pbistPortTestStatus
000004ac   pbistRun
000002cc   pbistSelfCheck
00000578   pbistStop
0000539c   periphInit
0000c974   phantomInterrupt
0000b564   pinmuxGetConfigValue
08001d84   print_command_error_flag
0000a4a8   print_debug
08001d85   print_debug_ADC
0000a550   print_error
0000a358   print_info
08001d80   print_status_flag
0000a400   print_warn
00006244   pwmDisableNotification
000061fc   pwmEnableNotification
00006114   pwmGetSignal
0000a2bc   pwmNotification
00005e50   pwmSetDuty
00005f8c   pwmSetSignal
00005de8   pwmStart
00005e1c   pwmStop
00009324   realloc
00000000   resetEntry
08001d8a   right_motor_speed
0000c774   rtiCompare0Interrupt
0000c794   rtiCompare1Interrupt
00008e80   rtiDisableNotification
00008e58   rtiEnableNotification
00008e9c   rtiGetConfigValue
00008bec   rtiGetCurrentTick
00008bc4   rtiGetPeriod
000089f8   rtiInit
0000a0cc   rtiNotification
00008b38   rtiResetCounter
00008b9c   rtiSetPeriod
00007018   rtiSonarNotification
00008ae0   rtiStartCounter
00008b0c   rtiStopCounter
00008178   sciDisableLoopback
000081d0   sciDisableNotification
00008144   sciEnableLoopback
00008194   sciEnableNotification
00007d44   sciInit
0000802c   sciIsIdleDetected
00008010   sciIsRxReady
00007ef0   sciIsTxReady
0000a114   sciNotification
000080a4   sciReceive
00008078   sciReceiveByte
00008048   sciRxError
00007f3c   sciSend
00007f0c   sciSendByte
00007e50   sciSetBaudrate
00007e30   sciSetFunctional
0000821c   scilinGetConfigValue
00000020   selftestFailNotification
0000a9a0   sendDAC
08001d83   set_encoder_switch_flag
08001d81   set_left_motor_speed_flag
08001d82   set_right_motor_speed_flag
0000535c   setupFlash
000052c4   setupPLL
00007330   sonarEchoNotification
000074e0   sonarEdgeNotification
0000762c   sonarPwmNotification
00005b3c   sramGetConfigValue
00006f6c   startFirstTrigger
000075e4   startPWM_reg
00001ed8   stcGetConfigValue
000001b8   stcSelfCheck
00000dd8   stcSelfCheckFail
0000760c   stopPWM_reg
0000c88c   strcat
0000c8b8   strcmp
0000c924   strlen
08001d8b   switch_position
000055d0   systemGetConfigValue
000054d4   systemInit
000055a0   systemPowerDown
00005990   tcmflashGetConfigValue
00005314   trimLPO
00006714   vimChannelMap
00006908   vimDisableInterrupt
000067b0   vimEnableInterrupt
0000698c   vimGetConfigValue
00006640   vimInit
00000de0   vimParityCheck
0000ab4c   vimParityErrorHandler
0000c170   vsprintf


GLOBAL SYMBOLS: SORTED BY Symbol Address 

address    name
--------   ----
00000000   __TI_static_base__
00000000   resetEntry
00000020   selftestFailNotification
00000030   ccmSelfCheck
00000174   memoryInit
000001b8   stcSelfCheck
00000234   cpuSelfTest
000002cc   pbistSelfCheck
000004ac   pbistRun
00000578   pbistStop
000005a8   pbistIsTestCompleted
000005c4   pbistIsTestPassed
000005f8   pbistPortTestStatus
00000640   efcCheck
000006c8   efcStuckZeroTest
00000774   efcSelfTest
0000079c   checkefcSelfTest
00000800   __SYSMEM_SIZE
0000083c   fmcBus2Check
00000878   fmcECCcheck
00000918   checkB0RAMECC
00000b08   checkB1RAMECC
00000cf8   checkFlashECC
00000dd4   custom_dabort
00000dd8   stcSelfCheckFail
00000ddc   cpuSelfTestFail
00000de0   vimParityCheck
00000e8c   het1ParityCheck
00000f2c   htu1ParityCheck
00000fe4   adc1ParityCheck
0000109c   can1ParityCheck
00001178   can2ParityCheck
00001240   mibspi1ParityCheck
0000139c   checkRAMECC
000015e4   checkClockMonitor
000016b8   checkFlashEEPROMECC
00001860   checkPLL1Slip
0000197c   checkRAMAddrParity
00001a84   checkRAMUERRTest
00001be0   fmcBus1ParityCheck
00001d0c   pbistFail
00001d90   pbistGetConfigValue
00001ed8   stcGetConfigValue
00001f78   efcGetConfigValue
00002014   ccmr4GetConfigValue
00002090   errata_PBIST_4
000023b8   enableParity
0000240c   disableParity
00003708   __TI_printfi
00003c10   QEPInit
00003ce0   eqepClearAllInterruptFlags
00003cfc   eqepClearInterruptFlag
00003d24   eqepClearPosnCounter
00003d40   eqepDisableAllInterrupts
00003d5c   eqepDisableCapture
00003d7c   eqepDisableGateIndex
00003da0   eqepDisableInterrupt
00003dd0   eqepDisablePosnCompare
00003df4   eqepDisablePosnCompareShadow
00003e14   eqepDisableSyncOut
00003e38   eqepDisableUnitTimer
00003e5c   eqepDisableWatchdog
00003e80   eqepEnableCapture
00003ea0   eqepEnableCounter
00003ec0   eqepEnableGateIndex
00003ee0   eqepEnableInterrupt
00003f08   eqepEnablePosnCompare
00003f28   eqepEnablePosnCompareShadow
00003f48   eqepEnableSyncOut
00003f68   eqepEnableUnitTimer
00003f88   eqepEnableWatchdog
00003fa8   eqepForceInterrupt
00003fd0   eqepReadCapturePeriodLatch
00003fe8   eqepReadCaptureTimerLatch
00004000   eqepReadInterruptFlag
00004024   eqepReadPosnCompare
0000403c   eqepReadPosnCount
00004054   eqepReadPosnIndexLatch
0000406c   eqepReadPosnLatch
00004084   eqepReadPosnStrobeLatch
0000409c   eqepReadStatus
000040b4   eqepResetCounter
000040d8   eqepSetCaptureLatchMode
00004114   eqepSetCapturePeriod
00004134   eqepSetCapturePrescale
00004170   eqepSetEmuControl
000041a8   eqepSetExtClockRate
000041e4   eqepSetIndexEventInit
00004220   eqepSetIndexEventLatch
0000425c   eqepSetIndexPolarity
00004298   eqepSetMaxPosnCount
000042b8   eqepSetPosnComparePulseWidth
000042fc   eqepSetPosnCompareShadowLoad
00004338   eqepSetPosnCountResetMode
00004374   eqepSetPosnInitCount
00004394   eqepSetSelectSyncPin
000043d0   eqepSetSoftInit
0000440c   eqepSetStrobeEventInit
00004448   eqepSetStrobeEventLatch
00004484   eqepSetStrobePolarity
000044c0   eqepSetSwapQuadInputs
000044fc   eqepSetSynchOutputComparePolarity
00004538   eqepSetUnitPeriod
00004558   eqepSetUnitPosnPrescale
00004594   eqepSetWatchdogPeriod
000045b4   eqepSetupStrobeEventLatch
000045f0   eqepSetAPolarity
0000462c   eqepSetBPolarity
00004668   eqepSetQEPSource
000046a0   eqepWritePosnCompare
000046c0   eqep1GetConfigValue
00004840   adcInit
0000499c   adcStartConversion
000049e8   adcStopConversion
00004a10   adcResetFiFo
00004a38   adcGetData
00004bc8   adcIsFifoFull
00004bf8   adcIsConversionComplete
00004c28   adcCalibration
00004e04   adcMidPointCalibration
00004fa4   adcEnableNotification
00004ff4   adcDisableNotification
0000501c   adcSetEVTPin
0000503c   adcGetEVTPin
00005054   adc1GetConfigValue
000052c4   setupPLL
00005314   trimLPO
0000535c   setupFlash
0000539c   periphInit
000053f0   mapClocks
000054d4   systemInit
000055a0   systemPowerDown
000055d0   systemGetConfigValue
00005990   tcmflashGetConfigValue
00005b3c   sramGetConfigValue
00005d28   hetInit
00005de8   pwmStart
00005e1c   pwmStop
00005e50   pwmSetDuty
00005f8c   pwmSetSignal
00006114   pwmGetSignal
000061fc   pwmEnableNotification
00006244   pwmDisableNotification
00006274   edgeResetCounter
000062a0   edgeGetCounter
000062cc   edgeEnableNotification
00006308   edgeDisableNotification
00006348   capGetSignal
00006428   hetResetTimestamp
00006444   hetGetTimestamp
00006464   het1GetConfigValue
00006640   vimInit
00006714   vimChannelMap
000067b0   vimEnableInterrupt
00006908   vimDisableInterrupt
0000698c   vimGetConfigValue
00006ed4   _delay
00006f44   initSonar
00006f6c   startFirstTrigger
00007018   rtiSonarNotification
000070f8   getDistance
00007110   addSonarSensor
00007240   getSonarSensor
0000728c   getNextSonar
000072ec   doSonar
00007330   sonarEchoNotification
00007424   calculateSonarDistance
000074e0   sonarEdgeNotification
000075e4   startPWM_reg
0000760c   stopPWM_reg
0000762c   sonarPwmNotification
0000768c   main
00007d44   sciInit
00007e30   sciSetFunctional
00007e50   sciSetBaudrate
00007ef0   sciIsTxReady
00007f0c   sciSendByte
00007f3c   sciSend
00008010   sciIsRxReady
0000802c   sciIsIdleDetected
00008048   sciRxError
00008078   sciReceiveByte
000080a4   sciReceive
00008144   sciEnableLoopback
00008178   sciDisableLoopback
00008194   sciEnableNotification
000081d0   sciDisableNotification
0000821c   scilinGetConfigValue
000083cc   esmInit
000084f8   esmError
00008514   esmEnableError
00008540   esmDisableError
0000856c   esmTriggerErrorPinReset
0000857c   esmActivateNormalOperation
0000858c   esmEnableInterrupt
000085b8   esmDisableInterrupt
000085e4   esmSetInterruptLevel
00008660   esmClearStatus
000086a0   esmClearStatusBuffer
000086cc   esmSetCounterPreloadValue
000086ec   esmGetStatus
00008760   esmGetStatusBuffer
000087c0   esmEnterSelfTest
00008848   esmSelfTestStatus
00008898   esmGetConfigValue
000089f8   rtiInit
00008ae0   rtiStartCounter
00008b0c   rtiStopCounter
00008b38   rtiResetCounter
00008b9c   rtiSetPeriod
00008bc4   rtiGetPeriod
00008bec   rtiGetCurrentTick
00008c78   dwdInit
00008ca0   dwwdInit
00008ce8   dwwdGetCurrentDownCounter
00008cf4   dwdCounterEnable
00008d04   dwdSetPreload
00008d20   dwdReset
00008d3c   dwdGenerateSysReset
00008d58   IsdwdKeySequenceCorrect
00008d8c   dwdGetStatus
00008dc0   dwdClearFlag
00008dd0   dwdGetViolationStatus
00008e58   rtiEnableNotification
00008e80   rtiDisableNotification
00008e9c   rtiGetConfigValue
00009024   minit
0000911c   malloc
000091d0   free
00009324   realloc
000094a8   memalign
000095e0   calloc
00009644   linLowLevelInterrupt
000097ec   linHighLevelInterrupt
000099c8   gioInit
00009a5c   gioSetDirection
00009a7c   gioSetBit
00009acc   gioSetPort
00009aec   gioGetBit
00009b14   gioGetPort
00009b2c   gioToggleBit
00009b84   gioEnableNotification
00009bc0   gioDisableNotification
00009bfc   gioGetConfigValue
00009d34   _coreInitRegisters_
00009dec   _coreInitStackPointer_
00009e38   _getCPSRValue_
00009e40   _gotoCPUIdle_
00009e58   _coreEnableEventBusExport_
00009e70   _coreDisableEventBusExport_
00009e88   _coreEnableRamEcc_
00009ea0   _coreDisableRamEcc_
00009eb8   _coreEnableFlashEcc_
00009ed4   _coreDisableFlashEcc_
00009eec   _coreEnableIrqVicOffset_
00009f04   _coreGetDataFault_
00009f0c   _coreClearDataFault_
00009f20   _coreGetInstructionFault_
00009f28   _coreClearInstructionFault_
00009f3c   _coreGetDataFaultAddress_
00009f44   _coreClearDataFaultAddress_
00009f58   _coreGetInstructionFaultAddress_
00009f60   _coreClearInstructionFaultAddress_
00009f74   _coreGetAuxiliaryDataFault_
00009f7c   _coreClearAuxiliaryDataFault_
00009f90   _coreGetAuxiliaryInstructionFault_
00009f98   _coreClearAuxiliaryInstructionFault_
00009fac   _disable_interrupt_
00009fb4   _disable_FIQ_interrupt_
00009fbc   _disable_IRQ_interrupt_
00009fc4   _enable_interrupt_
00009fcc   _esmCcmErrorsClear_
0000a054   _errata_CORTEXR4_66_
0000a06c   __TI_PINIT_Base
0000a070   __TI_PINIT_Limit
0000a074   esmGroup1Notification
0000a084   esmGroup2Notification
0000a094   memoryPort0TestFailNotification
0000a0b0   memoryPort1TestFailNotification
0000a0cc   rtiNotification
0000a0e0   adcNotification
0000a100   gioNotification
0000a114   sciNotification
0000a2bc   pwmNotification
0000a2d4   edgeNotification
0000a2f0   hetNotification
0000a304   eqepNotification
0000a358   print_info
0000a400   print_warn
0000a4a8   print_debug
0000a550   print_error
0000a624   __aeabi_uldivmod
0000a8dc   initDAC
0000a9a0   sendDAC
0000ab4c   vimParityErrorHandler
0000adb8   __aeabi_dsub
0000adc4   __aeabi_dadd
0000afcc   _c_int00
0000b1cc   __aeabi_ddiv
0000b35c   __aeabi_memcpy
0000b35c   __aeabi_memcpy4
0000b35c   __aeabi_memcpy8
0000b35c   memcpy
0000b4dc   muxInit
0000b564   pinmuxGetConfigValue
0000b630   esmHighInterrupt
0000b760   __aeabi_dmul
0000b888   _pmuInit_
0000b8d8   _pmuEnableCountersGlobal_
0000b8f0   _pmuDisableCountersGlobal_
0000b908   _pmuResetCycleCounter_
0000b920   _pmuResetEventCounters_
0000b938   _pmuResetCounters_
0000b950   _pmuStartCounters_
0000b958   _pmuStopCounters_
0000b960   _pmuSetCountEvent_
0000b970   _pmuGetCycleCount_
0000b978   _pmuGetEventCount_
0000b988   _pmuGetOverflow_
0000b99c   _dabort
0000ba84   __aeabi_cdcmpeq
0000ba84   __aeabi_cdcmple
0000bb64   __aeabi_cdrcmple
0000bc44   __TI_auto_init
0000bd18   __aeabi_fdiv
0000bdec   __aeabi_memclr
0000bdec   __aeabi_memclr4
0000bdec   __aeabi_memclr8
0000bdf0   __aeabi_memset
0000bdf0   __aeabi_memset4
0000bdf0   __aeabi_memset8
0000bdfc   memset
0000be9c   __aeabi_fmul
0000bfdc   __aeabi_cfcmpeq
0000bfdc   __aeabi_cfcmple
0000c064   het1LowLevelInterrupt
0000c0ec   atoi
0000c170   vsprintf
0000c1f4   _Dtest
0000c278   copy_in
0000c2f8   ltoa
0000c378   C$$EXIT
0000c380   abort
0000c38c   exit
0000c3f0   delay
0000c460   __aeabi_f2d
0000c4c0   __aeabi_d2iz
0000c51c   __aeabi_d2uiz
0000c578   eqepInterrupt
0000c5d0   __aeabi_d2f
0000c628   __aeabi_idivmod
0000c680   adc1Group0Interrupt
0000c6a4   adc1Group1Interrupt
0000c6d4   __aeabi_uidivmod
0000c728   gioHighLevelInterrupt
0000c774   rtiCompare0Interrupt
0000c794   rtiCompare1Interrupt
0000c7b8   __aeabi_i2d
0000c7f4   __aeabi_ui2f
0000c82c   __aeabi_ui2d
0000c860   memccpy
0000c88c   strcat
0000c8b8   strcmp
0000c8e0   _register_unlock
0000c8ec   _register_lock
0000c8f8   _nop
0000c904   __TI_zero_init
0000c924   strlen
0000c944   __TI_decompress_none
0000c958   _Dclass
0000c96c   __TI_decompress_rle24
0000c974   phantomInterrupt
0000ce98   _ctypes_
0000d054   __TI_Handler_Table_Base
0000d060   __TI_Handler_Table_Limit
0000d068   __TI_CINIT_Base
0000d078   __TI_CINIT_Limit
08001500   _sys_memory
08001d80   print_status_flag
08001d81   set_left_motor_speed_flag
08001d82   set_right_motor_speed_flag
08001d83   set_encoder_switch_flag
08001d84   print_command_error_flag
08001d85   print_debug_ADC
08001d86   get_sonar_sensor
08001d87   is_conversion_complete
08001d88   adc_data_is_ready
08001d89   left_motor_speed
08001d8a   right_motor_speed
08001d8b   switch_position
08001d8c   deltaT
08001d90   current_speed
08001da0   _lock
08001da4   _unlock
08001da8   __TI_cleanup_ptr
08001dac   __TI_dtors_ptr
08001db0   Sonar_Array
08001dc0   command
08001e38   adc_data
ffffffff   __binit__
ffffffff   __c_args__
ffffffff   binit
UNDEFED    SHT$$INIT_ARRAY$$Base
UNDEFED    SHT$$INIT_ARRAY$$Limit

[404 symbols]
