<?xml version="1.0"?>
<link_info>
   <banner>TI ARM Linker PC v5.1.6</banner>
   <copyright>Copyright (c) 1996-2014 Texas Instruments Incorporated</copyright>
   <link_time>0x5672483f</link_time>
   <link_errors>0x0</link_errors>
   <output_file>Buddy_Firmware_Hercules.out</output_file>
   <entry_point>
      <name>_c_int00</name>
      <address>0xad6c</address>
   </entry_point>
   <input_file_list>
      <input_file id="fl-2">
         <path>.\source\</path>
         <kind>object</kind>
         <file>adc.obj</file>
         <name>adc.obj</name>
      </input_file>
      <input_file id="fl-3">
         <path>.\source\</path>
         <kind>object</kind>
         <file>crc.obj</file>
         <name>crc.obj</name>
      </input_file>
      <input_file id="fl-4">
         <path>.\source\</path>
         <kind>object</kind>
         <file>dabort.obj</file>
         <name>dabort.obj</name>
      </input_file>
      <input_file id="fl-5">
         <path>.\source\</path>
         <kind>object</kind>
         <file>dac_buddy.obj</file>
         <name>dac_buddy.obj</name>
      </input_file>
      <input_file id="fl-6">
         <path>.\source\</path>
         <kind>object</kind>
         <file>defines.obj</file>
         <name>defines.obj</name>
      </input_file>
      <input_file id="fl-7">
         <path>.\source\</path>
         <kind>object</kind>
         <file>eqep.obj</file>
         <name>eqep.obj</name>
      </input_file>
      <input_file id="fl-8">
         <path>.\source\</path>
         <kind>object</kind>
         <file>esm.obj</file>
         <name>esm.obj</name>
      </input_file>
      <input_file id="fl-9">
         <path>.\source\</path>
         <kind>object</kind>
         <file>gio.obj</file>
         <name>gio.obj</name>
      </input_file>
      <input_file id="fl-a">
         <path>.\source\</path>
         <kind>object</kind>
         <file>het.obj</file>
         <name>het.obj</name>
      </input_file>
      <input_file id="fl-b">
         <path>.\source\</path>
         <kind>object</kind>
         <file>ir_adc.obj</file>
         <name>ir_adc.obj</name>
      </input_file>
      <input_file id="fl-c">
         <path>.\source\</path>
         <kind>object</kind>
         <file>lin.obj</file>
         <name>lin.obj</name>
      </input_file>
      <input_file id="fl-d">
         <path>.\source\</path>
         <kind>object</kind>
         <file>notification.obj</file>
         <name>notification.obj</name>
      </input_file>
      <input_file id="fl-e">
         <path>.\source\</path>
         <kind>object</kind>
         <file>pinmux.obj</file>
         <name>pinmux.obj</name>
      </input_file>
      <input_file id="fl-f">
         <path>.\source\</path>
         <kind>object</kind>
         <file>print_debug.obj</file>
         <name>print_debug.obj</name>
      </input_file>
      <input_file id="fl-10">
         <path>.\source\</path>
         <kind>object</kind>
         <file>rti.obj</file>
         <name>rti.obj</name>
      </input_file>
      <input_file id="fl-11">
         <path>.\source\</path>
         <kind>object</kind>
         <file>sci.obj</file>
         <name>sci.obj</name>
      </input_file>
      <input_file id="fl-12">
         <path>.\source\</path>
         <kind>object</kind>
         <file>sonar.obj</file>
         <name>sonar.obj</name>
      </input_file>
      <input_file id="fl-13">
         <path>.\source\</path>
         <kind>object</kind>
         <file>sys_core.obj</file>
         <name>sys_core.obj</name>
      </input_file>
      <input_file id="fl-14">
         <path>.\source\</path>
         <kind>object</kind>
         <file>sys_intvecs.obj</file>
         <name>sys_intvecs.obj</name>
      </input_file>
      <input_file id="fl-15">
         <path>.\source\</path>
         <kind>object</kind>
         <file>sys_main.obj</file>
         <name>sys_main.obj</name>
      </input_file>
      <input_file id="fl-16">
         <path>.\source\</path>
         <kind>object</kind>
         <file>sys_mpu.obj</file>
         <name>sys_mpu.obj</name>
      </input_file>
      <input_file id="fl-17">
         <path>.\source\</path>
         <kind>object</kind>
         <file>sys_pcr.obj</file>
         <name>sys_pcr.obj</name>
      </input_file>
      <input_file id="fl-18">
         <path>.\source\</path>
         <kind>object</kind>
         <file>sys_phantom.obj</file>
         <name>sys_phantom.obj</name>
      </input_file>
      <input_file id="fl-19">
         <path>.\source\</path>
         <kind>object</kind>
         <file>sys_pmu.obj</file>
         <name>sys_pmu.obj</name>
      </input_file>
      <input_file id="fl-1a">
         <path>.\source\</path>
         <kind>object</kind>
         <file>sys_selftest.obj</file>
         <name>sys_selftest.obj</name>
      </input_file>
      <input_file id="fl-1b">
         <path>.\source\</path>
         <kind>object</kind>
         <file>sys_startup.obj</file>
         <name>sys_startup.obj</name>
      </input_file>
      <input_file id="fl-1c">
         <path>.\source\</path>
         <kind>object</kind>
         <file>sys_vim.obj</file>
         <name>sys_vim.obj</name>
      </input_file>
      <input_file id="fl-1d">
         <path>.\source\</path>
         <kind>object</kind>
         <file>system.obj</file>
         <name>system.obj</name>
      </input_file>
      <input_file id="fl-1e">
         <path>.\MotorStateMachine\</path>
         <kind>object</kind>
         <file>MotorStateMachine.obj</file>
         <name>MotorStateMachine.obj</name>
      </input_file>
      <input_file id="fl-14b">
         <path>c:\ti\ccsv6\tools\compiler\arm_5.1.6\lib\</path>
         <kind>archive</kind>
         <file>rtsv7R4_A_le_eabi.lib</file>
         <name>auto_init.obj</name>
      </input_file>
      <input_file id="fl-14c">
         <path>c:\ti\ccsv6\tools\compiler\arm_5.1.6\lib\</path>
         <kind>archive</kind>
         <file>rtsv7R4_A_le_eabi.lib</file>
         <name>copy_decompress_none.obj</name>
      </input_file>
      <input_file id="fl-14d">
         <path>c:\ti\ccsv6\tools\compiler\arm_5.1.6\lib\</path>
         <kind>archive</kind>
         <file>rtsv7R4_A_le_eabi.lib</file>
         <name>copy_decompress_rle.obj</name>
      </input_file>
      <input_file id="fl-14e">
         <path>c:\ti\ccsv6\tools\compiler\arm_5.1.6\lib\</path>
         <kind>archive</kind>
         <file>rtsv7R4_A_le_eabi.lib</file>
         <name>copy_zero_init.obj</name>
      </input_file>
      <input_file id="fl-14f">
         <path>c:\ti\ccsv6\tools\compiler\arm_5.1.6\lib\</path>
         <kind>archive</kind>
         <file>rtsv7R4_A_le_eabi.lib</file>
         <name>cpy_tbl.obj</name>
      </input_file>
      <input_file id="fl-150">
         <path>c:\ti\ccsv6\tools\compiler\arm_5.1.6\lib\</path>
         <kind>archive</kind>
         <file>rtsv7R4_A_le_eabi.lib</file>
         <name>exit.obj</name>
      </input_file>
      <input_file id="fl-151">
         <path>c:\ti\ccsv6\tools\compiler\arm_5.1.6\lib\</path>
         <kind>archive</kind>
         <file>rtsv7R4_A_le_eabi.lib</file>
         <name>fd_add32.obj</name>
      </input_file>
      <input_file id="fl-152">
         <path>c:\ti\ccsv6\tools\compiler\arm_5.1.6\lib\</path>
         <kind>archive</kind>
         <file>rtsv7R4_A_le_eabi.lib</file>
         <name>fd_div32.obj</name>
      </input_file>
      <input_file id="fl-153">
         <path>c:\ti\ccsv6\tools\compiler\arm_5.1.6\lib\</path>
         <kind>archive</kind>
         <file>rtsv7R4_A_le_eabi.lib</file>
         <name>fd_mul32.obj</name>
      </input_file>
      <input_file id="fl-154">
         <path>c:\ti\ccsv6\tools\compiler\arm_5.1.6\lib\</path>
         <kind>archive</kind>
         <file>rtsv7R4_A_le_eabi.lib</file>
         <name>fd_tos32.obj</name>
      </input_file>
      <input_file id="fl-155">
         <path>c:\ti\ccsv6\tools\compiler\arm_5.1.6\lib\</path>
         <kind>archive</kind>
         <file>rtsv7R4_A_le_eabi.lib</file>
         <name>fd_tou32.obj</name>
      </input_file>
      <input_file id="fl-156">
         <path>c:\ti\ccsv6\tools\compiler\arm_5.1.6\lib\</path>
         <kind>archive</kind>
         <file>rtsv7R4_A_le_eabi.lib</file>
         <name>fs_div32.obj</name>
      </input_file>
      <input_file id="fl-157">
         <path>c:\ti\ccsv6\tools\compiler\arm_5.1.6\lib\</path>
         <kind>archive</kind>
         <file>rtsv7R4_A_le_eabi.lib</file>
         <name>fs_tod32.obj</name>
      </input_file>
      <input_file id="fl-158">
         <path>c:\ti\ccsv6\tools\compiler\arm_5.1.6\lib\</path>
         <kind>archive</kind>
         <file>rtsv7R4_A_le_eabi.lib</file>
         <name>memcpy32.obj</name>
      </input_file>
      <input_file id="fl-159">
         <path>c:\ti\ccsv6\tools\compiler\arm_5.1.6\lib\</path>
         <kind>archive</kind>
         <file>rtsv7R4_A_le_eabi.lib</file>
         <name>memory.obj</name>
      </input_file>
      <input_file id="fl-15a">
         <path>c:\ti\ccsv6\tools\compiler\arm_5.1.6\lib\</path>
         <kind>archive</kind>
         <file>rtsv7R4_A_le_eabi.lib</file>
         <name>memset32.obj</name>
      </input_file>
      <input_file id="fl-15b">
         <path>c:\ti\ccsv6\tools\compiler\arm_5.1.6\lib\</path>
         <kind>archive</kind>
         <file>rtsv7R4_A_le_eabi.lib</file>
         <name>strcat.obj</name>
      </input_file>
      <input_file id="fl-15c">
         <path>c:\ti\ccsv6\tools\compiler\arm_5.1.6\lib\</path>
         <kind>archive</kind>
         <file>rtsv7R4_A_le_eabi.lib</file>
         <name>strcmp.obj</name>
      </input_file>
      <input_file id="fl-15d">
         <path>c:\ti\ccsv6\tools\compiler\arm_5.1.6\lib\</path>
         <kind>archive</kind>
         <file>rtsv7R4_A_le_eabi.lib</file>
         <name>strlen.obj</name>
      </input_file>
      <input_file id="fl-15e">
         <path>c:\ti\ccsv6\tools\compiler\arm_5.1.6\lib\</path>
         <kind>archive</kind>
         <file>rtsv7R4_A_le_eabi.lib</file>
         <name>u_div32.obj</name>
      </input_file>
      <input_file id="fl-15f">
         <path>c:\ti\ccsv6\tools\compiler\arm_5.1.6\lib\</path>
         <kind>archive</kind>
         <file>rtsv7R4_A_le_eabi.lib</file>
         <name>u_tofd32.obj</name>
      </input_file>
      <input_file id="fl-160">
         <path>c:\ti\ccsv6\tools\compiler\arm_5.1.6\lib\</path>
         <kind>archive</kind>
         <file>rtsv7R4_A_le_eabi.lib</file>
         <name>u_tofs32.obj</name>
      </input_file>
      <input_file id="fl-161">
         <path>c:\ti\ccsv6\tools\compiler\arm_5.1.6\lib\</path>
         <kind>archive</kind>
         <file>rtsv7R4_A_le_eabi.lib</file>
         <name>vsprintf.obj</name>
      </input_file>
      <input_file id="fl-162">
         <path>c:\ti\ccsv6\tools\compiler\arm_5.1.6\lib\</path>
         <kind>archive</kind>
         <file>rtsv7R4_A_le_eabi.lib</file>
         <name>_lock.obj</name>
      </input_file>
      <input_file id="fl-163">
         <path>c:\ti\ccsv6\tools\compiler\arm_5.1.6\lib\</path>
         <kind>archive</kind>
         <file>rtsv7R4_A_le_eabi.lib</file>
         <name>_printfi.obj</name>
      </input_file>
      <input_file id="fl-164">
         <path>c:\ti\ccsv6\tools\compiler\arm_5.1.6\lib\</path>
         <kind>archive</kind>
         <file>rtsv7R4_A_le_eabi.lib</file>
         <name>atoi.obj</name>
      </input_file>
      <input_file id="fl-165">
         <path>c:\ti\ccsv6\tools\compiler\arm_5.1.6\lib\</path>
         <kind>archive</kind>
         <file>rtsv7R4_A_le_eabi.lib</file>
         <name>ctype.obj</name>
      </input_file>
      <input_file id="fl-166">
         <path>c:\ti\ccsv6\tools\compiler\arm_5.1.6\lib\</path>
         <kind>archive</kind>
         <file>rtsv7R4_A_le_eabi.lib</file>
         <name>fd_cmp32.obj</name>
      </input_file>
      <input_file id="fl-167">
         <path>c:\ti\ccsv6\tools\compiler\arm_5.1.6\lib\</path>
         <kind>archive</kind>
         <file>rtsv7R4_A_le_eabi.lib</file>
         <name>fd_toi32.obj</name>
      </input_file>
      <input_file id="fl-168">
         <path>c:\ti\ccsv6\tools\compiler\arm_5.1.6\lib\</path>
         <kind>archive</kind>
         <file>rtsv7R4_A_le_eabi.lib</file>
         <name>i_tofd32.obj</name>
      </input_file>
      <input_file id="fl-169">
         <path>c:\ti\ccsv6\tools\compiler\arm_5.1.6\lib\</path>
         <kind>archive</kind>
         <file>rtsv7R4_A_le_eabi.lib</file>
         <name>ltoa.obj</name>
      </input_file>
      <input_file id="fl-16a">
         <path>c:\ti\ccsv6\tools\compiler\arm_5.1.6\lib\</path>
         <kind>archive</kind>
         <file>rtsv7R4_A_le_eabi.lib</file>
         <name>memccpy.obj</name>
      </input_file>
      <input_file id="fl-16b">
         <path>c:\ti\ccsv6\tools\compiler\arm_5.1.6\lib\</path>
         <kind>archive</kind>
         <file>rtsv7R4_A_le_eabi.lib</file>
         <name>ull_div32.obj</name>
      </input_file>
      <input_file id="fl-16c">
         <path>c:\ti\ccsv6\tools\compiler\arm_5.1.6\lib\</path>
         <kind>archive</kind>
         <file>rtsv7R4_A_le_eabi.lib</file>
         <name>xdclass.obj</name>
      </input_file>
      <input_file id="fl-16d">
         <path>c:\ti\ccsv6\tools\compiler\arm_5.1.6\lib\</path>
         <kind>archive</kind>
         <file>rtsv7R4_A_le_eabi.lib</file>
         <name>xdtest.obj</name>
      </input_file>
      <input_file id="fl-16e">
         <path>c:\ti\ccsv6\tools\compiler\arm_5.1.6\lib\</path>
         <kind>archive</kind>
         <file>rtsv7R4_A_le_eabi.lib</file>
         <name>i_div32.obj</name>
      </input_file>
   </input_file_list>
   <object_component_list>
      <object_component id="oc-50">
         <name>.intvecs</name>
         <load_address>0x0</load_address>
         <run_address>0x0</run_address>
         <size>0x20</size>
         <input_file_ref idref="fl-14"/>
      </object_component>
      <object_component id="oc-75">
         <name>.text</name>
         <load_address>0x20</load_address>
         <run_address>0x20</run_address>
         <size>0x24dc</size>
         <input_file_ref idref="fl-1a"/>
      </object_component>
      <object_component id="oc-313">
         <name>.text</name>
         <load_address>0x24fc</load_address>
         <run_address>0x24fc</run_address>
         <size>0x1714</size>
         <input_file_ref idref="fl-163"/>
      </object_component>
      <object_component id="oc-115">
         <name>.text</name>
         <load_address>0x3c10</load_address>
         <run_address>0x3c10</run_address>
         <size>0xc30</size>
         <input_file_ref idref="fl-7"/>
      </object_component>
      <object_component id="oc-11b">
         <name>.text</name>
         <load_address>0x4840</load_address>
         <run_address>0x4840</run_address>
         <size>0xa84</size>
         <input_file_ref idref="fl-2"/>
      </object_component>
      <object_component id="oc-6f">
         <name>.text</name>
         <load_address>0x52c4</load_address>
         <run_address>0x52c4</run_address>
         <size>0xa64</size>
         <input_file_ref idref="fl-1d"/>
      </object_component>
      <object_component id="oc-127">
         <name>.text</name>
         <load_address>0x5d28</load_address>
         <run_address>0x5d28</run_address>
         <size>0x918</size>
         <input_file_ref idref="fl-a"/>
      </object_component>
      <object_component id="oc-5c">
         <name>.text</name>
         <load_address>0x6640</load_address>
         <run_address>0x6640</run_address>
         <size>0x894</size>
         <input_file_ref idref="fl-1c"/>
      </object_component>
      <object_component id="oc-10f">
         <name>.text</name>
         <load_address>0x6ed4</load_address>
         <run_address>0x6ed4</run_address>
         <size>0x688</size>
         <input_file_ref idref="fl-11"/>
      </object_component>
      <object_component id="oc-7b">
         <name>.text</name>
         <load_address>0x755c</load_address>
         <run_address>0x755c</run_address>
         <size>0x62c</size>
         <input_file_ref idref="fl-8"/>
      </object_component>
      <object_component id="oc-121">
         <name>.text</name>
         <load_address>0x7b88</load_address>
         <run_address>0x7b88</run_address>
         <size>0x62c</size>
         <input_file_ref idref="fl-10"/>
      </object_component>
      <object_component id="oc-86">
         <name>.text</name>
         <load_address>0x81b4</load_address>
         <run_address>0x81b4</run_address>
         <size>0x624</size>
         <input_file_ref idref="fl-15"/>
      </object_component>
      <object_component id="oc-103">
         <name>.text</name>
         <load_address>0x87d8</load_address>
         <run_address>0x87d8</run_address>
         <size>0x620</size>
         <input_file_ref idref="fl-159"/>
      </object_component>
      <object_component id="oc-133">
         <name>.text</name>
         <load_address>0x8df8</load_address>
         <run_address>0x8df8</run_address>
         <size>0x5e4</size>
         <input_file_ref idref="fl-12"/>
      </object_component>
      <object_component id="oc-4a">
         <name>.text:retain</name>
         <load_address>0x93dc</load_address>
         <run_address>0x93dc</run_address>
         <size>0x384</size>
         <input_file_ref idref="fl-11"/>
      </object_component>
      <object_component id="oc-109">
         <name>.text</name>
         <load_address>0x9760</load_address>
         <run_address>0x9760</run_address>
         <size>0x36c</size>
         <input_file_ref idref="fl-9"/>
      </object_component>
      <object_component id="oc-6a">
         <name>.text</name>
         <load_address>0x9acc</load_address>
         <run_address>0x9acc</run_address>
         <size>0x340</size>
         <input_file_ref idref="fl-13"/>
      </object_component>
      <object_component id="oc-b3">
         <name>.text</name>
         <load_address>0x9e0c</load_address>
         <run_address>0x9e0c</run_address>
         <size>0x2ec</size>
         <input_file_ref idref="fl-d"/>
      </object_component>
      <object_component id="oc-143">
         <name>.text</name>
         <load_address>0xa0f8</load_address>
         <run_address>0xa0f8</run_address>
         <size>0x2cc</size>
         <input_file_ref idref="fl-f"/>
      </object_component>
      <object_component id="oc-332">
         <name>.text</name>
         <load_address>0xa3c4</load_address>
         <run_address>0xa3c4</run_address>
         <size>0x2b8</size>
         <input_file_ref idref="fl-16b"/>
      </object_component>
      <object_component id="oc-12d">
         <name>.text</name>
         <load_address>0xa67c</load_address>
         <run_address>0xa67c</run_address>
         <size>0x270</size>
         <input_file_ref idref="fl-5"/>
      </object_component>
      <object_component id="oc-5b">
         <name>.text:retain</name>
         <load_address>0xa8ec</load_address>
         <run_address>0xa8ec</run_address>
         <size>0x26c</size>
         <input_file_ref idref="fl-1c"/>
      </object_component>
      <object_component id="oc-235">
         <name>.text</name>
         <load_address>0xab58</load_address>
         <run_address>0xab58</run_address>
         <size>0x214</size>
         <input_file_ref idref="fl-151"/>
      </object_component>
      <object_component id="oc-b">
         <name>.text:retain</name>
         <load_address>0xad6c</load_address>
         <run_address>0xad6c</run_address>
         <size>0x200</size>
         <input_file_ref idref="fl-1b"/>
      </object_component>
      <object_component id="oc-230">
         <name>.text</name>
         <load_address>0xaf6c</load_address>
         <run_address>0xaf6c</run_address>
         <size>0x190</size>
         <input_file_ref idref="fl-152"/>
      </object_component>
      <object_component id="oc-93">
         <name>.text</name>
         <load_address>0xb0fc</load_address>
         <run_address>0xb0fc</run_address>
         <size>0x180</size>
         <input_file_ref idref="fl-158"/>
      </object_component>
      <object_component id="oc-e6">
         <name>.text</name>
         <load_address>0xb27c</load_address>
         <run_address>0xb27c</run_address>
         <size>0x154</size>
         <input_file_ref idref="fl-e"/>
      </object_component>
      <object_component id="oc-32">
         <name>.text:retain</name>
         <load_address>0xb3d0</load_address>
         <run_address>0xb3d0</run_address>
         <size>0x130</size>
         <input_file_ref idref="fl-8"/>
      </object_component>
      <object_component id="oc-261">
         <name>.text</name>
         <load_address>0xb500</load_address>
         <run_address>0xb500</run_address>
         <size>0x128</size>
         <input_file_ref idref="fl-153"/>
      </object_component>
      <object_component id="oc-ee">
         <name>.text</name>
         <load_address>0xb628</load_address>
         <run_address>0xb628</run_address>
         <size>0x114</size>
         <input_file_ref idref="fl-19"/>
      </object_component>
      <object_component id="oc-ce">
         <name>.text</name>
         <load_address>0xb73c</load_address>
         <run_address>0xb73c</run_address>
         <size>0xe8</size>
         <input_file_ref idref="fl-4"/>
      </object_component>
      <object_component id="oc-337">
         <name>.text:__aeabi_cdcmple</name>
         <load_address>0xb824</load_address>
         <run_address>0xb824</run_address>
         <size>0xe0</size>
         <input_file_ref idref="fl-166"/>
      </object_component>
      <object_component id="oc-33c">
         <name>.text:__aeabi_cdrcmple</name>
         <load_address>0xb904</load_address>
         <run_address>0xb904</run_address>
         <size>0xe0</size>
         <input_file_ref idref="fl-166"/>
      </object_component>
      <object_component id="oc-81">
         <name>.text</name>
         <load_address>0xb9e4</load_address>
         <run_address>0xb9e4</run_address>
         <size>0xd4</size>
         <input_file_ref idref="fl-14b"/>
      </object_component>
      <object_component id="oc-13e">
         <name>.text</name>
         <load_address>0xbab8</load_address>
         <run_address>0xbab8</run_address>
         <size>0xd4</size>
         <input_file_ref idref="fl-156"/>
      </object_component>
      <object_component id="oc-24c">
         <name>.text</name>
         <load_address>0xbb8c</load_address>
         <run_address>0xbb8c</run_address>
         <size>0xb0</size>
         <input_file_ref idref="fl-15a"/>
      </object_component>
      <object_component id="oc-a6">
         <name>.text</name>
         <load_address>0xbc3c</load_address>
         <run_address>0xbc3c</run_address>
         <size>0x98</size>
         <input_file_ref idref="fl-14d"/>
      </object_component>
      <object_component id="oc-3e">
         <name>.text:retain</name>
         <load_address>0xbcd4</load_address>
         <run_address>0xbcd4</run_address>
         <size>0x88</size>
         <input_file_ref idref="fl-a"/>
      </object_component>
      <object_component id="oc-35d">
         <name>.text</name>
         <load_address>0xbd5c</load_address>
         <run_address>0xbd5c</run_address>
         <size>0x84</size>
         <input_file_ref idref="fl-164"/>
      </object_component>
      <object_component id="oc-295">
         <name>.text</name>
         <load_address>0xbde0</load_address>
         <run_address>0xbde0</run_address>
         <size>0x84</size>
         <input_file_ref idref="fl-161"/>
      </object_component>
      <object_component id="oc-382">
         <name>.text</name>
         <load_address>0xbe64</load_address>
         <run_address>0xbe64</run_address>
         <size>0x84</size>
         <input_file_ref idref="fl-16d"/>
      </object_component>
      <object_component id="oc-fc">
         <name>.text</name>
         <load_address>0xbee8</load_address>
         <run_address>0xbee8</run_address>
         <size>0x80</size>
         <input_file_ref idref="fl-14f"/>
      </object_component>
      <object_component id="oc-346">
         <name>.text</name>
         <load_address>0xbf68</load_address>
         <run_address>0xbf68</run_address>
         <size>0x80</size>
         <input_file_ref idref="fl-169"/>
      </object_component>
      <object_component id="oc-8c">
         <name>.text</name>
         <load_address>0xbfe8</load_address>
         <run_address>0xbfe8</run_address>
         <size>0x78</size>
         <input_file_ref idref="fl-150"/>
      </object_component>
      <object_component id="oc-273">
         <name>.text</name>
         <load_address>0xc060</load_address>
         <run_address>0xc060</run_address>
         <size>0x70</size>
         <input_file_ref idref="fl-6"/>
      </object_component>
      <object_component id="oc-149">
         <name>.text</name>
         <load_address>0xc0d0</load_address>
         <run_address>0xc0d0</run_address>
         <size>0x60</size>
         <input_file_ref idref="fl-157"/>
      </object_component>
      <object_component id="oc-341">
         <name>.text</name>
         <load_address>0xc130</load_address>
         <run_address>0xc130</run_address>
         <size>0x5c</size>
         <input_file_ref idref="fl-167"/>
      </object_component>
      <object_component id="oc-23a">
         <name>.text</name>
         <load_address>0xc18c</load_address>
         <run_address>0xc18c</run_address>
         <size>0x5c</size>
         <input_file_ref idref="fl-155"/>
      </object_component>
      <object_component id="oc-2c">
         <name>.text:retain</name>
         <load_address>0xc1e8</load_address>
         <run_address>0xc1e8</run_address>
         <size>0x58</size>
         <input_file_ref idref="fl-7"/>
      </object_component>
      <object_component id="oc-27b">
         <name>.text</name>
         <load_address>0xc240</load_address>
         <run_address>0xc240</run_address>
         <size>0x58</size>
         <input_file_ref idref="fl-154"/>
      </object_component>
      <object_component id="oc-37a">
         <name>.text</name>
         <load_address>0xc298</load_address>
         <run_address>0xc298</run_address>
         <size>0x58</size>
         <input_file_ref idref="fl-16e"/>
      </object_component>
      <object_component id="oc-23">
         <name>.text:retain</name>
         <load_address>0xc2f0</load_address>
         <run_address>0xc2f0</run_address>
         <size>0x54</size>
         <input_file_ref idref="fl-2"/>
      </object_component>
      <object_component id="oc-25c">
         <name>.text</name>
         <load_address>0xc344</load_address>
         <run_address>0xc344</run_address>
         <size>0x54</size>
         <input_file_ref idref="fl-15e"/>
      </object_component>
      <object_component id="oc-38">
         <name>.text:retain</name>
         <load_address>0xc398</load_address>
         <run_address>0xc398</run_address>
         <size>0x4c</size>
         <input_file_ref idref="fl-9"/>
      </object_component>
      <object_component id="oc-44">
         <name>.text:retain</name>
         <load_address>0xc3e4</load_address>
         <run_address>0xc3e4</run_address>
         <size>0x44</size>
         <input_file_ref idref="fl-10"/>
      </object_component>
      <object_component id="oc-34c">
         <name>.text</name>
         <load_address>0xc428</load_address>
         <run_address>0xc428</run_address>
         <size>0x3c</size>
         <input_file_ref idref="fl-168"/>
      </object_component>
      <object_component id="oc-139">
         <name>.text</name>
         <load_address>0xc464</load_address>
         <run_address>0xc464</run_address>
         <size>0x38</size>
         <input_file_ref idref="fl-160"/>
      </object_component>
      <object_component id="oc-22b">
         <name>.text</name>
         <load_address>0xc49c</load_address>
         <run_address>0xc49c</run_address>
         <size>0x34</size>
         <input_file_ref idref="fl-15f"/>
      </object_component>
      <object_component id="oc-357">
         <name>.text</name>
         <load_address>0xc4d0</load_address>
         <run_address>0xc4d0</run_address>
         <size>0x2c</size>
         <input_file_ref idref="fl-16a"/>
      </object_component>
      <object_component id="oc-289">
         <name>.text</name>
         <load_address>0xc4fc</load_address>
         <run_address>0xc4fc</run_address>
         <size>0x2c</size>
         <input_file_ref idref="fl-15b"/>
      </object_component>
      <object_component id="oc-189">
         <name>.text</name>
         <load_address>0xc528</load_address>
         <run_address>0xc528</run_address>
         <size>0x28</size>
         <input_file_ref idref="fl-15c"/>
      </object_component>
      <object_component id="oc-2cc">
         <name>.text</name>
         <load_address>0xc550</load_address>
         <run_address>0xc550</run_address>
         <size>0x24</size>
         <input_file_ref idref="fl-162"/>
      </object_component>
      <object_component id="oc-17">
         <name>.text:decompress:ZI</name>
         <load_address>0xc574</load_address>
         <run_address>0xc574</run_address>
         <size>0x20</size>
         <input_file_ref idref="fl-14e"/>
      </object_component>
      <object_component id="oc-28f">
         <name>.text</name>
         <load_address>0xc594</load_address>
         <run_address>0xc594</run_address>
         <size>0x20</size>
         <input_file_ref idref="fl-15d"/>
      </object_component>
      <object_component id="oc-11">
         <name>.text:decompress:none</name>
         <load_address>0xc5b4</load_address>
         <run_address>0xc5b4</run_address>
         <size>0x14</size>
         <input_file_ref idref="fl-14c"/>
      </object_component>
      <object_component id="oc-351">
         <name>.text</name>
         <load_address>0xc5c8</load_address>
         <run_address>0xc5c8</run_address>
         <size>0x14</size>
         <input_file_ref idref="fl-16c"/>
      </object_component>
      <object_component id="oc-1d">
         <name>.text:decompress:rle24</name>
         <load_address>0xc5dc</load_address>
         <run_address>0xc5dc</run_address>
         <size>0x8</size>
         <input_file_ref idref="fl-14d"/>
      </object_component>
      <object_component id="oc-55">
         <name>.text:retain</name>
         <load_address>0xc5e4</load_address>
         <run_address>0xc5e4</run_address>
         <size>0x4</size>
         <input_file_ref idref="fl-18"/>
      </object_component>
      <object_component id="oc-266">
         <name>.const:het1PROGRAM</name>
         <load_address>0xc5e8</load_address>
         <run_address>0xc5e8</run_address>
         <size>0x3a0</size>
         <input_file_ref idref="fl-a"/>
      </object_component>
      <object_component id="oc-29">
         <name>.const:s_vim_init</name>
         <load_address>0xc988</load_address>
         <run_address>0xc988</run_address>
         <size>0x180</size>
         <input_file_ref idref="fl-1c"/>
      </object_component>
      <object_component id="oc-38b">
         <name>.const:.string:_ctypes_</name>
         <load_address>0xcb08</load_address>
         <run_address>0xcb08</run_address>
         <size>0x104</size>
         <input_file_ref idref="fl-165"/>
      </object_component>
      <object_component id="oc-15a">
         <name>.const</name>
         <load_address>0xcc0c</load_address>
         <run_address>0xcc0c</run_address>
         <size>0x38</size>
         <input_file_ref idref="fl-15"/>
      </object_component>
      <object_component id="oc-269">
         <name>.const</name>
         <load_address>0xcc44</load_address>
         <run_address>0xcc44</run_address>
         <size>0x20</size>
         <input_file_ref idref="fl-a"/>
      </object_component>
      <object_component id="oc-251">
         <name>.const</name>
         <load_address>0xcc64</load_address>
         <run_address>0xcc64</run_address>
         <size>0x18</size>
         <input_file_ref idref="fl-2"/>
      </object_component>
      <object_component id="oc-3c3">
         <name>.cinit..data.load</name>
         <load_address>0xcc80</load_address>
         <run_address>0xcc80</run_address>
         <size>0x2a</size>
      </object_component>
      <object_component id="oc-3c0">
         <name>__TI_handler_table</name>
         <load_address>0xccac</load_address>
         <run_address>0xccac</run_address>
         <size>0xc</size>
      </object_component>
      <object_component id="oc-3c2">
         <name>.cinit..bss.load</name>
         <load_address>0xccb8</load_address>
         <run_address>0xccb8</run_address>
         <size>0x8</size>
      </object_component>
      <object_component id="oc-3c1">
         <name>__TI_cinit_table</name>
         <load_address>0xccc0</load_address>
         <run_address>0xccc0</run_address>
         <size>0x10</size>
      </object_component>
      <object_component id="oc-15d">
         <name>.bss:command</name>
         <uninitialized>true</uninitialized>
         <run_address>0x8001dc0</run_address>
         <size>0x64</size>
         <input_file_ref idref="fl-6"/>
      </object_component>
      <object_component id="oc-14e">
         <name>.common:adc_data</name>
         <uninitialized>true</uninitialized>
         <run_address>0x8001e38</run_address>
         <size>0x4</size>
      </object_component>
      <object_component id="oc-243">
         <name>.common:g_sciTransfer_t</name>
         <uninitialized>true</uninitialized>
         <run_address>0x8001e24</run_address>
         <size>0x14</size>
      </object_component>
      <object_component id="oc-280">
         <name>.common:sonar$1</name>
         <uninitialized>true</uninitialized>
         <run_address>0x8001e3c</run_address>
         <size>0x4</size>
      </object_component>
      <object_component id="oc-285">
         <name>.common:sonar$2</name>
         <uninitialized>true</uninitialized>
         <run_address>0x8001e40</run_address>
         <size>0x4</size>
      </object_component>
      <object_component id="oc-157">
         <name>.data</name>
         <load_address>0x8001db8</load_address>
         <run_address>0x8001db8</run_address>
         <size>0x8</size>
         <input_file_ref idref="fl-15"/>
      </object_component>
      <object_component id="oc-160">
         <name>.data</name>
         <load_address>0x8001d80</load_address>
         <run_address>0x8001d80</run_address>
         <size>0x14</size>
         <input_file_ref idref="fl-6"/>
      </object_component>
      <object_component id="oc-169">
         <name>.data</name>
         <load_address>0x8001da0</load_address>
         <run_address>0x8001da0</run_address>
         <size>0x8</size>
         <input_file_ref idref="fl-162"/>
      </object_component>
      <object_component id="oc-16c">
         <name>.data</name>
         <load_address>0x8001da8</load_address>
         <run_address>0x8001da8</run_address>
         <size>0x8</size>
         <input_file_ref idref="fl-150"/>
      </object_component>
      <object_component id="oc-225">
         <name>.data</name>
         <load_address>0x8001d94</load_address>
         <run_address>0x8001d94</run_address>
         <size>0xc</size>
         <input_file_ref idref="fl-159"/>
      </object_component>
      <object_component id="oc-281">
         <name>.data</name>
         <load_address>0x8001db0</load_address>
         <run_address>0x8001db0</run_address>
         <size>0x8</size>
         <input_file_ref idref="fl-12"/>
      </object_component>
      <object_component id="oc-284">
         <name>.data:_skip_first_call$3</name>
         <load_address>0x8001d00</load_address>
         <run_address>0x8001d00</run_address>
         <size>0x80</size>
         <input_file_ref idref="fl-12"/>
      </object_component>
      <object_component id="oc-67">
         <name>.sysmem</name>
         <uninitialized>true</uninitialized>
         <run_address>0x8001500</run_address>
         <size>0x8</size>
         <input_file_ref idref="fl-159"/>
      </object_component>
      <object_component id="oc-3c4">
         <name>.sysmem</name>
         <uninitialized>true</uninitialized>
         <run_address>0x8001500</run_address>
         <size>0x0</size>
      </object_component>
      <object_component id="oc-c">
         <name>.debug_info</name>
         <load_address>0x0</load_address>
         <run_address>0x0</run_address>
         <size>0x4e0</size>
         <input_file_ref idref="fl-1b"/>
      </object_component>
      <object_component id="oc-14">
         <name>.debug_info</name>
         <load_address>0x4e0</load_address>
         <run_address>0x4e0</run_address>
         <size>0x1ac</size>
         <input_file_ref idref="fl-14c"/>
      </object_component>
      <object_component id="oc-1a">
         <name>.debug_info</name>
         <load_address>0x68c</load_address>
         <run_address>0x68c</run_address>
         <size>0x182</size>
         <input_file_ref idref="fl-14e"/>
      </object_component>
      <object_component id="oc-20">
         <name>.debug_info</name>
         <load_address>0x80e</load_address>
         <run_address>0x80e</run_address>
         <size>0x1a6</size>
         <input_file_ref idref="fl-14d"/>
      </object_component>
      <object_component id="oc-24">
         <name>.debug_info</name>
         <load_address>0x9b4</load_address>
         <run_address>0x9b4</run_address>
         <size>0x1d5</size>
         <input_file_ref idref="fl-2"/>
      </object_component>
      <object_component id="oc-2a">
         <name>.debug_info</name>
         <load_address>0xb89</load_address>
         <run_address>0xb89</run_address>
         <size>0xf7</size>
         <input_file_ref idref="fl-1c"/>
      </object_component>
      <object_component id="oc-2d">
         <name>.debug_info</name>
         <load_address>0xc80</load_address>
         <run_address>0xc80</run_address>
         <size>0x168</size>
         <input_file_ref idref="fl-7"/>
      </object_component>
      <object_component id="oc-33">
         <name>.debug_info</name>
         <load_address>0xde8</load_address>
         <run_address>0xde8</run_address>
         <size>0x1ba</size>
         <input_file_ref idref="fl-8"/>
      </object_component>
      <object_component id="oc-39">
         <name>.debug_info</name>
         <load_address>0xfa2</load_address>
         <run_address>0xfa2</run_address>
         <size>0x170</size>
         <input_file_ref idref="fl-9"/>
      </object_component>
      <object_component id="oc-3f">
         <name>.debug_info</name>
         <load_address>0x1112</load_address>
         <run_address>0x1112</run_address>
         <size>0x197</size>
         <input_file_ref idref="fl-a"/>
      </object_component>
      <object_component id="oc-45">
         <name>.debug_info</name>
         <load_address>0x12a9</load_address>
         <run_address>0x12a9</run_address>
         <size>0x1d9</size>
         <input_file_ref idref="fl-10"/>
      </object_component>
      <object_component id="oc-4b">
         <name>.debug_info</name>
         <load_address>0x1482</load_address>
         <run_address>0x1482</run_address>
         <size>0x36f</size>
         <input_file_ref idref="fl-11"/>
      </object_component>
      <object_component id="oc-51">
         <name>.debug_info</name>
         <load_address>0x17f1</load_address>
         <run_address>0x17f1</run_address>
         <size>0x123</size>
         <input_file_ref idref="fl-14"/>
      </object_component>
      <object_component id="oc-56">
         <name>.debug_info</name>
         <load_address>0x1914</load_address>
         <run_address>0x1914</run_address>
         <size>0x14f</size>
         <input_file_ref idref="fl-18"/>
      </object_component>
      <object_component id="oc-5d">
         <name>.debug_info</name>
         <load_address>0x1a63</load_address>
         <run_address>0x1a63</run_address>
         <size>0x489</size>
         <input_file_ref idref="fl-1c"/>
      </object_component>
      <object_component id="oc-62">
         <name>.debug_info</name>
         <load_address>0x1eec</load_address>
         <run_address>0x1eec</run_address>
         <size>0x212</size>
         <input_file_ref idref="fl-1c"/>
      </object_component>
      <object_component id="oc-68">
         <name>.debug_info</name>
         <load_address>0x20fe</load_address>
         <run_address>0x20fe</run_address>
         <size>0xce</size>
         <input_file_ref idref="fl-159"/>
      </object_component>
      <object_component id="oc-6b">
         <name>.debug_info</name>
         <load_address>0x21cc</load_address>
         <run_address>0x21cc</run_address>
         <size>0x7d4</size>
         <input_file_ref idref="fl-13"/>
      </object_component>
      <object_component id="oc-70">
         <name>.debug_info</name>
         <load_address>0x29a0</load_address>
         <run_address>0x29a0</run_address>
         <size>0x748</size>
         <input_file_ref idref="fl-1d"/>
      </object_component>
      <object_component id="oc-76">
         <name>.debug_info</name>
         <load_address>0x30e8</load_address>
         <run_address>0x30e8</run_address>
         <size>0x2814</size>
         <input_file_ref idref="fl-1a"/>
      </object_component>
      <object_component id="oc-7c">
         <name>.debug_info</name>
         <load_address>0x58fc</load_address>
         <run_address>0x58fc</run_address>
         <size>0xb80</size>
         <input_file_ref idref="fl-8"/>
      </object_component>
      <object_component id="oc-83">
         <name>.debug_info</name>
         <load_address>0x647c</load_address>
         <run_address>0x647c</run_address>
         <size>0x158</size>
         <input_file_ref idref="fl-14b"/>
      </object_component>
      <object_component id="oc-87">
         <name>.debug_info</name>
         <load_address>0x65d4</load_address>
         <run_address>0x65d4</run_address>
         <size>0x4ed</size>
         <input_file_ref idref="fl-15"/>
      </object_component>
      <object_component id="oc-90">
         <name>.debug_info</name>
         <load_address>0x6ac1</load_address>
         <run_address>0x6ac1</run_address>
         <size>0x1da</size>
         <input_file_ref idref="fl-150"/>
      </object_component>
      <object_component id="oc-94">
         <name>.debug_info</name>
         <load_address>0x6c9b</load_address>
         <run_address>0x6c9b</run_address>
         <size>0x14f</size>
         <input_file_ref idref="fl-158"/>
      </object_component>
      <object_component id="oc-99">
         <name>.debug_info</name>
         <load_address>0x6dea</load_address>
         <run_address>0x6dea</run_address>
         <size>0x46</size>
         <input_file_ref idref="fl-14c"/>
      </object_component>
      <object_component id="oc-9e">
         <name>.debug_info</name>
         <load_address>0x6e30</load_address>
         <run_address>0x6e30</run_address>
         <size>0x10a</size>
         <input_file_ref idref="fl-14c"/>
      </object_component>
      <object_component id="oc-a0">
         <name>.debug_info</name>
         <load_address>0x6f3a</load_address>
         <run_address>0x6f3a</run_address>
         <size>0x46</size>
         <input_file_ref idref="fl-14e"/>
      </object_component>
      <object_component id="oc-a5">
         <name>.debug_info</name>
         <load_address>0x6f80</load_address>
         <run_address>0x6f80</run_address>
         <size>0xc5</size>
         <input_file_ref idref="fl-14e"/>
      </object_component>
      <object_component id="oc-aa">
         <name>.debug_info</name>
         <load_address>0x7045</load_address>
         <run_address>0x7045</run_address>
         <size>0x207</size>
         <input_file_ref idref="fl-14d"/>
      </object_component>
      <object_component id="oc-ad">
         <name>.debug_info</name>
         <load_address>0x724c</load_address>
         <run_address>0x724c</run_address>
         <size>0xcf</size>
         <input_file_ref idref="fl-14d"/>
      </object_component>
      <object_component id="oc-ae">
         <name>.debug_info</name>
         <load_address>0x731b</load_address>
         <run_address>0x731b</run_address>
         <size>0x39</size>
         <input_file_ref idref="fl-14d"/>
      </object_component>
      <object_component id="oc-b4">
         <name>.debug_info</name>
         <load_address>0x7354</load_address>
         <run_address>0x7354</run_address>
         <size>0xb80</size>
         <input_file_ref idref="fl-d"/>
      </object_component>
      <object_component id="oc-bc">
         <name>.debug_info</name>
         <load_address>0x7ed4</load_address>
         <run_address>0x7ed4</run_address>
         <size>0x44e</size>
         <input_file_ref idref="fl-1c"/>
      </object_component>
      <object_component id="oc-be">
         <name>.debug_info</name>
         <load_address>0x8322</load_address>
         <run_address>0x8322</run_address>
         <size>0xae</size>
         <input_file_ref idref="fl-2"/>
      </object_component>
      <object_component id="oc-c8">
         <name>.debug_info</name>
         <load_address>0x83d0</load_address>
         <run_address>0x83d0</run_address>
         <size>0x187</size>
         <input_file_ref idref="fl-11"/>
      </object_component>
      <object_component id="oc-cf">
         <name>.debug_info</name>
         <load_address>0x8557</load_address>
         <run_address>0x8557</run_address>
         <size>0x11b</size>
         <input_file_ref idref="fl-4"/>
      </object_component>
      <object_component id="oc-d6">
         <name>.debug_info</name>
         <load_address>0x8672</load_address>
         <run_address>0x8672</run_address>
         <size>0x18c</size>
         <input_file_ref idref="fl-2"/>
      </object_component>
      <object_component id="oc-db">
         <name>.debug_info</name>
         <load_address>0x87fe</load_address>
         <run_address>0x87fe</run_address>
         <size>0x86</size>
         <input_file_ref idref="fl-2"/>
      </object_component>
      <object_component id="oc-e3">
         <name>.debug_info</name>
         <load_address>0x8884</load_address>
         <run_address>0x8884</run_address>
         <size>0x1ef</size>
         <input_file_ref idref="fl-159"/>
      </object_component>
      <object_component id="oc-e7">
         <name>.debug_info</name>
         <load_address>0x8a73</load_address>
         <run_address>0x8a73</run_address>
         <size>0x1f8</size>
         <input_file_ref idref="fl-e"/>
      </object_component>
      <object_component id="oc-ed">
         <name>.debug_info</name>
         <load_address>0x8c6b</load_address>
         <run_address>0x8c6b</run_address>
         <size>0x37a</size>
         <input_file_ref idref="fl-1d"/>
      </object_component>
      <object_component id="oc-ef">
         <name>.debug_info</name>
         <load_address>0x8fe5</load_address>
         <run_address>0x8fe5</run_address>
         <size>0x399</size>
         <input_file_ref idref="fl-19"/>
      </object_component>
      <object_component id="oc-f4">
         <name>.debug_info</name>
         <load_address>0x937e</load_address>
         <run_address>0x937e</run_address>
         <size>0x4ce</size>
         <input_file_ref idref="fl-1a"/>
      </object_component>
      <object_component id="oc-f6">
         <name>.debug_info</name>
         <load_address>0x984c</load_address>
         <run_address>0x984c</run_address>
         <size>0x129</size>
         <input_file_ref idref="fl-8"/>
      </object_component>
      <object_component id="oc-fb">
         <name>.debug_info</name>
         <load_address>0x9975</load_address>
         <run_address>0x9975</run_address>
         <size>0x183</size>
         <input_file_ref idref="fl-8"/>
      </object_component>
      <object_component id="oc-fe">
         <name>.debug_info</name>
         <load_address>0x9af8</load_address>
         <run_address>0x9af8</run_address>
         <size>0x163</size>
         <input_file_ref idref="fl-14f"/>
      </object_component>
      <object_component id="oc-106">
         <name>.debug_info</name>
         <load_address>0x9c5b</load_address>
         <run_address>0x9c5b</run_address>
         <size>0x873</size>
         <input_file_ref idref="fl-159"/>
      </object_component>
      <object_component id="oc-10a">
         <name>.debug_info</name>
         <load_address>0xa4ce</load_address>
         <run_address>0xa4ce</run_address>
         <size>0x6eb</size>
         <input_file_ref idref="fl-9"/>
      </object_component>
      <object_component id="oc-110">
         <name>.debug_info</name>
         <load_address>0xabb9</load_address>
         <run_address>0xabb9</run_address>
         <size>0xb28</size>
         <input_file_ref idref="fl-11"/>
      </object_component>
      <object_component id="oc-116">
         <name>.debug_info</name>
         <load_address>0xb6e1</load_address>
         <run_address>0xb6e1</run_address>
         <size>0x2bb3</size>
         <input_file_ref idref="fl-7"/>
      </object_component>
      <object_component id="oc-11c">
         <name>.debug_info</name>
         <load_address>0xe294</load_address>
         <run_address>0xe294</run_address>
         <size>0xb2e</size>
         <input_file_ref idref="fl-2"/>
      </object_component>
      <object_component id="oc-122">
         <name>.debug_info</name>
         <load_address>0xedc2</load_address>
         <run_address>0xedc2</run_address>
         <size>0xd3a</size>
         <input_file_ref idref="fl-10"/>
      </object_component>
      <object_component id="oc-128">
         <name>.debug_info</name>
         <load_address>0xfafc</load_address>
         <run_address>0xfafc</run_address>
         <size>0xeaf</size>
         <input_file_ref idref="fl-a"/>
      </object_component>
      <object_component id="oc-12e">
         <name>.debug_info</name>
         <load_address>0x109ab</load_address>
         <run_address>0x109ab</run_address>
         <size>0x44b</size>
         <input_file_ref idref="fl-5"/>
      </object_component>
      <object_component id="oc-134">
         <name>.debug_info</name>
         <load_address>0x10df6</load_address>
         <run_address>0x10df6</run_address>
         <size>0xc46</size>
         <input_file_ref idref="fl-12"/>
      </object_component>
      <object_component id="oc-13a">
         <name>.debug_info</name>
         <load_address>0x11a3c</load_address>
         <run_address>0x11a3c</run_address>
         <size>0xf9</size>
         <input_file_ref idref="fl-160"/>
      </object_component>
      <object_component id="oc-13f">
         <name>.debug_info</name>
         <load_address>0x11b35</load_address>
         <run_address>0x11b35</run_address>
         <size>0x113</size>
         <input_file_ref idref="fl-156"/>
      </object_component>
      <object_component id="oc-144">
         <name>.debug_info</name>
         <load_address>0x11c48</load_address>
         <run_address>0x11c48</run_address>
         <size>0x5f3</size>
         <input_file_ref idref="fl-f"/>
      </object_component>
      <object_component id="oc-14a">
         <name>.debug_info</name>
         <load_address>0x1223b</load_address>
         <run_address>0x1223b</run_address>
         <size>0xff</size>
         <input_file_ref idref="fl-157"/>
      </object_component>
      <object_component id="oc-14f">
         <name>.debug_info</name>
         <load_address>0x1233a</load_address>
         <run_address>0x1233a</run_address>
         <size>0x193</size>
         <input_file_ref idref="fl-6"/>
      </object_component>
      <object_component id="oc-151">
         <name>.debug_info</name>
         <load_address>0x124cd</load_address>
         <run_address>0x124cd</run_address>
         <size>0x6f3</size>
         <input_file_ref idref="fl-d"/>
      </object_component>
      <object_component id="oc-153">
         <name>.debug_info</name>
         <load_address>0x12bc0</load_address>
         <run_address>0x12bc0</run_address>
         <size>0x456</size>
         <input_file_ref idref="fl-12"/>
      </object_component>
      <object_component id="oc-155">
         <name>.debug_info</name>
         <load_address>0x13016</load_address>
         <run_address>0x13016</run_address>
         <size>0x939</size>
         <input_file_ref idref="fl-15"/>
      </object_component>
      <object_component id="oc-158">
         <name>.debug_info</name>
         <load_address>0x1394f</load_address>
         <run_address>0x1394f</run_address>
         <size>0x112</size>
         <input_file_ref idref="fl-15"/>
      </object_component>
      <object_component id="oc-15b">
         <name>.debug_info</name>
         <load_address>0x13a61</load_address>
         <run_address>0x13a61</run_address>
         <size>0x12c</size>
         <input_file_ref idref="fl-15"/>
      </object_component>
      <object_component id="oc-15e">
         <name>.debug_info</name>
         <load_address>0x13b8d</load_address>
         <run_address>0x13b8d</run_address>
         <size>0xf2</size>
         <input_file_ref idref="fl-6"/>
      </object_component>
      <object_component id="oc-161">
         <name>.debug_info</name>
         <load_address>0x13c7f</load_address>
         <run_address>0x13c7f</run_address>
         <size>0x3b9</size>
         <input_file_ref idref="fl-6"/>
      </object_component>
      <object_component id="oc-164">
         <name>.debug_info</name>
         <load_address>0x14038</load_address>
         <run_address>0x14038</run_address>
         <size>0x18a</size>
         <input_file_ref idref="fl-d"/>
      </object_component>
      <object_component id="oc-16a">
         <name>.debug_info</name>
         <load_address>0x141c2</load_address>
         <run_address>0x141c2</run_address>
         <size>0xe0</size>
         <input_file_ref idref="fl-162"/>
      </object_component>
      <object_component id="oc-16d">
         <name>.debug_info</name>
         <load_address>0x142a2</load_address>
         <run_address>0x142a2</run_address>
         <size>0x103</size>
         <input_file_ref idref="fl-150"/>
      </object_component>
      <object_component id="oc-170">
         <name>.debug_info</name>
         <load_address>0x143a5</load_address>
         <run_address>0x143a5</run_address>
         <size>0x84</size>
         <input_file_ref idref="fl-2"/>
      </object_component>
      <object_component id="oc-175">
         <name>.debug_info</name>
         <load_address>0x14429</load_address>
         <run_address>0x14429</run_address>
         <size>0x15e</size>
         <input_file_ref idref="fl-150"/>
      </object_component>
      <object_component id="oc-178">
         <name>.debug_info</name>
         <load_address>0x14587</load_address>
         <run_address>0x14587</run_address>
         <size>0x2c</size>
         <input_file_ref idref="fl-14c"/>
      </object_component>
      <object_component id="oc-17f">
         <name>.debug_info</name>
         <load_address>0x145b3</load_address>
         <run_address>0x145b3</run_address>
         <size>0x2c</size>
         <input_file_ref idref="fl-a"/>
      </object_component>
      <object_component id="oc-18d">
         <name>.debug_info</name>
         <load_address>0x145df</load_address>
         <run_address>0x145df</run_address>
         <size>0x1ca</size>
         <input_file_ref idref="fl-15c"/>
      </object_component>
      <object_component id="oc-192">
         <name>.debug_info</name>
         <load_address>0x147a9</load_address>
         <run_address>0x147a9</run_address>
         <size>0x1f2</size>
         <input_file_ref idref="fl-8"/>
      </object_component>
      <object_component id="oc-197">
         <name>.debug_info</name>
         <load_address>0x1499b</load_address>
         <run_address>0x1499b</run_address>
         <size>0x435</size>
         <input_file_ref idref="fl-d"/>
      </object_component>
      <object_component id="oc-19c">
         <name>.debug_info</name>
         <load_address>0x14dd0</load_address>
         <run_address>0x14dd0</run_address>
         <size>0x1d1</size>
         <input_file_ref idref="fl-5"/>
      </object_component>
      <object_component id="oc-1a1">
         <name>.debug_info</name>
         <load_address>0x14fa1</load_address>
         <run_address>0x14fa1</run_address>
         <size>0x642</size>
         <input_file_ref idref="fl-d"/>
      </object_component>
      <object_component id="oc-1a6">
         <name>.debug_info</name>
         <load_address>0x155e3</load_address>
         <run_address>0x155e3</run_address>
         <size>0x13e</size>
         <input_file_ref idref="fl-d"/>
      </object_component>
      <object_component id="oc-1ab">
         <name>.debug_info</name>
         <load_address>0x15721</load_address>
         <run_address>0x15721</run_address>
         <size>0x2cf</size>
         <input_file_ref idref="fl-2"/>
      </object_component>
      <object_component id="oc-1b0">
         <name>.debug_info</name>
         <load_address>0x159f0</load_address>
         <run_address>0x159f0</run_address>
         <size>0x4f</size>
         <input_file_ref idref="fl-1c"/>
      </object_component>
      <object_component id="oc-1b5">
         <name>.debug_info</name>
         <load_address>0x15a3f</load_address>
         <run_address>0x15a3f</run_address>
         <size>0x18b</size>
         <input_file_ref idref="fl-2"/>
      </object_component>
      <object_component id="oc-1ba">
         <name>.debug_info</name>
         <load_address>0x15bca</load_address>
         <run_address>0x15bca</run_address>
         <size>0x2c</size>
         <input_file_ref idref="fl-2"/>
      </object_component>
      <object_component id="oc-1c1">
         <name>.debug_info</name>
         <load_address>0x15bf6</load_address>
         <run_address>0x15bf6</run_address>
         <size>0x91</size>
         <input_file_ref idref="fl-11"/>
      </object_component>
      <object_component id="oc-1c6">
         <name>.debug_info</name>
         <load_address>0x15c87</load_address>
         <run_address>0x15c87</run_address>
         <size>0x243</size>
         <input_file_ref idref="fl-6"/>
      </object_component>
      <object_component id="oc-1cb">
         <name>.debug_info</name>
         <load_address>0x15eca</load_address>
         <run_address>0x15eca</run_address>
         <size>0x18e</size>
         <input_file_ref idref="fl-6"/>
      </object_component>
      <object_component id="oc-1d1">
         <name>.debug_info</name>
         <load_address>0x16058</load_address>
         <run_address>0x16058</run_address>
         <size>0x1b2</size>
         <input_file_ref idref="fl-2"/>
      </object_component>
      <object_component id="oc-1d4">
         <name>.debug_info</name>
         <load_address>0x1620a</load_address>
         <run_address>0x1620a</run_address>
         <size>0x2c</size>
         <input_file_ref idref="fl-159"/>
      </object_component>
      <object_component id="oc-1d9">
         <name>.debug_info</name>
         <load_address>0x16236</load_address>
         <run_address>0x16236</run_address>
         <size>0x62</size>
         <input_file_ref idref="fl-159"/>
      </object_component>
      <object_component id="oc-1df">
         <name>.debug_info</name>
         <load_address>0x16298</load_address>
         <run_address>0x16298</run_address>
         <size>0xed</size>
         <input_file_ref idref="fl-e"/>
      </object_component>
      <object_component id="oc-1e2">
         <name>.debug_info</name>
         <load_address>0x16385</load_address>
         <run_address>0x16385</run_address>
         <size>0x791</size>
         <input_file_ref idref="fl-2"/>
      </object_component>
      <object_component id="oc-1e7">
         <name>.debug_info</name>
         <load_address>0x16b16</load_address>
         <run_address>0x16b16</run_address>
         <size>0x4de</size>
         <input_file_ref idref="fl-d"/>
      </object_component>
      <object_component id="oc-1ec">
         <name>.debug_info</name>
         <load_address>0x16ff4</load_address>
         <run_address>0x16ff4</run_address>
         <size>0x3ce</size>
         <input_file_ref idref="fl-d"/>
      </object_component>
      <object_component id="oc-1f1">
         <name>.debug_info</name>
         <load_address>0x173c2</load_address>
         <run_address>0x173c2</run_address>
         <size>0x437</size>
         <input_file_ref idref="fl-d"/>
      </object_component>
      <object_component id="oc-1f6">
         <name>.debug_info</name>
         <load_address>0x177f9</load_address>
         <run_address>0x177f9</run_address>
         <size>0x1ca</size>
         <input_file_ref idref="fl-d"/>
      </object_component>
      <object_component id="oc-1fb">
         <name>.debug_info</name>
         <load_address>0x179c3</load_address>
         <run_address>0x179c3</run_address>
         <size>0x3d3</size>
         <input_file_ref idref="fl-a"/>
      </object_component>
      <object_component id="oc-200">
         <name>.debug_info</name>
         <load_address>0x17d96</load_address>
         <run_address>0x17d96</run_address>
         <size>0x1d8</size>
         <input_file_ref idref="fl-e"/>
      </object_component>
      <object_component id="oc-205">
         <name>.debug_info</name>
         <load_address>0x17f6e</load_address>
         <run_address>0x17f6e</run_address>
         <size>0x1de</size>
         <input_file_ref idref="fl-d"/>
      </object_component>
      <object_component id="oc-20a">
         <name>.debug_info</name>
         <load_address>0x1814c</load_address>
         <run_address>0x1814c</run_address>
         <size>0x2af</size>
         <input_file_ref idref="fl-17"/>
      </object_component>
      <object_component id="oc-20f">
         <name>.debug_info</name>
         <load_address>0x183fb</load_address>
         <run_address>0x183fb</run_address>
         <size>0x510</size>
         <input_file_ref idref="fl-d"/>
      </object_component>
      <object_component id="oc-214">
         <name>.debug_info</name>
         <load_address>0x1890b</load_address>
         <run_address>0x1890b</run_address>
         <size>0x17a</size>
         <input_file_ref idref="fl-d"/>
      </object_component>
      <object_component id="oc-21c">
         <name>.debug_info</name>
         <load_address>0x18a85</load_address>
         <run_address>0x18a85</run_address>
         <size>0x37b</size>
         <input_file_ref idref="fl-d"/>
      </object_component>
      <object_component id="oc-224">
         <name>.debug_info</name>
         <load_address>0x18e00</load_address>
         <run_address>0x18e00</run_address>
         <size>0x160</size>
         <input_file_ref idref="fl-14f"/>
      </object_component>
      <object_component id="oc-226">
         <name>.debug_info</name>
         <load_address>0x18f60</load_address>
         <run_address>0x18f60</run_address>
         <size>0x119</size>
         <input_file_ref idref="fl-159"/>
      </object_component>
      <object_component id="oc-22a">
         <name>.debug_info</name>
         <load_address>0x19079</load_address>
         <run_address>0x19079</run_address>
         <size>0x13b</size>
         <input_file_ref idref="fl-9"/>
      </object_component>
      <object_component id="oc-22d">
         <name>.debug_info</name>
         <load_address>0x191b4</load_address>
         <run_address>0x191b4</run_address>
         <size>0xf8</size>
         <input_file_ref idref="fl-15f"/>
      </object_component>
      <object_component id="oc-231">
         <name>.debug_info</name>
         <load_address>0x192ac</load_address>
         <run_address>0x192ac</run_address>
         <size>0x113</size>
         <input_file_ref idref="fl-152"/>
      </object_component>
      <object_component id="oc-238">
         <name>.debug_info</name>
         <load_address>0x193bf</load_address>
         <run_address>0x193bf</run_address>
         <size>0x12e</size>
         <input_file_ref idref="fl-151"/>
      </object_component>
      <object_component id="oc-23d">
         <name>.debug_info</name>
         <load_address>0x194ed</load_address>
         <run_address>0x194ed</run_address>
         <size>0x10c</size>
         <input_file_ref idref="fl-155"/>
      </object_component>
      <object_component id="oc-246">
         <name>.debug_info</name>
         <load_address>0x195f9</load_address>
         <run_address>0x195f9</run_address>
         <size>0x13a</size>
         <input_file_ref idref="fl-7"/>
      </object_component>
      <object_component id="oc-247">
         <name>.debug_info</name>
         <load_address>0x19733</load_address>
         <run_address>0x19733</run_address>
         <size>0x669</size>
         <input_file_ref idref="fl-7"/>
      </object_component>
      <object_component id="oc-24f">
         <name>.debug_info</name>
         <load_address>0x19d9c</load_address>
         <run_address>0x19d9c</run_address>
         <size>0x119</size>
         <input_file_ref idref="fl-15a"/>
      </object_component>
      <object_component id="oc-252">
         <name>.debug_info</name>
         <load_address>0x19eb5</load_address>
         <run_address>0x19eb5</run_address>
         <size>0x120</size>
         <input_file_ref idref="fl-2"/>
      </object_component>
      <object_component id="oc-256">
         <name>.debug_info</name>
         <load_address>0x19fd5</load_address>
         <run_address>0x19fd5</run_address>
         <size>0x1d4</size>
         <input_file_ref idref="fl-d"/>
      </object_component>
      <object_component id="oc-25b">
         <name>.debug_info</name>
         <load_address>0x1a1a9</load_address>
         <run_address>0x1a1a9</run_address>
         <size>0x156</size>
         <input_file_ref idref="fl-10"/>
      </object_component>
      <object_component id="oc-25d">
         <name>.debug_info</name>
         <load_address>0x1a2ff</load_address>
         <run_address>0x1a2ff</run_address>
         <size>0x15e</size>
         <input_file_ref idref="fl-15e"/>
      </object_component>
      <object_component id="oc-262">
         <name>.debug_info</name>
         <load_address>0x1a45d</load_address>
         <run_address>0x1a45d</run_address>
         <size>0x113</size>
         <input_file_ref idref="fl-153"/>
      </object_component>
      <object_component id="oc-267">
         <name>.debug_info</name>
         <load_address>0x1a570</load_address>
         <run_address>0x1a570</run_address>
         <size>0xf5</size>
         <input_file_ref idref="fl-a"/>
      </object_component>
      <object_component id="oc-26a">
         <name>.debug_info</name>
         <load_address>0x1a665</load_address>
         <run_address>0x1a665</run_address>
         <size>0x101</size>
         <input_file_ref idref="fl-a"/>
      </object_component>
      <object_component id="oc-26d">
         <name>.debug_info</name>
         <load_address>0x1a766</load_address>
         <run_address>0x1a766</run_address>
         <size>0x206</size>
         <input_file_ref idref="fl-a"/>
      </object_component>
      <object_component id="oc-26e">
         <name>.debug_info</name>
         <load_address>0x1a96c</load_address>
         <run_address>0x1a96c</run_address>
         <size>0x2e3</size>
         <input_file_ref idref="fl-a"/>
      </object_component>
      <object_component id="oc-274">
         <name>.debug_info</name>
         <load_address>0x1ac4f</load_address>
         <run_address>0x1ac4f</run_address>
         <size>0x163</size>
         <input_file_ref idref="fl-6"/>
      </object_component>
      <object_component id="oc-27a">
         <name>.debug_info</name>
         <load_address>0x1adb2</load_address>
         <run_address>0x1adb2</run_address>
         <size>0x170</size>
         <input_file_ref idref="fl-5"/>
      </object_component>
      <object_component id="oc-27c">
         <name>.debug_info</name>
         <load_address>0x1af22</load_address>
         <run_address>0x1af22</run_address>
         <size>0xff</size>
         <input_file_ref idref="fl-154"/>
      </object_component>
      <object_component id="oc-282">
         <name>.debug_info</name>
         <load_address>0x1b021</load_address>
         <run_address>0x1b021</run_address>
         <size>0xf8</size>
         <input_file_ref idref="fl-12"/>
      </object_component>
      <object_component id="oc-28d">
         <name>.debug_info</name>
         <load_address>0x1b119</load_address>
         <run_address>0x1b119</run_address>
         <size>0x1d5</size>
         <input_file_ref idref="fl-15b"/>
      </object_component>
      <object_component id="oc-293">
         <name>.debug_info</name>
         <load_address>0x1b2ee</load_address>
         <run_address>0x1b2ee</run_address>
         <size>0x19f</size>
         <input_file_ref idref="fl-15d"/>
      </object_component>
      <object_component id="oc-297">
         <name>.debug_info</name>
         <load_address>0x1b48d</load_address>
         <run_address>0x1b48d</run_address>
         <size>0x2fa</size>
         <input_file_ref idref="fl-161"/>
      </object_component>
      <object_component id="oc-29c">
         <name>.debug_info</name>
         <load_address>0x1b787</load_address>
         <run_address>0x1b787</run_address>
         <size>0x1e5</size>
         <input_file_ref idref="fl-f"/>
      </object_component>
      <object_component id="oc-29d">
         <name>.debug_info</name>
         <load_address>0x1b96c</load_address>
         <run_address>0x1b96c</run_address>
         <size>0x4e</size>
         <input_file_ref idref="fl-2"/>
      </object_component>
      <object_component id="oc-2a5">
         <name>.debug_info</name>
         <load_address>0x1b9ba</load_address>
         <run_address>0x1b9ba</run_address>
         <size>0x273</size>
         <input_file_ref idref="fl-2"/>
      </object_component>
      <object_component id="oc-2ac">
         <name>.debug_info</name>
         <load_address>0x1bc2d</load_address>
         <run_address>0x1bc2d</run_address>
         <size>0x306</size>
         <input_file_ref idref="fl-d"/>
      </object_component>
      <object_component id="oc-2b1">
         <name>.debug_info</name>
         <load_address>0x1bf33</load_address>
         <run_address>0x1bf33</run_address>
         <size>0x22e</size>
         <input_file_ref idref="fl-7"/>
      </object_component>
      <object_component id="oc-2b8">
         <name>.debug_info</name>
         <load_address>0x1c161</load_address>
         <run_address>0x1c161</run_address>
         <size>0x110</size>
         <input_file_ref idref="fl-12"/>
      </object_component>
      <object_component id="oc-2bf">
         <name>.debug_info</name>
         <load_address>0x1c271</load_address>
         <run_address>0x1c271</run_address>
         <size>0x8a</size>
         <input_file_ref idref="fl-5"/>
      </object_component>
      <object_component id="oc-2cf">
         <name>.debug_info</name>
         <load_address>0x1c2fb</load_address>
         <run_address>0x1c2fb</run_address>
         <size>0x1ec</size>
         <input_file_ref idref="fl-162"/>
      </object_component>
      <object_component id="oc-2d4">
         <name>.debug_info</name>
         <load_address>0x1c4e7</load_address>
         <run_address>0x1c4e7</run_address>
         <size>0xf1</size>
         <input_file_ref idref="fl-162"/>
      </object_component>
      <object_component id="oc-2db">
         <name>.debug_info</name>
         <load_address>0x1c5d8</load_address>
         <run_address>0x1c5d8</run_address>
         <size>0xb2</size>
         <input_file_ref idref="fl-15c"/>
      </object_component>
      <object_component id="oc-2e0">
         <name>.debug_info</name>
         <load_address>0x1c68a</load_address>
         <run_address>0x1c68a</run_address>
         <size>0xc6</size>
         <input_file_ref idref="fl-e"/>
      </object_component>
      <object_component id="oc-2e5">
         <name>.debug_info</name>
         <load_address>0x1c750</load_address>
         <run_address>0x1c750</run_address>
         <size>0x10c</size>
         <input_file_ref idref="fl-17"/>
      </object_component>
      <object_component id="oc-2e8">
         <name>.debug_info</name>
         <load_address>0x1c85c</load_address>
         <run_address>0x1c85c</run_address>
         <size>0xcd</size>
         <input_file_ref idref="fl-14f"/>
      </object_component>
      <object_component id="oc-2f1">
         <name>.debug_info</name>
         <load_address>0x1c929</load_address>
         <run_address>0x1c929</run_address>
         <size>0xda</size>
         <input_file_ref idref="fl-5"/>
      </object_component>
      <object_component id="oc-310">
         <name>.debug_info</name>
         <load_address>0x1ca03</load_address>
         <run_address>0x1ca03</run_address>
         <size>0xc2</size>
         <input_file_ref idref="fl-15b"/>
      </object_component>
      <object_component id="oc-312">
         <name>.debug_info</name>
         <load_address>0x1cac5</load_address>
         <run_address>0x1cac5</run_address>
         <size>0xb7</size>
         <input_file_ref idref="fl-15d"/>
      </object_component>
      <object_component id="oc-316">
         <name>.debug_info</name>
         <load_address>0x1cb7c</load_address>
         <run_address>0x1cb7c</run_address>
         <size>0x12c9</size>
         <input_file_ref idref="fl-163"/>
      </object_component>
      <object_component id="oc-31a">
         <name>.debug_info</name>
         <load_address>0x1de45</load_address>
         <run_address>0x1de45</run_address>
         <size>0x18e</size>
         <input_file_ref idref="fl-161"/>
      </object_component>
      <object_component id="oc-31d">
         <name>.debug_info</name>
         <load_address>0x1dfd3</load_address>
         <run_address>0x1dfd3</run_address>
         <size>0xc8</size>
         <input_file_ref idref="fl-6"/>
      </object_component>
      <object_component id="oc-329">
         <name>.debug_info</name>
         <load_address>0x1e09b</load_address>
         <run_address>0x1e09b</run_address>
         <size>0x242</size>
         <input_file_ref idref="fl-17"/>
      </object_component>
      <object_component id="oc-334">
         <name>.debug_info</name>
         <load_address>0x1e2dd</load_address>
         <run_address>0x1e2dd</run_address>
         <size>0x157</size>
         <input_file_ref idref="fl-16b"/>
      </object_component>
      <object_component id="oc-339">
         <name>.debug_info</name>
         <load_address>0x1e434</load_address>
         <run_address>0x1e434</run_address>
         <size>0xf5</size>
         <input_file_ref idref="fl-166"/>
      </object_component>
      <object_component id="oc-33f">
         <name>.debug_info</name>
         <load_address>0x1e529</load_address>
         <run_address>0x1e529</run_address>
         <size>0xf7</size>
         <input_file_ref idref="fl-166"/>
      </object_component>
      <object_component id="oc-344">
         <name>.debug_info</name>
         <load_address>0x1e620</load_address>
         <run_address>0x1e620</run_address>
         <size>0x101</size>
         <input_file_ref idref="fl-167"/>
      </object_component>
      <object_component id="oc-347">
         <name>.debug_info</name>
         <load_address>0x1e721</load_address>
         <run_address>0x1e721</run_address>
         <size>0x1a7</size>
         <input_file_ref idref="fl-169"/>
      </object_component>
      <object_component id="oc-34f">
         <name>.debug_info</name>
         <load_address>0x1e8c8</load_address>
         <run_address>0x1e8c8</run_address>
         <size>0xf6</size>
         <input_file_ref idref="fl-168"/>
      </object_component>
      <object_component id="oc-355">
         <name>.debug_info</name>
         <load_address>0x1e9be</load_address>
         <run_address>0x1e9be</run_address>
         <size>0x128</size>
         <input_file_ref idref="fl-16c"/>
      </object_component>
      <object_component id="oc-358">
         <name>.debug_info</name>
         <load_address>0x1eae6</load_address>
         <run_address>0x1eae6</run_address>
         <size>0x178</size>
         <input_file_ref idref="fl-16a"/>
      </object_component>
      <object_component id="oc-35f">
         <name>.debug_info</name>
         <load_address>0x1ec5e</load_address>
         <run_address>0x1ec5e</run_address>
         <size>0x13e</size>
         <input_file_ref idref="fl-164"/>
      </object_component>
      <object_component id="oc-364">
         <name>.debug_info</name>
         <load_address>0x1ed9c</load_address>
         <run_address>0x1ed9c</run_address>
         <size>0x283</size>
         <input_file_ref idref="fl-163"/>
      </object_component>
      <object_component id="oc-365">
         <name>.debug_info</name>
         <load_address>0x1f01f</load_address>
         <run_address>0x1f01f</run_address>
         <size>0x86</size>
         <input_file_ref idref="fl-163"/>
      </object_component>
      <object_component id="oc-36a">
         <name>.debug_info</name>
         <load_address>0x1f0a5</load_address>
         <run_address>0x1f0a5</run_address>
         <size>0x39</size>
         <input_file_ref idref="fl-163"/>
      </object_component>
      <object_component id="oc-371">
         <name>.debug_info</name>
         <load_address>0x1f0de</load_address>
         <run_address>0x1f0de</run_address>
         <size>0x2c</size>
         <input_file_ref idref="fl-161"/>
      </object_component>
      <object_component id="oc-37d">
         <name>.debug_info</name>
         <load_address>0x1f10a</load_address>
         <run_address>0x1f10a</run_address>
         <size>0x15c</size>
         <input_file_ref idref="fl-16e"/>
      </object_component>
      <object_component id="oc-380">
         <name>.debug_info</name>
         <load_address>0x1f266</load_address>
         <run_address>0x1f266</run_address>
         <size>0x119</size>
         <input_file_ref idref="fl-169"/>
      </object_component>
      <object_component id="oc-383">
         <name>.debug_info</name>
         <load_address>0x1f37f</load_address>
         <run_address>0x1f37f</run_address>
         <size>0x127</size>
         <input_file_ref idref="fl-16d"/>
      </object_component>
      <object_component id="oc-38a">
         <name>.debug_info</name>
         <load_address>0x1f4a6</load_address>
         <run_address>0x1f4a6</run_address>
         <size>0xbe</size>
         <input_file_ref idref="fl-16a"/>
      </object_component>
      <object_component id="oc-38c">
         <name>.debug_info</name>
         <load_address>0x1f564</load_address>
         <run_address>0x1f564</run_address>
         <size>0xc7</size>
         <input_file_ref idref="fl-165"/>
      </object_component>
      <object_component id="oc-38f">
         <name>.debug_info</name>
         <load_address>0x1f62b</load_address>
         <run_address>0x1f62b</run_address>
         <size>0xdd</size>
         <input_file_ref idref="fl-164"/>
      </object_component>
      <object_component id="oc-392">
         <name>.debug_info</name>
         <load_address>0x1f708</load_address>
         <run_address>0x1f708</run_address>
         <size>0x46</size>
         <input_file_ref idref="fl-163"/>
      </object_component>
      <object_component id="oc-39b">
         <name>.debug_info</name>
         <load_address>0x1f74e</load_address>
         <run_address>0x1f74e</run_address>
         <size>0xb2</size>
         <input_file_ref idref="fl-16d"/>
      </object_component>
[...]
         <name>_pmuStartCounters_</name>
         <value>0xb6f0</value>
         <object_component_ref idref="oc-ee"/>
      </symbol>
      <symbol id="sm-788">
         <name>pbistSelfCheck</name>
         <value>0x2cc</value>
         <object_component_ref idref="oc-75"/>
      </symbol>
      <symbol id="sm-789">
         <name>fmcBus1ParityCheck</name>
         <value>0x1be0</value>
         <object_component_ref idref="oc-75"/>
      </symbol>
      <symbol id="sm-78a">
         <name>can1ParityCheck</name>
         <value>0x109c</value>
         <object_component_ref idref="oc-75"/>
      </symbol>
      <symbol id="sm-78b">
         <name>enableParity</name>
         <value>0x23b8</value>
         <object_component_ref idref="oc-75"/>
      </symbol>
      <symbol id="sm-78c">
         <name>custom_dabort</name>
         <value>0xdd4</value>
         <object_component_ref idref="oc-75"/>
      </symbol>
      <symbol id="sm-78d">
         <name>memoryInit</name>
         <value>0x174</value>
         <object_component_ref idref="oc-75"/>
      </symbol>
      <symbol id="sm-78e">
         <name>stcSelfCheck</name>
         <value>0x1b8</value>
         <object_component_ref idref="oc-75"/>
      </symbol>
      <symbol id="sm-78f">
         <name>efcGetConfigValue</name>
         <value>0x1f78</value>
         <object_component_ref idref="oc-75"/>
      </symbol>
      <symbol id="sm-790">
         <name>can2ParityCheck</name>
         <value>0x1178</value>
         <object_component_ref idref="oc-75"/>
      </symbol>
      <symbol id="sm-791">
         <name>het1ParityCheck</name>
         <value>0xe8c</value>
         <object_component_ref idref="oc-75"/>
      </symbol>
      <symbol id="sm-792">
         <name>adc1ParityCheck</name>
         <value>0xfe4</value>
         <object_component_ref idref="oc-75"/>
      </symbol>
      <symbol id="sm-793">
         <name>checkefcSelfTest</name>
         <value>0x79c</value>
         <object_component_ref idref="oc-75"/>
      </symbol>
      <symbol id="sm-794">
         <name>checkRAMECC</name>
         <value>0x139c</value>
         <object_component_ref idref="oc-75"/>
      </symbol>
      <symbol id="sm-795">
         <name>stcSelfCheckFail</name>
         <value>0xdd8</value>
         <object_component_ref idref="oc-75"/>
      </symbol>
      <symbol id="sm-796">
         <name>ccmSelfCheck</name>
         <value>0x30</value>
         <object_component_ref idref="oc-75"/>
      </symbol>
      <symbol id="sm-797">
         <name>efcCheck</name>
         <value>0x640</value>
         <object_component_ref idref="oc-75"/>
      </symbol>
      <symbol id="sm-798">
         <name>cpuSelfTest</name>
         <value>0x234</value>
         <object_component_ref idref="oc-75"/>
      </symbol>
      <symbol id="sm-799">
         <name>htu1ParityCheck</name>
         <value>0xf2c</value>
         <object_component_ref idref="oc-75"/>
      </symbol>
      <symbol id="sm-79a">
         <name>checkFlashECC</name>
         <value>0xcf8</value>
         <object_component_ref idref="oc-75"/>
      </symbol>
      <symbol id="sm-79b">
         <name>cpuSelfTestFail</name>
         <value>0xddc</value>
         <object_component_ref idref="oc-75"/>
      </symbol>
      <symbol id="sm-79c">
         <name>checkPLL1Slip</name>
         <value>0x1860</value>
         <object_component_ref idref="oc-75"/>
      </symbol>
      <symbol id="sm-79d">
         <name>mibspi1ParityCheck</name>
         <value>0x1240</value>
         <object_component_ref idref="oc-75"/>
      </symbol>
      <symbol id="sm-79e">
         <name>ccmr4GetConfigValue</name>
         <value>0x2014</value>
         <object_component_ref idref="oc-75"/>
      </symbol>
      <symbol id="sm-79f">
         <name>pbistPortTestStatus</name>
         <value>0x5f8</value>
         <object_component_ref idref="oc-75"/>
      </symbol>
      <symbol id="sm-7a0">
         <name>checkFlashEEPROMECC</name>
         <value>0x16b8</value>
         <object_component_ref idref="oc-75"/>
      </symbol>
      <symbol id="sm-7a1">
         <name>pbistGetConfigValue</name>
         <value>0x1d90</value>
         <object_component_ref idref="oc-75"/>
      </symbol>
      <symbol id="sm-7a2">
         <name>vimParityCheck</name>
         <value>0xde0</value>
         <object_component_ref idref="oc-75"/>
      </symbol>
      <symbol id="sm-7a3">
         <name>pbistIsTestCompleted</name>
         <value>0x5a8</value>
         <object_component_ref idref="oc-75"/>
      </symbol>
      <symbol id="sm-7a4">
         <name>disableParity</name>
         <value>0x240c</value>
         <object_component_ref idref="oc-75"/>
      </symbol>
      <symbol id="sm-7a5">
         <name>pbistRun</name>
         <value>0x4ac</value>
         <object_component_ref idref="oc-75"/>
      </symbol>
      <symbol id="sm-7a6">
         <name>pbistFail</name>
         <value>0x1d0c</value>
         <object_component_ref idref="oc-75"/>
      </symbol>
      <symbol id="sm-7a7">
         <name>selftestFailNotification</name>
         <value>0x20</value>
         <object_component_ref idref="oc-75"/>
      </symbol>
      <symbol id="sm-7a8">
         <name>errata_PBIST_4</name>
         <value>0x2090</value>
         <object_component_ref idref="oc-75"/>
      </symbol>
      <symbol id="sm-7a9">
         <name>efcSelfTest</name>
         <value>0x774</value>
         <object_component_ref idref="oc-75"/>
      </symbol>
      <symbol id="sm-7aa">
         <name>checkB1RAMECC</name>
         <value>0xb08</value>
         <object_component_ref idref="oc-75"/>
      </symbol>
      <symbol id="sm-7ab">
         <name>pbistStop</name>
         <value>0x578</value>
         <object_component_ref idref="oc-75"/>
      </symbol>
      <symbol id="sm-7ac">
         <name>checkRAMAddrParity</name>
         <value>0x197c</value>
         <object_component_ref idref="oc-75"/>
      </symbol>
      <symbol id="sm-7ad">
         <name>checkB0RAMECC</name>
         <value>0x918</value>
         <object_component_ref idref="oc-75"/>
      </symbol>
      <symbol id="sm-7ae">
         <name>stcGetConfigValue</name>
         <value>0x1ed8</value>
         <object_component_ref idref="oc-75"/>
      </symbol>
      <symbol id="sm-7af">
         <name>pbistIsTestPassed</name>
         <value>0x5c4</value>
         <object_component_ref idref="oc-75"/>
      </symbol>
      <symbol id="sm-7b0">
         <name>checkClockMonitor</name>
         <value>0x15e4</value>
         <object_component_ref idref="oc-75"/>
      </symbol>
      <symbol id="sm-7b1">
         <name>fmcECCcheck</name>
         <value>0x878</value>
         <object_component_ref idref="oc-75"/>
      </symbol>
      <symbol id="sm-7b2">
         <name>fmcBus2Check</name>
         <value>0x83c</value>
         <object_component_ref idref="oc-75"/>
      </symbol>
      <symbol id="sm-7b3">
         <name>checkRAMUERRTest</name>
         <value>0x1a84</value>
         <object_component_ref idref="oc-75"/>
      </symbol>
      <symbol id="sm-7b4">
         <name>efcStuckZeroTest</name>
         <value>0x6c8</value>
         <object_component_ref idref="oc-75"/>
      </symbol>
      <symbol id="sm-7d3">
         <name>_c_int00</name>
         <value>0xad6c</value>
         <object_component_ref idref="oc-b"/>
      </symbol>
      <symbol id="sm-86a">
         <name>vimChannelMap</name>
         <value>0x6714</value>
         <object_component_ref idref="oc-5c"/>
      </symbol>
      <symbol id="sm-86b">
         <name>vimInit</name>
         <value>0x6640</value>
         <object_component_ref idref="oc-5c"/>
      </symbol>
      <symbol id="sm-86c">
         <name>vimEnableInterrupt</name>
         <value>0x67b0</value>
         <object_component_ref idref="oc-5c"/>
      </symbol>
      <symbol id="sm-86d">
         <name>vimDisableInterrupt</name>
         <value>0x6908</value>
         <object_component_ref idref="oc-5c"/>
      </symbol>
      <symbol id="sm-86e">
         <name>vimGetConfigValue</name>
         <value>0x698c</value>
         <object_component_ref idref="oc-5c"/>
      </symbol>
      <symbol id="sm-86f">
         <name>vimParityErrorHandler</name>
         <value>0xa8ec</value>
         <object_component_ref idref="oc-5b"/>
      </symbol>
      <symbol id="sm-8c2">
         <name>systemGetConfigValue</name>
         <value>0x55d0</value>
         <object_component_ref idref="oc-6f"/>
      </symbol>
      <symbol id="sm-8c3">
         <name>trimLPO</name>
         <value>0x5314</value>
         <object_component_ref idref="oc-6f"/>
      </symbol>
      <symbol id="sm-8c4">
         <name>systemInit</name>
         <value>0x54d4</value>
         <object_component_ref idref="oc-6f"/>
      </symbol>
      <symbol id="sm-8c5">
         <name>tcmflashGetConfigValue</name>
         <value>0x5990</value>
         <object_component_ref idref="oc-6f"/>
      </symbol>
      <symbol id="sm-8c6">
         <name>sramGetConfigValue</name>
         <value>0x5b3c</value>
         <object_component_ref idref="oc-6f"/>
      </symbol>
      <symbol id="sm-8c7">
         <name>periphInit</name>
         <value>0x539c</value>
         <object_component_ref idref="oc-6f"/>
      </symbol>
      <symbol id="sm-8c8">
         <name>setupFlash</name>
         <value>0x535c</value>
         <object_component_ref idref="oc-6f"/>
      </symbol>
      <symbol id="sm-8c9">
         <name>setupPLL</name>
         <value>0x52c4</value>
         <object_component_ref idref="oc-6f"/>
      </symbol>
      <symbol id="sm-8ca">
         <name>mapClocks</name>
         <value>0x53f0</value>
         <object_component_ref idref="oc-6f"/>
      </symbol>
      <symbol id="sm-8cb">
         <name>systemPowerDown</name>
         <value>0x55a0</value>
         <object_component_ref idref="oc-6f"/>
      </symbol>
      <symbol id="sm-8e7">
         <name>__TI_auto_init</name>
         <value>0xb9e4</value>
         <object_component_ref idref="oc-81"/>
      </symbol>
      <symbol id="sm-8fe">
         <name>__TI_decompress_none</name>
         <value>0xc5b4</value>
         <object_component_ref idref="oc-11"/>
      </symbol>
      <symbol id="sm-920">
         <name>__TI_decompress_rle24</name>
         <value>0xc5dc</value>
         <object_component_ref idref="oc-1d"/>
      </symbol>
      <symbol id="sm-933">
         <name>__TI_zero_init</name>
         <value>0xc574</value>
         <object_component_ref idref="oc-17"/>
      </symbol>
      <symbol id="sm-94c">
         <name>copy_in</name>
         <value>0xbee8</value>
         <object_component_ref idref="oc-fc"/>
      </symbol>
      <symbol id="sm-96c">
         <name>C$$EXIT</name>
         <value>0xbfe8</value>
         <object_component_ref idref="oc-8c"/>
      </symbol>
      <symbol id="sm-96d">
         <name>abort</name>
         <value>0xbff0</value>
         <object_component_ref idref="oc-8c"/>
      </symbol>
      <symbol id="sm-96e">
         <name>exit</name>
         <value>0xbffc</value>
         <object_component_ref idref="oc-8c"/>
      </symbol>
      <symbol id="sm-96f">
         <name>__TI_dtors_ptr</name>
         <value>0x8001dac</value>
         <object_component_ref idref="oc-16c"/>
      </symbol>
      <symbol id="sm-970">
         <name>__TI_cleanup_ptr</name>
         <value>0x8001da8</value>
         <object_component_ref idref="oc-16c"/>
      </symbol>
      <symbol id="sm-987">
         <name>__aeabi_dsub</name>
         <value>0xab58</value>
         <object_component_ref idref="oc-235"/>
      </symbol>
      <symbol id="sm-988">
         <name>__aeabi_dadd</name>
         <value>0xab64</value>
         <object_component_ref idref="oc-235"/>
      </symbol>
      <symbol id="sm-99c">
         <name>__aeabi_ddiv</name>
         <value>0xaf6c</value>
         <object_component_ref idref="oc-230"/>
      </symbol>
      <symbol id="sm-9a7">
         <name>__aeabi_dmul</name>
         <value>0xb500</value>
         <object_component_ref idref="oc-261"/>
      </symbol>
      <symbol id="sm-9b1">
         <name>__aeabi_d2f</name>
         <value>0xc240</value>
         <object_component_ref idref="oc-27b"/>
      </symbol>
      <symbol id="sm-9bb">
         <name>__aeabi_d2uiz</name>
         <value>0xc18c</value>
         <object_component_ref idref="oc-23a"/>
      </symbol>
      <symbol id="sm-9c8">
         <name>__aeabi_fdiv</name>
         <value>0xbab8</value>
         <object_component_ref idref="oc-13e"/>
      </symbol>
      <symbol id="sm-9d3">
         <name>__aeabi_f2d</name>
         <value>0xc0d0</value>
         <object_component_ref idref="oc-149"/>
      </symbol>
      <symbol id="sm-9ec">
         <name>memcpy</name>
         <value>0xb0fc</value>
         <object_component_ref idref="oc-93"/>
      </symbol>
      <symbol id="sm-9ed">
         <name>__aeabi_memcpy</name>
         <value>0xb0fc</value>
         <object_component_ref idref="oc-93"/>
      </symbol>
      <symbol id="sm-9ee">
         <name>__aeabi_memcpy8</name>
         <value>0xb0fc</value>
         <object_component_ref idref="oc-93"/>
      </symbol>
      <symbol id="sm-9ef">
         <name>__aeabi_memcpy4</name>
         <value>0xb0fc</value>
         <object_component_ref idref="oc-93"/>
      </symbol>
      <symbol id="sm-a58">
         <name>_sys_memory</name>
         <value>0x8001500</value>
         <object_component_ref idref="oc-67"/>
      </symbol>
      <symbol id="sm-a59">
         <name>free</name>
         <value>0x8984</value>
         <object_component_ref idref="oc-103"/>
      </symbol>
      <symbol id="sm-a5a">
         <name>realloc</name>
         <value>0x8ad8</value>
         <object_component_ref idref="oc-103"/>
      </symbol>
      <symbol id="sm-a5b">
         <name>memalign</name>
         <value>0x8c5c</value>
         <object_component_ref idref="oc-103"/>
      </symbol>
      <symbol id="sm-a5c">
         <name>calloc</name>
         <value>0x8d94</value>
         <object_component_ref idref="oc-103"/>
      </symbol>
      <symbol id="sm-a5d">
         <name>malloc</name>
         <value>0x88d0</value>
         <object_component_ref idref="oc-103"/>
      </symbol>
      <symbol id="sm-a5e">
         <name>minit</name>
         <value>0x87d8</value>
         <object_component_ref idref="oc-103"/>
      </symbol>
      <symbol id="sm-a6d">
         <name>__aeabi_memset</name>
         <value>0xbb90</value>
         <object_component_ref idref="oc-24c"/>
      </symbol>
      <symbol id="sm-a6e">
         <name>memset</name>
         <value>0xbb9c</value>
         <object_component_ref idref="oc-24c"/>
      </symbol>
      <symbol id="sm-a6f">
         <name>__aeabi_memset8</name>
         <value>0xbb90</value>
         <object_component_ref idref="oc-24c"/>
      </symbol>
      <symbol id="sm-a70">
         <name>__aeabi_memset4</name>
         <value>0xbb90</value>
         <object_component_ref idref="oc-24c"/>
      </symbol>
      <symbol id="sm-a71">
         <name>__aeabi_memclr8</name>
         <value>0xbb8c</value>
         <object_component_ref idref="oc-24c"/>
      </symbol>
      <symbol id="sm-a72">
         <name>__aeabi_memclr4</name>
         <value>0xbb8c</value>
         <object_component_ref idref="oc-24c"/>
      </symbol>
      <symbol id="sm-a73">
         <name>__aeabi_memclr</name>
         <value>0xbb8c</value>
         <object_component_ref idref="oc-24c"/>
      </symbol>
      <symbol id="sm-a82">
         <name>strcat</name>
         <value>0xc4fc</value>
         <object_component_ref idref="oc-289"/>
      </symbol>
      <symbol id="sm-a90">
         <name>strcmp</name>
         <value>0xc528</value>
         <object_component_ref idref="oc-189"/>
      </symbol>
      <symbol id="sm-a9e">
         <name>strlen</name>
         <value>0xc594</value>
         <object_component_ref idref="oc-28f"/>
      </symbol>
      <symbol id="sm-aab">
         <name>__aeabi_uidivmod</name>
         <value>0xc344</value>
         <object_component_ref idref="oc-25c"/>
      </symbol>
      <symbol id="sm-ab5">
         <name>__aeabi_ui2d</name>
         <value>0xc49c</value>
         <object_component_ref idref="oc-22b"/>
      </symbol>
      <symbol id="sm-ac0">
         <name>__aeabi_ui2f</name>
         <value>0xc464</value>
         <object_component_ref idref="oc-139"/>
      </symbol>
      <symbol id="sm-ad9">
         <name>vsprintf</name>
         <value>0xbde0</value>
         <object_component_ref idref="oc-295"/>
      </symbol>
      <symbol id="sm-af3">
         <name>_nop</name>
         <value>0xc568</value>
         <object_component_ref idref="oc-2cc"/>
      </symbol>
      <symbol id="sm-af4">
         <name>_lock</name>
         <value>0x8001da0</value>
         <object_component_ref idref="oc-169"/>
      </symbol>
      <symbol id="sm-af5">
         <name>_unlock</name>
         <value>0x8001da4</value>
         <object_component_ref idref="oc-169"/>
      </symbol>
      <symbol id="sm-af6">
         <name>_register_lock</name>
         <value>0xc55c</value>
         <object_component_ref idref="oc-2cc"/>
      </symbol>
      <symbol id="sm-af7">
         <name>_register_unlock</name>
         <value>0xc550</value>
         <object_component_ref idref="oc-2cc"/>
      </symbol>
      <symbol id="sm-bd1">
         <name>__TI_printfi</name>
         <value>0x3708</value>
         <object_component_ref idref="oc-313"/>
      </symbol>
      <symbol id="sm-be4">
         <name>atoi</name>
         <value>0xbd5c</value>
         <object_component_ref idref="oc-35d"/>
      </symbol>
      <symbol id="sm-bef">
         <name>_ctypes_</name>
         <value>0xcb08</value>
         <object_component_ref idref="oc-38b"/>
      </symbol>
      <symbol id="sm-c11">
         <name>__aeabi_cdcmpeq</name>
         <value>0xb824</value>
         <object_component_ref idref="oc-337"/>
      </symbol>
      <symbol id="sm-c12">
         <name>__aeabi_cdcmple</name>
         <value>0xb824</value>
         <object_component_ref idref="oc-337"/>
      </symbol>
      <symbol id="sm-c13">
         <name>__aeabi_cdrcmple</name>
         <value>0xb904</value>
         <object_component_ref idref="oc-33c"/>
      </symbol>
      <symbol id="sm-c1d">
         <name>__aeabi_d2iz</name>
         <value>0xc130</value>
         <object_component_ref idref="oc-341"/>
      </symbol>
      <symbol id="sm-c27">
         <name>__aeabi_i2d</name>
         <value>0xc428</value>
         <object_component_ref idref="oc-34c"/>
      </symbol>
      <symbol id="sm-c35">
         <name>ltoa</name>
         <value>0xbf68</value>
         <object_component_ref idref="oc-346"/>
      </symbol>
      <symbol id="sm-c44">
         <name>memccpy</name>
         <value>0xc4d0</value>
         <object_component_ref idref="oc-357"/>
      </symbol>
      <symbol id="sm-c60">
         <name>__aeabi_uldivmod</name>
         <value>0xa3c4</value>
         <object_component_ref idref="oc-332"/>
      </symbol>
      <symbol id="sm-c6a">
         <name>_Dclass</name>
         <value>0xc5c8</value>
         <object_component_ref idref="oc-351"/>
      </symbol>
      <symbol id="sm-c7c">
         <name>_Dtest</name>
         <value>0xbe64</value>
         <object_component_ref idref="oc-382"/>
      </symbol>
      <symbol id="sm-c89">
         <name>__aeabi_idivmod</name>
         <value>0xc298</value>
         <object_component_ref idref="oc-37a"/>
      </symbol>
      <symbol id="sm-c8a">
         <name>__TI_static_base__</name>
         <value>0x0</value>
      </symbol>
      <symbol id="sm-c8b">
         <name>SHT$$INIT_ARRAY$$Limit</name>
         <value>0x0</value>
      </symbol>
      <symbol id="sm-c8c">
         <name>SHT$$INIT_ARRAY$$Base</name>
         <value>0x0</value>
      </symbol>
   </symbol_table>
   <title>Link successful</title>
</link_info>
